Archive member included because of file (symbol)

/home/sbcu/Dropbox/pcb-layouts/axo-on-discovery-board/axoloti/platform_linux/bin/../lib/gcc/arm-none-eabi/4.9.3/../../../../arm-none-eabi/lib/armv7e-m/fpu/libm.a(lib_a-sf_cos.o)
                              build/obj/axoloti_math.o (cosf)
/home/sbcu/Dropbox/pcb-layouts/axo-on-discovery-board/axoloti/platform_linux/bin/../lib/gcc/arm-none-eabi/4.9.3/../../../../arm-none-eabi/lib/armv7e-m/fpu/libm.a(lib_a-sf_sin.o)
                              build/obj/axoloti_math.o (sinf)
/home/sbcu/Dropbox/pcb-layouts/axo-on-discovery-board/axoloti/platform_linux/bin/../lib/gcc/arm-none-eabi/4.9.3/../../../../arm-none-eabi/lib/armv7e-m/fpu/libm.a(lib_a-w_log.o)
                              build/obj/axoloti_math.o (log)
/home/sbcu/Dropbox/pcb-layouts/axo-on-discovery-board/axoloti/platform_linux/bin/../lib/gcc/arm-none-eabi/4.9.3/../../../../arm-none-eabi/lib/armv7e-m/fpu/libm.a(lib_a-w_pow.o)
                              build/obj/axoloti_math.o (pow)
/home/sbcu/Dropbox/pcb-layouts/axo-on-discovery-board/axoloti/platform_linux/bin/../lib/gcc/arm-none-eabi/4.9.3/../../../../arm-none-eabi/lib/armv7e-m/fpu/libm.a(lib_a-wf_pow.o)
                              build/obj/axoloti_math.o (powf)
/home/sbcu/Dropbox/pcb-layouts/axo-on-discovery-board/axoloti/platform_linux/bin/../lib/gcc/arm-none-eabi/4.9.3/../../../../arm-none-eabi/lib/armv7e-m/fpu/libm.a(lib_a-e_log.o)
                              /home/sbcu/Dropbox/pcb-layouts/axo-on-discovery-board/axoloti/platform_linux/bin/../lib/gcc/arm-none-eabi/4.9.3/../../../../arm-none-eabi/lib/armv7e-m/fpu/libm.a(lib_a-w_log.o) (__ieee754_log)
/home/sbcu/Dropbox/pcb-layouts/axo-on-discovery-board/axoloti/platform_linux/bin/../lib/gcc/arm-none-eabi/4.9.3/../../../../arm-none-eabi/lib/armv7e-m/fpu/libm.a(lib_a-e_pow.o)
                              /home/sbcu/Dropbox/pcb-layouts/axo-on-discovery-board/axoloti/platform_linux/bin/../lib/gcc/arm-none-eabi/4.9.3/../../../../arm-none-eabi/lib/armv7e-m/fpu/libm.a(lib_a-w_pow.o) (__ieee754_pow)
/home/sbcu/Dropbox/pcb-layouts/axo-on-discovery-board/axoloti/platform_linux/bin/../lib/gcc/arm-none-eabi/4.9.3/../../../../arm-none-eabi/lib/armv7e-m/fpu/libm.a(lib_a-e_sqrt.o)
                              /home/sbcu/Dropbox/pcb-layouts/axo-on-discovery-board/axoloti/platform_linux/bin/../lib/gcc/arm-none-eabi/4.9.3/../../../../arm-none-eabi/lib/armv7e-m/fpu/libm.a(lib_a-e_pow.o) (__ieee754_sqrt)
/home/sbcu/Dropbox/pcb-layouts/axo-on-discovery-board/axoloti/platform_linux/bin/../lib/gcc/arm-none-eabi/4.9.3/../../../../arm-none-eabi/lib/armv7e-m/fpu/libm.a(lib_a-ef_pow.o)
                              /home/sbcu/Dropbox/pcb-layouts/axo-on-discovery-board/axoloti/platform_linux/bin/../lib/gcc/arm-none-eabi/4.9.3/../../../../arm-none-eabi/lib/armv7e-m/fpu/libm.a(lib_a-wf_pow.o) (__ieee754_powf)
/home/sbcu/Dropbox/pcb-layouts/axo-on-discovery-board/axoloti/platform_linux/bin/../lib/gcc/arm-none-eabi/4.9.3/../../../../arm-none-eabi/lib/armv7e-m/fpu/libm.a(lib_a-ef_rem_pio2.o)
                              /home/sbcu/Dropbox/pcb-layouts/axo-on-discovery-board/axoloti/platform_linux/bin/../lib/gcc/arm-none-eabi/4.9.3/../../../../arm-none-eabi/lib/armv7e-m/fpu/libm.a(lib_a-sf_cos.o) (__ieee754_rem_pio2f)
/home/sbcu/Dropbox/pcb-layouts/axo-on-discovery-board/axoloti/platform_linux/bin/../lib/gcc/arm-none-eabi/4.9.3/../../../../arm-none-eabi/lib/armv7e-m/fpu/libm.a(lib_a-ef_sqrt.o)
                              /home/sbcu/Dropbox/pcb-layouts/axo-on-discovery-board/axoloti/platform_linux/bin/../lib/gcc/arm-none-eabi/4.9.3/../../../../arm-none-eabi/lib/armv7e-m/fpu/libm.a(lib_a-ef_pow.o) (__ieee754_sqrtf)
/home/sbcu/Dropbox/pcb-layouts/axo-on-discovery-board/axoloti/platform_linux/bin/../lib/gcc/arm-none-eabi/4.9.3/../../../../arm-none-eabi/lib/armv7e-m/fpu/libm.a(lib_a-kf_cos.o)
                              /home/sbcu/Dropbox/pcb-layouts/axo-on-discovery-board/axoloti/platform_linux/bin/../lib/gcc/arm-none-eabi/4.9.3/../../../../arm-none-eabi/lib/armv7e-m/fpu/libm.a(lib_a-sf_cos.o) (__kernel_cosf)
/home/sbcu/Dropbox/pcb-layouts/axo-on-discovery-board/axoloti/platform_linux/bin/../lib/gcc/arm-none-eabi/4.9.3/../../../../arm-none-eabi/lib/armv7e-m/fpu/libm.a(lib_a-kf_rem_pio2.o)
                              /home/sbcu/Dropbox/pcb-layouts/axo-on-discovery-board/axoloti/platform_linux/bin/../lib/gcc/arm-none-eabi/4.9.3/../../../../arm-none-eabi/lib/armv7e-m/fpu/libm.a(lib_a-ef_rem_pio2.o) (__kernel_rem_pio2f)
/home/sbcu/Dropbox/pcb-layouts/axo-on-discovery-board/axoloti/platform_linux/bin/../lib/gcc/arm-none-eabi/4.9.3/../../../../arm-none-eabi/lib/armv7e-m/fpu/libm.a(lib_a-kf_sin.o)
                              /home/sbcu/Dropbox/pcb-layouts/axo-on-discovery-board/axoloti/platform_linux/bin/../lib/gcc/arm-none-eabi/4.9.3/../../../../arm-none-eabi/lib/armv7e-m/fpu/libm.a(lib_a-sf_cos.o) (__kernel_sinf)
[...]
Memory Configuration

Name             Origin             Length             Attributes
flash            0x08000000         0x000e0000         xr
ram              0x20000200         0x0000ae00
SRAM2            0x2001e000         0x00002000
CCMRAMEND        0x1000c000         0x00002800
sdram            0xc0000000         0x00400000
*default*        0x00000000         0xffffffff

Linker script and memory map

LOAD build/obj/arm_bitreversal2.o
LOAD build/obj/crt0.o
LOAD build/obj/vectors.o
LOAD build/obj/chcore.o
LOAD build/obj/chcore_v7m.o
LOAD build/obj/nvic.o
LOAD build/obj/chsys.o
LOAD build/obj/chdebug.o
LOAD build/obj/chlists.o
LOAD build/obj/chvt.o
LOAD build/obj/chschd.o
LOAD build/obj/chthreads.o
LOAD build/obj/chdynamic.o
LOAD build/obj/chregistry.o
LOAD build/obj/chsem.o
LOAD build/obj/chmtx.o
LOAD build/obj/chcond.o
LOAD build/obj/chevents.o
LOAD build/obj/chmsg.o
LOAD build/obj/chmboxes.o
LOAD build/obj/chqueues.o
LOAD build/obj/chmemcore.o
LOAD build/obj/chheap.o
LOAD build/obj/chmempools.o
LOAD build/obj/hal.o
LOAD build/obj/adc.o
LOAD build/obj/can.o
LOAD build/obj/ext.o
LOAD build/obj/gpt.o
LOAD build/obj/i2c.o
LOAD build/obj/icu.o
LOAD build/obj/mac.o
LOAD build/obj/mmc_spi.o
LOAD build/obj/mmcsd.o
LOAD build/obj/pal.o
LOAD build/obj/pwm.o
LOAD build/obj/rtc.o
LOAD build/obj/sdc.o
LOAD build/obj/serial.o
LOAD build/obj/serial_usb.o
LOAD build/obj/spi.o
LOAD build/obj/tm.o
LOAD build/obj/uart.o
LOAD build/obj/usb.o
LOAD build/obj/stm32_dma.o
LOAD build/obj/hal_lld.o
LOAD build/obj/adc_lld.o
LOAD build/obj/ext_lld_isr.o
LOAD build/obj/can_lld.o
LOAD build/obj/ext_lld.o
LOAD build/obj/mac_lld.o
LOAD build/obj/sdc_lld.o
LOAD build/obj/pal_lld.o
LOAD build/obj/i2c_lld.o
LOAD build/obj/usb_lld.o
LOAD build/obj/rtc_lld.o
LOAD build/obj/spi_lld.o
LOAD build/obj/gpt_lld.o
LOAD build/obj/icu_lld.o
LOAD build/obj/pwm_lld.o
LOAD build/obj/serial_lld.o
LOAD build/obj/uart_lld.o
LOAD build/obj/board.o
LOAD build/obj/fatfs_diskio.o
LOAD build/obj/fatfs_syscall.o
LOAD build/obj/ff.o
LOAD build/obj/ccsbcs.o
LOAD build/obj/chprintf.o
LOAD build/obj/memstreams.o
LOAD build/obj/axoloti_control.o
LOAD build/obj/codec.o
LOAD build/obj/axoloti.o
LOAD build/obj/axoloti_filters.o
LOAD build/obj/axoloti_math.o
LOAD build/obj/axoloti_oscs.o
LOAD build/obj/axoloti_board.o
LOAD build/obj/midi.o
LOAD build/obj/ui.o
LOAD build/obj/glcdfont.o
LOAD build/obj/usbcfg.o
LOAD build/obj/sdcard.o
LOAD build/obj/pconnection.o
LOAD build/obj/parameters.o
LOAD build/obj/main.o
LOAD build/obj/patch.o
LOAD build/obj/flash.o
LOAD build/obj/virtual_control.o
LOAD build/obj/eeprom.o
LOAD build/obj/arm_bitreversal.o
LOAD build/obj/arm_cfft_f32.o
LOAD build/obj/arm_cfft_q15.o
LOAD build/obj/arm_cfft_q31.o
LOAD build/obj/arm_cfft_radix2_f32.o
LOAD build/obj/arm_cfft_radix2_init_f32.o
LOAD build/obj/arm_cfft_radix2_init_q15.o
LOAD build/obj/arm_cfft_radix2_init_q31.o
LOAD build/obj/arm_cfft_radix2_q15.o
LOAD build/obj/arm_cfft_radix2_q31.o
LOAD build/obj/arm_cfft_radix4_f32.o
LOAD build/obj/arm_cfft_radix4_init_f32.o
LOAD build/obj/arm_cfft_radix4_init_q15.o
LOAD build/obj/arm_cfft_radix4_init_q31.o
LOAD build/obj/arm_cfft_radix4_q15.o
LOAD build/obj/arm_cfft_radix4_q31.o
LOAD build/obj/arm_cfft_radix8_f32.o
LOAD build/obj/arm_rfft_f32.o
LOAD build/obj/arm_rfft_fast_f32.o
LOAD build/obj/arm_rfft_fast_init_f32.o
LOAD build/obj/arm_rfft_init_f32.o
LOAD build/obj/arm_rfft_init_q15.o
LOAD build/obj/arm_rfft_init_q31.o
LOAD build/obj/arm_rfft_q15.o
LOAD build/obj/arm_rfft_q31.o
LOAD build/obj/arm_mult_q31.o
LOAD build/obj/arm_mult_q15.o
LOAD build/obj/arm_mult_f32.o
LOAD build/obj/arm_shift_q31.o
LOAD build/obj/arm_shift_q15.o
LOAD build/obj/arm_scale_f32.o
LOAD build/obj/arm_cmplx_mult_cmplx_q31.o
LOAD build/obj/arm_cmplx_mult_cmplx_f32.o
LOAD build/obj/arm_cmplx_mag_q31.o
LOAD build/obj/arm_cmplx_mult_cmplx_q15.o
LOAD build/obj/arm_cmplx_mag_q15.o
LOAD build/obj/arm_cos_q31.o
LOAD build/obj/arm_sin_q31.o
LOAD build/obj/arm_sqrt_q31.o
LOAD build/obj/arm_sqrt_q15.o
LOAD build/obj/arm_fir_init_q31.o
LOAD build/obj/arm_fir_fast_q31.o
LOAD build/obj/arm_biquad_cascade_df1_32x64_init_q31.o
LOAD build/obj/arm_biquad_cascade_df1_32x64_q31.o
LOAD build/obj/arm_biquad_cascade_df1_fast_q31.o
LOAD build/obj/arm_biquad_cascade_df1_init_q31.o
LOAD build/obj/arm_biquad_cascade_df1_q31.o
LOAD build/obj/arm_fir_interpolate_init_q31.o
LOAD build/obj/arm_fir_interpolate_q31.o
LOAD build/obj/arm_fir_decimate_init_q31.o
LOAD build/obj/arm_fir_decimate_q31.o
LOAD build/obj/arm_fir_decimate_fast_q31.o
LOAD build/obj/arm_fir_lattice_init_q31.o
LOAD build/obj/arm_fir_lattice_q31.o
LOAD build/obj/arm_iir_lattice_init_q31.o
LOAD build/obj/arm_iir_lattice_q31.o
LOAD build/obj/arm_common_tables.o
LOAD build/obj/arm_const_structs.o
LOAD build/obj/usbh_core.o
LOAD build/obj/usbh_ctlreq.o
LOAD build/obj/usbh_ioreq.o
LOAD build/obj/usbh_pipes.o
LOAD build/obj/usbh_hid.o
LOAD build/obj/usbh_hid_keybd.o
LOAD build/obj/usbh_hid_mouse.o
LOAD build/obj/usbh_hid_parser.o
LOAD build/obj/stm32f4xx_ll_usb.o
LOAD build/obj/stm32f4xx_hal_gpio.o
LOAD build/obj/stm32f4xx_hal_cortex.o
LOAD build/obj/stm32f4xx_hal_hcd.o
LOAD build/obj/usbh_midi_core.o
LOAD build/obj/usbh_vendor.o
LOAD build/obj/usbh_conf.o
LOAD build/obj/serial_midi.o
LOAD build/obj/bulk_usb.o
LOAD build/obj/midi_usb.o
LOAD build/obj/crc32.o
LOAD build/obj/exceptions.o
LOAD build/obj/watchdog.o
LOAD build/obj/sysmon.o
LOAD build/obj/axoloti_memory.o
LOAD build/obj/units.o
LOAD build/obj/atan.o
LOAD build/obj/random.o
LOAD build/obj/mutable_resources.o
LOAD build/obj/braids_resources.o
LOAD build/obj/analog_oscillator.o
LOAD build/obj/digital_oscillator.o
LOAD build/obj/macro_oscillator.o
LOAD build/obj/axoloti_mi.o
LOAD build/obj/multistage_envelope.o
LOAD build/obj/ominous_voice.o
LOAD build/obj/resonator.o
LOAD build/obj/string.o
LOAD build/obj/tube.o
LOAD build/obj/exciter.o
LOAD build/obj/elements_resources.o
LOAD build/obj/part.o
LOAD build/obj/voice.o
LOAD build/obj/clouds_resources.o
LOAD build/obj/correlator.o
LOAD build/obj/mu_law.o
LOAD build/obj/granular_processor.o
LOAD build/obj/frame_transformation.o
LOAD build/obj/phase_vocoder.o
LOAD build/obj/stft.o
LOAD build/obj/rings_resources.o
LOAD build/obj/streams_resources.o
LOAD build/obj/compressor.o
LOAD build/obj/envelope.o
LOAD build/obj/follower.o
LOAD build/obj/lorenz_generator.o
LOAD build/obj/processor.o
LOAD build/obj/svf.o
LOAD build/obj/vactrol.o
                0x00000400                __main_stack_size__ = 0x400
                0x00000400                __process_stack_size__ = 0x400
                0x20000200                __ram_start__ = ORIGIN (ram)
                0x0000ae00                __ram_size__ = 0xae00
                0x2000b000                __ram_end__ = (__ram_start__ + __ram_size__)
                0xc0000000                __sdram_start__ = ORIGIN (sdram)
                0x00400000                __sdram_size__ = 0x400000
                0xc0400000                __sdram_end__ = (__sdram_start__ + __sdram_size__)
                0x00000000                . = 0x0
                0x00000000                _text = .

startup         0x08000000      0x1ac
 *(vectors)
 vectors        0x08000000      0x1ac build/obj/vectors.o
                0x08000000                _vectors

constructors    0x080001ac        0x0
                0x080001ac                PROVIDE (__init_array_start, .)
 *(SORT(.init_array.*))
 *(.init_array)
                0x080001ac                PROVIDE (__init_array_end, .)

destructors     0x080001ac        0x0
                0x080001ac                PROVIDE (__fini_array_start, .)
 *(.fini_array)
 *(SORT(.fini_array.*))
                0x080001ac                PROVIDE (__fini_array_end, .)

.text           0x080001b0    0xb59f4
 *(.text.startup.*)
 *(.text)
 .text          0x080001b0       0xc0 build/obj/arm_bitreversal2.o
                0x080001b0                arm_bitreversal_32
                0x0800021a                arm_bitreversal_16
 .text          0x08000270      0x150 build/obj/crt0.o
                0x08000290                _default_exit
                0x080002a0                ResetHandler
 .text          0x080003c0        0x4 build/obj/vectors.o
                0x080003c0                Vector58
                0x080003c0                VectorE8
                0x080003c0                Vector9C
                0x080003c0                Vector1A0
                0x080003c0                Vector5C
                0x080003c0                NMIVector
                0x080003c0                Vector11C
                0x080003c0                Vector19C
                0x080003c0                Vector8C
                0x080003c0                VectorDC
                0x080003c0                Vector110
                0x080003c0                Vector94
                0x080003c0                VectorA8
                0x080003c0                Vector160
                0x080003c0                VectorEC
                0x080003c0                DebugMonitorVector
                0x080003c0                Vector190
                0x080003c0                Vector148
                0x080003c0                Vector188
                0x080003c0                PendSVVector
                0x080003c0                Vector198
                0x080003c0                Vector118
                0x080003c0                Vector64
                0x080003c0                VectorCC
                0x080003c0                Vector54
                0x080003c0                Vector98
                0x080003c0                Vector138
                0x080003c0                Vector24
                0x080003c0                Vector178
                0x080003c0                Vector1A4
                0x080003c0                VectorD0
                0x080003c0                Vector140
                0x080003c0                VectorE4
                0x080003c0                Vector134
                0x080003c0                Vector13C
                0x080003c0                Vector100
                0x080003c0                VectorE0
                0x080003c0                VectorF4
                0x080003c0                VectorA0
                0x080003c0                Vector180
                0x080003c0                VectorB0
                0x080003c0                Vector90
                0x080003c0                Vector114
                0x080003c0                Vector164
                0x080003c0                Vector60
                0x080003c0                Vector1C
                0x080003c0                Vector17C
                0x080003c0                Vector48
                0x080003c0                Vector1A8
                0x080003c0                Vector4C
                0x080003c0                Vector144
                0x080003c0                Vector15C
                0x080003c0                Vector68
                0x080003c0                _unhandled_exception
                0x080003c0                Vector170
                0x080003c0                Vector184
                0x080003c0                Vector10C
                0x080003c0                Vector50
                0x080003c0                Vector194
                0x080003c0                Vector44
                0x080003c0                Vector28
                0x080003c0                Vector34
                0x080003c0                Vector20
                0x080003c0                Vector18C
 *fill*         0x080003c4        0xc 
 .text          0x080003d0        0x4 build/obj/chcore.o
                0x080003d0                port_halt
 *fill*         0x080003d4        0xc 
 .text          0x080003e0      0x140 build/obj/chcore_v7m.o
                0x080003e0                _port_switch_from_isr
                0x080003f0                SVCallVector
                0x08000410                _port_init
                0x08000440                _port_irq_epilogue
                0x080004d0                SysTickVector
                0x080004f0                _port_switch
                0x08000510                _port_thread_start
 .text          0x08000520       0xbc build/obj/nvic.o
                0x08000520                nvicEnableVector
                0x08000570                nvicDisableVector
                0x080005b0                nvicSetSystemHandlerPriority
 *fill*         0x080005dc        0x4 
 .text          0x080005e0       0xd0 build/obj/chsys.o
                0x080005e0                _idle_thread
                0x08000600                chSysInit
                0x08000660                chSysTimerHandlerI
 .text          0x080006b0        0x0 build/obj/chdebug.o
 .text          0x080006b0        0x0 build/obj/chlists.o
 .text          0x080006b0       0x84 build/obj/chvt.o
                0x080006b0                _vt_init
                0x080006d0                chVTSetI
                0x08000710                chVTResetI
 *fill*         0x08000734        0xc 
 .text          0x08000740      0x244 build/obj/chschd.o
                0x080007a0                _scheduler_init
                0x080007c0                chSchReadyI
                0x080007f0                chSchGoSleepS
                0x08000820                chSchGoSleepTimeoutS
                0x08000870                chSchWakeupS
                0x080008d0                chSchDoRescheduleBehind
                0x08000910                chSchDoRescheduleAhead
                0x08000950                chSchRescheduleS
                0x08000970                chSchDoReschedule
 *fill*         0x08000984        0xc 
 .text          0x08000990      0x2d0 build/obj/chthreads.o
                0x08000990                _thread_init
                0x080009d0                _thread_memfill
                0x080009e0                chThdCreateI
                0x08000a50                chThdCreateStatic
                0x08000af0                chThdSetPriority
                0x08000b20                chThdResume
                0x08000b40                chThdTerminate
                0x08000b60                chThdSleep
                0x08000b80                chThdSleepUntil
                0x08000bb0                chThdYield
                0x08000be0                chThdExitS
                0x08000c20                chThdExit
                0x08000c30                chThdWait
 .text          0x08000c60        0x0 build/obj/chdynamic.o
 .text          0x08000c60       0x3c build/obj/chregistry.o
                0x08000c60                chRegFirstThread
                0x08000c80                chRegNextThread
 *fill*         0x08000c9c        0x4 
 .text          0x08000ca0      0x24c build/obj/chsem.o
                0x08000ca0                chSemInit
                0x08000cb0                chSemResetI
                0x08000ce0                chSemReset
                0x08000d00                chSemWait
                0x08000d50                chSemWaitS
                0x08000d90                chSemWaitTimeoutS
                0x08000dd0                chSemWaitTimeout
                0x08000df0                chSemSignal
                0x08000e30                chSemSignalI
                0x08000e50                chSemAddCounterI
                0x08000e80                chSemSignalWait
 *fill*         0x08000eec        0x4 
 .text          0x08000ef0      0x234 build/obj/chmtx.o
                0x08000ef0                chMtxInit
                0x08000f00                chMtxLockS
                0x08000fa0                chMtxLock
                0x08000fc0                chMtxTryLock
                0x08000ff0                chMtxTryLockS
                0x08001010                chMtxUnlock
                0x08001080                chMtxUnlockS
                0x080010d0                chMtxUnlockAll
 *fill*         0x08001124        0xc 
 .text          0x08001130        0x0 build/obj/chcond.o
 .text          0x08001130      0x370 build/obj/chevents.o
                0x08001130                chEvtRegisterMask
                0x08001160                chEvtUnregister
                0x08001190                chEvtGetAndClearEvents
                0x080011b0                chEvtAddEvents
                0x080011d0                chEvtGetAndClearFlags
                0x080011f0                chEvtSignalI
                0x08001220                chEvtBroadcastFlagsI
                0x08001240                chEvtSignal
                0x08001260                chEvtBroadcastFlags
                0x08001280                chEvtGetAndClearFlagsI
                0x08001290                chEvtDispatch
                0x080012d0                chEvtWaitOne
                0x08001310                chEvtWaitAny
                0x08001350                chEvtWaitAll
                0x08001390                chEvtWaitOneTimeout
                0x080013f0                chEvtWaitAnyTimeout
                0x08001450                chEvtWaitAllTimeout
 .text          0x080014a0       0x94 build/obj/chmsg.o
                0x080014a0                chMsgSend
                0x080014e0                chMsgWait
                0x08001520                chMsgRelease
 *fill*         0x08001534        0xc 
 .text          0x08001540        0x0 build/obj/chmboxes.o
 .text          0x08001540      0x314 build/obj/chqueues.o
                0x08001570                chIQInit
                0x08001590                chIQResetI
                0x080015c0                chIQPutI
                0x08001610                chIQGetTimeout
                0x08001660                chIQReadTimeout
                0x080016d0                chOQInit
                0x080016f0                chOQResetI
                0x08001720                chOQPutTimeout
                0x08001780                chOQGetI
                0x080017d0                chOQWriteTimeout
 *fill*         0x08001854        0xc 
 .text          0x08001860       0xa0 build/obj/chmemcore.o
                0x08001860                _core_init
                0x08001880                chCoreAlloc
                0x080018c0                chCoreAllocI
                0x080018f0                chCoreStatus
 .text          0x08001900      0x190 build/obj/chheap.o
                0x08001900                _heap_init
                0x08001920                chHeapInit
                0x08001940                chHeapAlloc
                0x080019c0                chHeapFree
                0x08001a50                chHeapStatus
 .text          0x08001a90        0x0 build/obj/chmempools.o
 .text          0x08001a90       0x98 build/obj/hal.o
                0x08001a90                halInit
                0x08001ad0                halIsCounterWithin
                0x08001b00                halPolledDelay
 *fill*         0x08001b28        0x8 
 .text          0x08001b30      0x174 build/obj/adc.o
                0x08001b30                adcInit
                0x08001b40                adcObjectInit
                0x08001b60                adcStart
                0x08001b80                adcStop
                0x08001ba0                adcStartConversion
                0x08001bc0                adcStartConversionI
                0x08001be0                adcStopConversion
                0x08001c20                adcStopConversionI
                0x08001c50                adcConvert
                0x08001c90                adcAcquireBus
                0x08001ca0                adcReleaseBus
 *fill*         0x08001ca4        0xc 
 .text          0x08001cb0        0x0 build/obj/can.o
 .text          0x08001cb0        0x0 build/obj/ext.o
 .text          0x08001cb0        0x0 build/obj/gpt.o
 .text          0x08001cb0      0x114 build/obj/i2c.o
                0x08001cb0                i2cInit
                0x08001cc0                i2cObjectInit
                0x08001cd0                i2cStart
                0x08001cf0                i2cStop
                0x08001d10                i2cGetErrors
                0x08001d20                i2cMasterTransmitTimeout
                0x08001d70                i2cMasterReceiveTimeout
                0x08001db0                i2cAcquireBus
                0x08001dc0                i2cReleaseBus
 *fill*         0x08001dc4        0xc 
 .text          0x08001dd0        0x0 build/obj/icu.o
 .text          0x08001dd0        0x0 build/obj/mac.o
 .text          0x08001dd0        0x0 build/obj/mmc_spi.o
 .text          0x08001dd0       0x44 build/obj/mmcsd.o
                0x08001dd0                mmcsdGetCapacity
 *fill*         0x08001e14        0xc 
 .text          0x08001e20       0x3c build/obj/pal.o
                0x08001e20                palReadBus
                0x08001e30                palWriteBus
                0x08001e50                palSetBusMode
 *fill*         0x08001e5c        0x4 
 .text          0x08001e60       0xb4 build/obj/pwm.o
                0x08001e60                pwmInit
                0x08001e70                pwmObjectInit
                0x08001e80                pwmStart
                0x08001ea0                pwmStop
                0x08001ec0                pwmChangePeriod
                0x08001ee0                pwmEnableChannel
                0x08001f00                pwmDisableChannel
 *fill*         0x08001f14        0xc 
 .text          0x08001f20        0x0 build/obj/rtc.o
 .text          0x08001f20      0x3f8 build/obj/sdc.o
                0x08001f20                sdcGetInfo
                0x08001f40                sdcConnect
                0x08002100                sdcRead
                0x08002130                sdcWrite
                0x08002160                sdcSync
                0x08002180                _sdc_wait_for_transfer_state
                0x080021c0                sdcDisconnect
                0x08002200                sdcInit
                0x08002210                sdcObjectInit
                0x08002230                sdcStart
                0x08002250                sdcStop
                0x08002270                sdcGetAndClearErrors
                0x08002290                sdcErase
 *fill*         0x08002318        0x8 
 .text          0x08002320      0x180 build/obj/serial.o
                0x080023a0                sdInit
                0x080023b0                sdObjectInit
                0x080023f0                sdStart
                0x08002410                sdStop
                0x08002440                sdIncomingDataI
                0x08002480                sdRequestDataI
 .text          0x080024a0        0x0 build/obj/serial_usb.o
 .text          0x080024a0      0x1f4 build/obj/spi.o
                0x080024a0                spiInit
                0x080024b0                spiObjectInit
                0x080024c0                spiStart
                0x080024e0                spiStop
                0x08002500                spiSelect
                0x08002520                spiUnselect
                0x08002540                spiStartIgnore
                0x08002560                spiStartExchange
                0x08002580                spiStartSend
                0x080025a0                spiStartReceive
                0x080025c0                spiIgnore
                0x080025f0                spiExchange
                0x08002620                spiSend
                0x08002650                spiReceive
                0x08002680                spiAcquireBus
                0x08002690                spiReleaseBus
 *fill*         0x08002694        0xc 
 .text          0x080026a0        0x0 build/obj/tm.o
 .text          0x080026a0        0x0 build/obj/uart.o
 .text          0x080026a0      0x6ec build/obj/usb.o
                0x080026a0                usbInit
                0x080026b0                usbObjectInit
                0x080026d0                usbStart
                0x08002700                usbStop
                0x08002720                usbInitEndpointI
                0x08002760                usbDisableEndpointsI
                0x08002790                usbPrepareReceive
                0x080027b0                usbPrepareTransmit
                0x080027d0                usbPrepareQueuedReceive
                0x080027f0                usbPrepareQueuedTransmit
                0x08002810                usbStartReceiveI
                0x08002840                usbStartTransmitI
                0x08002870                usbStallReceiveI
                0x08002890                usbStallTransmitI
                0x080028b0                _usb_reset
                0x080028e0                _usb_ep0setup
                0x08002c40                _usb_ep0in
                0x08002d10                _usb_ep0out
 *fill*         0x08002d8c        0x4 
 .text          0x08002d90      0x428 build/obj/stm32_dma.o
                0x08002d90                Vector6C
                0x08002dc0                Vector70
                0x08002df0                Vector74
                0x08002e20                Vector78
                0x08002e50                Vector7C
                0x08002e80                Vector80
                0x08002eb0                Vector84
                0x08002ee0                VectorFC
                0x08002f10                Vector120
                0x08002f40                Vector124
                0x08002f70                Vector128
                0x08002fa0                Vector12C
                0x08002fd0                Vector130
                0x08003000                Vector150
                0x08003030                Vector154
                0x08003060                Vector158
                0x08003090                dmaInit
                0x080030e0                dmaStreamAllocate
                0x08003170                dmaStreamRelease
 *fill*         0x080031b8        0x8 
 .text          0x080031c0      0x184 build/obj/hal_lld.o
                0x080031c0                hal_lld_init
                0x08003260                stm32_clock_init
 *fill*         0x08003344        0xc 
 .text          0x08003350      0x360 build/obj/adc_lld.o
                0x08003350                adc_lld_init
                0x08003390                adc_lld_start
                0x08003400                adc_lld_stop
                0x08003440                adc_lld_start_conversion
                0x080034e0                adc_lld_stop_conversion
                0x08003510                Vector88
                0x08003670                adcSTM32EnableTSVREFE
                0x08003680                adcSTM32DisableTSVREFE
                0x08003690                adcSTM32EnableVBATE
                0x080036a0                adcSTM32DisableVBATE
 .text          0x080036b0        0x0 build/obj/ext_lld_isr.o
 .text          0x080036b0        0x0 build/obj/can_lld.o
 .text          0x080036b0        0x0 build/obj/ext_lld.o
 .text          0x080036b0        0x0 build/obj/mac_lld.o
 .text          0x080036b0      0x534 build/obj/sdc_lld.o
                0x080036f0                Vector104
                0x08003720                sdc_lld_init
                0x08003740                sdc_lld_start
                0x080037a0                sdc_lld_stop
                0x080037e0                sdc_lld_start_clk
                0x08003800                sdc_lld_set_data_clk
                0x08003810                sdc_lld_stop_clk
                0x08003820                sdc_lld_set_bus_mode
                0x08003850                sdc_lld_send_cmd_none
                0x08003870                sdc_lld_send_cmd_short
                0x080038b0                sdc_lld_send_cmd_short_crc
                0x08003a00                sdc_lld_send_cmd_long_crc
                0x08003a50                sdc_lld_read_aligned
                0x08003b00                sdc_lld_write_aligned
                0x08003bc0                sdc_lld_read
                0x08003bd0                sdc_lld_write
                0x08003be0                sdc_lld_sync
 *fill*         0x08003be4        0xc 
 .text          0x08003bf0      0x27c build/obj/pal_lld.o
                0x08003bf0                _pal_lld_init
                0x08003dc0                _pal_lld_setgroupmode
 *fill*         0x08003e6c        0x4 
 .text          0x08003e70      0x85c build/obj/i2c_lld.o
                0x080041a0                VectorBC
                0x080041c0                VectorC0
                0x080041f0                VectorC4
                0x08004210                VectorC8
                0x08004240                i2c_lld_init
                0x08004290                i2c_lld_start
                0x08004480                i2c_lld_stop
                0x080044f0                i2c_lld_master_receive_timeout
                0x080045d0                i2c_lld_master_transmit_timeout
 *fill*         0x080046cc        0x4 
 .text          0x080046d0      0xbf4 build/obj/usb_lld.o
                0x08004aa0                usb_lld_init
                0x08004af0                usb_lld_start
                0x08004bd0                usb_lld_stop
                0x08004c20                usb_lld_reset
                0x08004cf0                usb_lld_set_address
                0x08004d10                usb_lld_init_endpoint
                0x08004e70                usb_lld_disable_endpoints
                0x08004e80                usb_lld_get_status_out
                0x08004ea0                usb_lld_get_status_in
                0x08004ec0                usb_lld_read_setup
                0x08004ee0                usb_lld_prepare_receive
                0x08004fe0                usb_lld_prepare_transmit
                0x08005100                Vector14C
                0x08005200                usb_lld_start_out
                0x08005220                usb_lld_start_in
                0x08005250                usb_lld_stall_out
                0x08005270                usb_lld_stall_in
                0x08005290                usb_lld_clear_out
                0x080052b0                usb_lld_clear_in
 *fill*         0x080052c4        0xc 
 .text          0x080052d0        0x0 build/obj/rtc_lld.o
 .text          0x080052d0      0x3d0 build/obj/spi_lld.o
                0x08005360                spi_lld_init
                0x08005400                spi_lld_start
                0x08005500                spi_lld_stop
                0x08005570                spi_lld_select
                0x08005580                spi_lld_unselect
                0x08005590                spi_lld_ignore
                0x080055d0                spi_lld_exchange
                0x08005610                spi_lld_send
                0x08005650                spi_lld_receive
                0x08005690                spi_lld_polled_exchange
 .text          0x080056a0        0x0 build/obj/gpt_lld.o
 .text          0x080056a0        0x0 build/obj/icu_lld.o
 .text          0x080056a0      0x50c build/obj/pwm_lld.o
                0x08005700                VectorA4
                0x08005730                VectorAC
                0x08005790                VectorB4
                0x080057b0                VectorB8
                0x080057d0                Vector108
                0x080057f0                VectorF0
                0x08005820                VectorF8
                0x08005880                pwm_lld_init
                0x080058f0                pwm_lld_start
                0x08005aa0                pwm_lld_stop
                0x08005b60                pwm_lld_enable_channel
                0x08005b90                pwm_lld_disable_channel
 *fill*         0x08005bac        0x4 
 .text          0x08005bb0      0x2ec build/obj/serial_lld.o
                0x08005d10                VectorD4
                0x08005d30                VectorD8
                0x08005d50                sd_lld_init
                0x08005d90                sd_lld_start
                0x08005e50                sd_lld_stop
 *fill*         0x08005e9c        0x4 
 .text          0x08005ea0        0x0 build/obj/uart_lld.o
 .text          0x08005ea0       0x84 build/obj/board.o
                0x08005ea0                __early_init
                0x08005eb0                __late_init
                0x08005ec0                sdc_lld_is_card_inserted
                0x08005ed0                sdc_lld_is_write_protected
                0x08005ee0                boardInit
                0x08005ef0                _getpid
                0x08005f00                _kill
                0x08005f10                _write
                0x08005f20                _exit
 *fill*         0x08005f24        0xc 
 .text          0x08005f30      0x108 build/obj/fatfs_diskio.o
                0x08005f30                disk_initialize
                0x08005f60                disk_status
                0x08005f90                disk_read
                0x08005fc0                disk_write
                0x08005ff0                disk_ioctl
                0x08006030                get_fattime
 *fill*         0x08006038        0x8 
 .text          0x08006040       0x54 build/obj/fatfs_syscall.o
                0x08006040                ff_cre_syncobj
                0x08006060                ff_del_syncobj
                0x08006070                ff_req_grant
                0x08006090                ff_rel_grant
 *fill*         0x08006094        0xc 
 .text          0x080060a0     0x2d64 build/obj/ff.o
                0x08007020                clust2sect
                0x08007040                get_fat
                0x08007060                put_fat
                0x08007080                gen_numname
                0x08007350                f_mount
                0x08007390                f_open
                0x08007510                f_read
                0x08007770                f_write
                0x08007a30                f_sync
                0x08007ab0                f_close
                0x08007ac0                f_chdrive
                0x08007ae0                f_chdir
                0x08007b70                f_getcwd
                0x08007cf0                f_lseek
                0x08007fe0                f_opendir
                0x08008070                f_readdir
                0x080080f0                f_stat
                0x08008160                f_getfree
                0x08008290                f_truncate
                0x080083b0                f_unlink
                0x080084b0                f_mkdir
                0x080086a0                f_chmod
                0x08008730                f_utime
                0x080087b0                f_rename
                0x08008940                f_mkfs
 *fill*         0x08008e04        0xc 
 .text          0x08008e10       0x80 build/obj/ccsbcs.o
                0x08008e10                ff_convert
                0x08008e60                ff_wtoupper
 .text          0x08008e90      0x408 build/obj/chprintf.o
                0x08008ee0                chvprintf
                0x08009260                chsnprintf
 *fill*         0x08009298        0x8 
 .text          0x080092a0       0xbc build/obj/memstreams.o
                0x08009340                msObjectInit
 *fill*         0x0800935c        0x4 
 .text          0x08009360      0x910 build/obj/axoloti_control.o
                0x08009360                do_axoloti_control
                0x08009480                axoloti_control_init
                0x08009550                LCD_updateBoundingBox
                0x08009560                LCD_drawPixel
                0x080095b0                LCD_setPixel
                0x080095e0                LCD_clearPixel
                0x08009620                LCD_getPixel
                0x08009650                LCD_clearDisplay
                0x08009670                LCD_drawChar
                0x080096c0                LCD_drawString
                0x08009730                LCD_drawNumber3D
                0x080097a0                LCD_drawNumber5D
                0x08009850                LCD_drawCharInv
                0x080098b0                LCD_drawStringInv
                0x08009930                LCD_drawNumber3DInv
                0x080099a0                LCD_drawNumber5DInv
                0x08009a50                LCD_drawStringN
                0x08009af0                LCD_drawStringInvN
                0x08009ba0                LCD_drawIBAR
                0x08009c20                LCD_drawIBARadd
 .text          0x08009c70      0x4bc build/obj/codec.o
                0x08009cd0                codecStop
                0x08009ce0                codec_clearbuffer
                0x08009d00                codec_WM8731_i2s_init_48k
                0x08009eb0                codec_WM8731_writeReg
                0x08009f10                codec_WM8731_hw_reset
                0x08009f30                codec_WM8731_pwrCtl
                0x08009f50                codec_WM8731_muteCtl
                0x08009f70                codec_WM8731_lineInVolCtl
                0x08009fa0                codec_WM8731_headphoneVolCtl
                0x08009fd0                codec_WM8731_activeCtl
                0x08009ff0                codec_WM8731_I2CStart
                0x0800a000                codec_WM8731_I2CStop
                0x0800a010                codec_WM8731_I2SStop
                0x0800a030                codec_WM8731_sendStandardCfg
                0x0800a080                codec_WM8731_hw_init
                0x0800a110                codec_init
 *fill*         0x0800a12c        0x4 
 .text          0x0800a130        0x4 build/obj/axoloti.o
                0x0800a130                axoloti_init
 *fill*         0x0800a134        0xc 
 .text          0x0800a140       0xec build/obj/axoloti_filters.o
                0x0800a140                init_filter_biquad_A
                0x0800a150                f_filter_biquad_A
 *fill*         0x0800a22c        0x4 
 .text          0x0800a230      0x2e8 build/obj/axoloti_math.o
                0x0800a230                axoloti_math_init
                0x0800a500                FastLog
 *fill*         0x0800a518        0x8 
 .text          0x0800a520        0x0 build/obj/axoloti_oscs.o
 .text          0x0800a520      0x108 build/obj/axoloti_board.o
                0x0800a520                axoloti_board_init
                0x0800a530                adc_configpads
                0x0800a5e0                adc_init
                0x0800a600                adc_convert
 *fill*         0x0800a628        0x8 
 .text          0x0800a630      0x15c build/obj/midi.o
                0x0800a630                MidiSend1
                0x0800a680                MidiSend2
                0x0800a6e0                MidiSend3
                0x0800a740                MidiSendSysEx
                0x0800a750                midi_init
                0x0800a760                MidiGetOutputBufferPending
                0x0800a780                MidiGetOutputBufferAvailable
 *fill*         0x0800a78c        0x4 
 .text          0x0800a790      0xa08 build/obj/ui.o
                0x0800a790                AxolotiControlUpdate
                0x0800a7a0                EnterMenuLoadFile
                0x0800a7e0                EnterMenuLoad
                0x0800a910                EnterMenuFormat
                0x0800a970                SetKVP_APVP
                0x0800a990                SetKVP_AVP
                0x0800a9b0                SetKVP_IVP
                0x0800a9d0                SetKVP_IPVP
                0x0800a9f0                SetKVP_FNCTN
                0x0800aa10                KVP_Increment
                0x0800aa80                KVP_Decrement
                0x0800aaf0                k_scope_DisplayFunction
                0x0800abc0                k_scope_DisplayFunction2
                0x0800acd0                k_scope_DisplayFunction3
                0x0800ace0                k_scope_DisplayFunction4
                0x0800acf0                k_value_DisplayFunction
                0x0800ad00                UIGoSafe
                0x0800ad10                ui_init
                0x0800aee0                KVP_ClearObjects
                0x0800af00                KVP_RegisterObject
                0x0800af20                KVP_DisplayInv
                0x0800b020                KVP_Display
 *fill*         0x0800b198        0x8 
 .text          0x0800b1a0        0x0 build/obj/glcdfont.o
 .text          0x0800b1a0      0x1b4 build/obj/usbcfg.o
                0x0800b330                inttohex
 *fill*         0x0800b354        0xc 
 .text          0x0800b360      0x1fc build/obj/sdcard.o
                0x0800b3b0                sdcard_init
                0x0800b490                sdcard_attemptMountIfUnmounted
                0x0800b4a0                sdcard_unmount
                0x0800b4c0                sdcard_loadPatch1
 *fill*         0x0800b55c        0x4 
 .text          0x0800b560     0x10ac build/obj/pconnection.o
                0x0800b730                InitPConnection
                0x0800b7d0                GetFirmwareID
                0x0800b7e0                TransmitDisplayPckt
                0x0800b810                LogTextMessage
                0x0800b880                PExTransmit
                0x0800b9b0                ReadDirectoryListing
                0x0800ba60                ManipulateFile
                0x0800bbe0                CloseFile
                0x0800bc40                CopyPatchToFlash
                0x0800bcb0                ReplyFWVersion
                0x0800bd40                PExReceiveByte
                0x0800c5d0                PExReceive
 *fill*         0x0800c60c        0x4 
 .text          0x0800c610       0xac build/obj/parameters.o
                0x0800c610                PExModulationSourceChange
                0x0800c680                PExParameterChange
                0x0800c6b0                ApplyPreset
 *fill*         0x0800c6bc        0x4 
 .text          0x0800c6c0       0xa4 build/obj/main.o
                0x0800c6c0                ToggleGreen
                0x0800c6e0                ToggleOrange
                0x0800c700                ToggleRed
                0x0800c720                ToggleBlue
                0x0800c740                HAL_Delay
                0x0800c760                _sbrk
 *fill*         0x0800c764        0xc 
 .text          0x0800c770      0x6ac build/obj/patch.o
                0x0800c790                InitPatch0
                0x0800c7c0                CheckStackOverflow
                0x0800cc20                StopPatch
                0x0800cc50                StartPatch
                0x0800ccb0                start_dsp_thread
                0x0800ccf0                computebufI
                0x0800cd30                MidiInMsgHandler
                0x0800cd60                LoadPatch
                0x0800cd90                LoadPatchStartSD
                0x0800cdd0                LoadPatchStartFlash
                0x0800cdf0                LoadPatchIndexed
                0x0800ce10                GetIndexOfCurrentPatch
 *fill*         0x0800ce1c        0x4 
 .text          0x0800ce20       0xa8 build/obj/flash.o
                0x0800ce20                flash_Erase_sector
                0x0800ce40                flash_ProgramWord
                0x0800ceb0                flash_unlock
 *fill*         0x0800cec8        0x8 
 .text          0x0800ced0       0x48 build/obj/virtual_control.o
                0x0800ced0                TransmitLCDoverUSB
 *fill*         0x0800cf18        0x8 
 .text          0x0800cf20      0x348 build/obj/eeprom.o
                0x0800cf20                eeprom_read
                0x0800cfa0                eeprom_write
                0x0800d140                eeprom_init
                0x0800d170                eeprom_setup
                0x0800d1b0                eeprom_teardown
                0x0800d1d0                eeprom_get_pagebuf
                0x0800d1f0                eeprom_write_data
                0x0800d230                eeprom_read_data
 *fill*         0x0800d268        0x8 
 .text          0x0800d270      0x1f8 build/obj/arm_bitreversal.o
                0x0800d270                arm_bitreversal_f32
                0x0800d360                arm_bitreversal_q31
                0x0800d400                arm_bitreversal_q15
 *fill*         0x0800d468        0x8 
 .text          0x0800d470      0x714 build/obj/arm_cfft_f32.o
                0x0800d470                arm_cfft_radix8by2_f32
                0x0800d600                arm_cfft_radix8by4_f32
                0x0800da90                arm_cfft_f32
 *fill*         0x0800db84        0xc 
 .text          0x0800db90      0x25c build/obj/arm_cfft_q15.o
                0x0800db90                arm_cfft_radix4by2_q15
                0x0800dc60                arm_cfft_radix4by2_inverse_q15
                0x0800dd30                arm_cfft_q15
 *fill*         0x0800ddec        0x4 
 .text          0x0800ddf0      0x2dc build/obj/arm_cfft_q31.o
                0x0800ddf0                arm_cfft_radix4by2_q31
                0x0800df00                arm_cfft_radix4by2_inverse_q31
                0x0800e010                arm_cfft_q31
 *fill*         0x0800e0cc        0x4 
 .text          0x0800e0d0      0x350 build/obj/arm_cfft_radix2_f32.o
                0x0800e0d0                arm_radix2_butterfly_f32
                0x0800e250                arm_radix2_butterfly_inverse_f32
                0x0800e3e0                arm_cfft_radix2_f32
 .text          0x0800e420      0x160 build/obj/arm_cfft_radix2_init_f32.o
                0x0800e420                arm_cfft_radix2_init_f32
 .text          0x0800e580      0x128 build/obj/arm_cfft_radix2_init_q15.o
                0x0800e580                arm_cfft_radix2_init_q15
 *fill*         0x0800e6a8        0x8 
 .text          0x0800e6b0      0x128 build/obj/arm_cfft_radix2_init_q31.o
                0x0800e6b0                arm_cfft_radix2_init_q31
 *fill*         0x0800e7d8        0x8 
 .text          0x0800e7e0      0x430 build/obj/arm_cfft_radix2_q15.o
                0x0800e7e0                arm_radix2_butterfly_q15
                0x0800e9f0                arm_radix2_butterfly_inverse_q15
                0x0800ebe0                arm_cfft_radix2_q15
 .text          0x0800ec10      0x3d0 build/obj/arm_cfft_radix2_q31.o
                0x0800ec10                arm_radix2_butterfly_q31
                0x0800edd0                arm_radix2_butterfly_inverse_q31
                0x0800efb0                arm_cfft_radix2_q31
 .text          0x0800efe0      0x730 build/obj/arm_cfft_radix4_f32.o
                0x0800efe0                arm_radix4_butterfly_f32
                0x0800f350                arm_radix4_butterfly_inverse_f32
                0x0800f6d0                arm_cfft_radix4_f32
 .text          0x0800f710       0xcc build/obj/arm_cfft_radix4_init_f32.o
                0x0800f710                arm_cfft_radix4_init_f32
 *fill*         0x0800f7dc        0x4 
 .text          0x0800f7e0       0xb0 build/obj/arm_cfft_radix4_init_q15.o
                0x0800f7e0                arm_cfft_radix4_init_q15
 .text          0x0800f890       0xb0 build/obj/arm_cfft_radix4_init_q31.o
                0x0800f890                arm_cfft_radix4_init_q31
 .text          0x0800f940      0x4fc build/obj/arm_cfft_radix4_q15.o
                0x0800f940                arm_radix4_butterfly_q15
                0x0800fba0                arm_radix4_butterfly_inverse_q15
                0x0800fe00                arm_cfft_radix4_q15
 *fill*         0x0800fe3c        0x4 
 .text          0x0800fe40      0x87c build/obj/arm_cfft_radix4_q31.o
                0x0800fe40                arm_radix4_butterfly_q31
                0x08010260                arm_radix4_butterfly_inverse_q31
                0x08010680                arm_cfft_radix4_q31
 *fill*         0x080106bc        0x4 
 .text          0x080106c0      0x590 build/obj/arm_cfft_radix8_f32.o
                0x080106c0                arm_radix8_butterfly_f32
 .text          0x08010c50      0x1c0 build/obj/arm_rfft_f32.o
                0x08010c50                arm_split_rfft_f32
                0x08010d20                arm_split_rifft_f32
                0x08010d90                arm_rfft_f32
 .text          0x08010e10      0x190 build/obj/arm_rfft_fast_f32.o
                0x08010e10                stage_rfft_f32
                0x08010ec0                merge_rfft_f32
                0x08010f60                arm_rfft_fast_f32
 .text          0x08010fa0      0x108 build/obj/arm_rfft_fast_init_f32.o
                0x08010fa0                arm_rfft_fast_init_f32
 *fill*         0x080110a8        0x8 
 .text          0x080110b0       0x84 build/obj/arm_rfft_init_f32.o
                0x080110b0                arm_rfft_init_f32
 *fill*         0x08011134        0xc 
 .text          0x08011140      0x110 build/obj/arm_rfft_init_q15.o
                0x08011140                arm_rfft_init_q15
 .text          0x08011250      0x110 build/obj/arm_rfft_init_q31.o
                0x08011250                arm_rfft_init_q31
 .text          0x08011360      0x188 build/obj/arm_rfft_q15.o
                0x08011360                arm_split_rfft_q15
                0x08011420                arm_split_rifft_q15
                0x08011470                arm_rfft_q15
 *fill*         0x080114e8        0x8 
 .text          0x080114f0      0x1c8 build/obj/arm_rfft_q31.o
                0x080114f0                arm_split_rfft_q31
                0x080115d0                arm_split_rifft_q31
                0x08011640                arm_rfft_q31
 *fill*         0x080116b8        0x8 
 .text          0x080116c0       0xc4 build/obj/arm_mult_q31.o
                0x080116c0                arm_mult_q31
 *fill*         0x08011784        0xc 
 .text          0x08011790       0xac build/obj/arm_mult_q15.o
                0x08011790                arm_mult_q15
 *fill*         0x0801183c        0x4 
 .text          0x08011840       0x8c build/obj/arm_mult_f32.o
                0x08011840                arm_mult_f32
 *fill*         0x080118cc        0x4 
 .text          0x080118d0      0x184 build/obj/arm_shift_q31.o
                0x080118d0                arm_shift_q31
 *fill*         0x08011a54        0xc 
 .text          0x08011a60      0x10c build/obj/arm_shift_q15.o
                0x08011a60                arm_shift_q15
 *fill*         0x08011b6c        0x4 
 .text          0x08011b70       0x6c build/obj/arm_scale_f32.o
                0x08011b70                arm_scale_f32
 *fill*         0x08011bdc        0x4 
 .text          0x08011be0      0x184 build/obj/arm_cmplx_mult_cmplx_q31.o
                0x08011be0                arm_cmplx_mult_cmplx_q31
 *fill*         0x08011d64        0xc 
 .text          0x08011d70      0x118 build/obj/arm_cmplx_mult_cmplx_f32.o
                0x08011d70                arm_cmplx_mult_cmplx_f32
 *fill*         0x08011e88        0x8 
 .text          0x08011e90       0xe8 build/obj/arm_cmplx_mag_q31.o
                0x08011e90                arm_cmplx_mag_q31
 *fill*         0x08011f78        0x8 
 .text          0x08011f80      0x164 build/obj/arm_cmplx_mult_cmplx_q15.o
                0x08011f80                arm_cmplx_mult_cmplx_q15
 *fill*         0x080120e4        0xc 
 .text          0x080120f0       0xa4 build/obj/arm_cmplx_mag_q15.o
                0x080120f0                arm_cmplx_mag_q15
 *fill*         0x08012194        0xc 
 .text          0x080121a0       0x44 build/obj/arm_cos_q31.o
                0x080121a0                arm_cos_q31
 *fill*         0x080121e4        0xc 
 .text          0x080121f0       0x38 build/obj/arm_sin_q31.o
                0x080121f0                arm_sin_q31
 *fill*         0x08012228        0x8 
 .text          0x08012230       0xf0 build/obj/arm_sqrt_q31.o
                0x08012230                arm_sqrt_q31
 .text          0x08012320       0xf4 build/obj/arm_sqrt_q15.o
                0x08012320                arm_sqrt_q15
 *fill*         0x08012414        0xc 
 .text          0x08012420       0x24 build/obj/arm_fir_init_q31.o
                0x08012420                arm_fir_init_q31
 *fill*         0x08012444        0xc 
 .text          0x08012450      0x248 build/obj/arm_fir_fast_q31.o
                0x08012450                arm_fir_fast_q31
 *fill*         0x08012698        0x8 
 .text          0x080126a0       0x20 build/obj/arm_biquad_cascade_df1_32x64_init_q31.o
                0x080126a0                arm_biquad_cas_df1_32x64_init_q31
 .text          0x080126c0      0x6ec build/obj/arm_biquad_cascade_df1_32x64_q31.o
                0x080126c0                arm_biquad_cas_df1_32x64_q31
 *fill*         0x08012dac        0x4 
 .text          0x08012db0      0x188 build/obj/arm_biquad_cascade_df1_fast_q31.o
                0x08012db0                arm_biquad_cascade_df1_fast_q31
 *fill*         0x08012f38        0x8 
 .text          0x08012f40       0x20 build/obj/arm_biquad_cascade_df1_init_q31.o
                0x08012f40                arm_biquad_cascade_df1_init_q31
 .text          0x08012f60      0x21c build/obj/arm_biquad_cascade_df1_q31.o
                0x08012f60                arm_biquad_cascade_df1_q31
 *fill*         0x0801317c        0x4 
 .text          0x08013180       0x38 build/obj/arm_fir_interpolate_init_q31.o
                0x08013180                arm_fir_interpolate_init_q31
 *fill*         0x080131b8        0x8 
 .text          0x080131c0      0x40c build/obj/arm_fir_interpolate_q31.o
                0x080131c0                arm_fir_interpolate_q31
 *fill*         0x080135cc        0x4 
 .text          0x080135d0       0x38 build/obj/arm_fir_decimate_init_q31.o
                0x080135d0                arm_fir_decimate_init_q31
 *fill*         0x08013608        0x8 
 .text          0x08013610      0x18c build/obj/arm_fir_decimate_q31.o
                0x08013610                arm_fir_decimate_q31
 *fill*         0x0801379c        0x4 
 .text          0x080137a0      0x3c8 build/obj/arm_fir_decimate_fast_q31.o
                0x080137a0                arm_fir_decimate_fast_q31
 *fill*         0x08013b68        0x8 
 .text          0x08013b70       0x18 build/obj/arm_fir_lattice_init_q31.o
                0x08013b70                arm_fir_lattice_init_q31
 *fill*         0x08013b88        0x8 
 .text          0x08013b90      0x138 build/obj/arm_fir_lattice_q31.o
                0x08013b90                arm_fir_lattice_q31
 *fill*         0x08013cc8        0x8 
 .text          0x08013cd0       0x20 build/obj/arm_iir_lattice_init_q31.o
                0x08013cd0                arm_iir_lattice_init_q31
 .text          0x08013cf0      0x2a0 build/obj/arm_iir_lattice_q31.o
                0x08013cf0                arm_iir_lattice_q31
 .text          0x08013f90        0x0 build/obj/arm_common_tables.o
 .text          0x08013f90        0x0 build/obj/arm_const_structs.o
 .text          0x08013f90      0x900 build/obj/usbh_core.o
                0x08013f90                USBH_Init
                0x08014060                USBH_DeInit
                0x080140c0                USBH_RegisterClass
                0x08014100                USBH_SelectInterface
                0x08014160                USBH_GetActiveClass
                0x08014170                USBH_FindInterface
                0x080141c0                USBH_FindInterfaceIndex
                0x080141f0                USBH_Start
                0x08014210                USBH_Stop
                0x08014240                USBH_ReEnumerate
                0x080142b0                USBH_Process
                0x080147c0                USBH_LL_SetTimer
                0x080147d0                USBH_LL_IncTimer
                0x080147f0                USBH_LL_Connect
                0x08014830                USBH_LL_Disconnect
                0x08014880                USBH_LL_NotifyURBChange
 .text          0x08014890      0x5ec build/obj/usbh_ctlreq.o
                0x08014890                USBH_GetNextDesc
                0x080148a0                USBH_CtlReq
                0x08014ab0                USBH_GetDescriptor
                0x08014af0                USBH_Get_DevDesc
                0x08014bb0                USBH_Get_CfgDesc
                0x08014d80                USBH_Get_StringDesc
                0x08014de0                USBH_SetAddress
                0x08014e00                USBH_SetCfg
                0x08014e20                USBH_SetInterface
                0x08014e50                USBH_ClrFeature
 *fill*         0x08014e7c        0x4 
 .text          0x08014e80      0x1a8 build/obj/usbh_ioreq.o
                0x08014e80                USBH_CtlSendSetup
                0x08014eb0                USBH_CtlSendData
                0x08014ee0                USBH_CtlReceiveData
                0x08014f10                USBH_BulkSendData
                0x08014f40                USBH_BulkReceiveData
                0x08014f70                USBH_InterruptReceiveData
                0x08014fa0                USBH_InterruptSendData
                0x08014fd0                USBH_IsocReceiveData
                0x08015000                USBH_IsocSendData
 *fill*         0x08015028        0x8 
 .text          0x08015030       0x78 build/obj/usbh_pipes.o
                0x08015030                USBH_OpenPipe
                0x08015050                USBH_ClosePipe
                0x08015060                USBH_AllocPipe
                0x08015090                USBH_FreePipe
 *fill*         0x080150a8        0x8 
 .text          0x080150b0      0x638 build/obj/usbh_hid.o
                0x080153b0                USBH_HID_GetHIDReportDescriptor
                0x080153d0                USBH_HID_GetHIDDescriptor
                0x080153f0                USBH_HID_SetIdle
                0x08015410                USBH_HID_SetReport
                0x08015440                USBH_HID_GetReport
                0x08015470                USBH_HID_SetProtocol
                0x08015490                USBH_HID_GetDeviceType
                0x080154c0                USBH_HID_GetPollInterval
                0x080154f0                fifo_init
                0x08015500                fifo_read
                0x08015560                fifo_write
 *fill*         0x080156e8        0x8 
 .text          0x080156f0      0x144 build/obj/usbh_hid_keybd.o
                0x080156f0                USBH_HID_KeybdInit
                0x08015740                USBH_HID_GetKeybdInfo
                0x08015800                USBH_HID_GetASCIICode
 *fill*         0x08015834        0xc 
 .text          0x08015840       0xb8 build/obj/usbh_hid_mouse.o
                0x08015840                USBH_HID_MouseInit
                0x08015880                USBH_HID_GetMouseInfo
 *fill*         0x080158f8        0x8 
 .text          0x08015900      0x110 build/obj/usbh_hid_parser.o
                0x08015900                HID_ReadItem
                0x08015990                HID_WriteItem
 .text          0x08015a10     0x12a0 build/obj/stm32f4xx_ll_usb.o
                0x08015a80                USB_CoreInit
                0x08015b00                USB_EnableGlobalInt
                0x08015b10                USB_DisableGlobalInt
                0x08015b20                USB_SetCurrentMode
                0x08015b60                USB_DevInit
                0x08015ce0                USB_FlushTxFifo
                0x08015d10                USB_FlushRxFifo
                0x08015d30                USB_SetDevSpeed
                0x08015d40                USB_GetDevSpeed
                0x08015d80                USB_ActivateEndpoint
                0x08015e10                USB_ActivateDedicatedEndpoint
                0x08015f00                USB_DeactivateEndpoint
                0x08015f90                USB_DeactivateDedicatedEndpoint
                0x08015ff0                USB_EPStartXfer
                0x08016250                USB_EP0StartXfer
                0x080163d0                USB_WritePacket
                0x080163e0                USB_ReadPacket
                0x08016410                USB_EPSetStall
                0x08016450                USB_EPClearStall
                0x08016490                USB_StopDevice
                0x08016500                USB_SetDevAddress
                0x08016520                USB_DevConnect
                0x08016540                USB_DevDisconnect
                0x08016560                USB_ReadInterrupts
                0x08016570                USB_ReadDevAllOutEpInterrupt
                0x08016580                USB_ReadDevAllInEpInterrupt
                0x08016590                USB_ReadDevOutEPInterrupt
                0x080165b0                USB_ReadDevInEPInterrupt
                0x080165e0                USB_ClearInterrupts
                0x080165f0                USB_GetMode
                0x08016600                USB_ActivateSetup
                0x08016640                USB_EP0_OutStart
                0x08016690                USB_InitFSLSPClkSel
                0x080166d0                USB_ResetPort
                0x08016710                USB_DriveVbus
                0x08016760                USB_HostInit
                0x08016870                USB_GetHostSpeed
                0x08016890                USB_GetCurrentFrame
                0x080168a0                USB_HC_Init
                0x080169c0                USB_HC_StartXfer
                0x08016b50                USB_HC_ReadInterrupt
                0x08016b60                USB_HC_Halt
                0x08016bf0                USB_DoPing
                0x08016c20                USB_StopHost
 .text          0x08016cb0      0x468 build/obj/stm32f4xx_hal_gpio.o
                0x08016cb0                HAL_GPIO_Init
                0x08016f20                HAL_GPIO_DeInit
                0x08017090                HAL_GPIO_ReadPin
                0x080170a0                HAL_GPIO_WritePin
                0x080170b0                HAL_GPIO_TogglePin
                0x080170c0                HAL_GPIO_LockPin
                0x080170f0                HAL_GPIO_EXTI_Callback
                0x08017100                HAL_GPIO_EXTI_IRQHandler
 *fill*         0x08017118        0x8 
 .text          0x08017120      0x2a8 build/obj/stm32f4xx_hal_cortex.o
                0x08017120                HAL_NVIC_SetPriorityGrouping
                0x08017150                HAL_NVIC_SetPriority
                0x080171c0                HAL_NVIC_EnableIRQ
                0x080171e0                HAL_NVIC_DisableIRQ
                0x08017210                HAL_NVIC_SystemReset
                0x08017240                HAL_SYSTICK_Config
                0x08017280                HAL_NVIC_GetPriorityGrouping
                0x08017290                HAL_NVIC_GetPriority
                0x080172f0                HAL_NVIC_SetPendingIRQ
                0x08017310                HAL_NVIC_GetPendingIRQ
                0x08017340                HAL_NVIC_ClearPendingIRQ
                0x08017360                HAL_NVIC_GetActive
                0x08017390                HAL_SYSTICK_CLKSourceConfig
                0x080173b0                HAL_SYSTICK_Callback
                0x080173c0                HAL_SYSTICK_IRQHandler
 *fill*         0x080173c8        0x8 
 .text          0x080173d0      0xb38 build/obj/stm32f4xx_hal_hcd.o
                0x080173d0                HAL_HCD_HC_Init
                0x08017440                HAL_HCD_HC_Halt
                0x08017480                HAL_HCD_Init
                0x08017510                HAL_HCD_DeInit
                0x08017540                HAL_HCD_HC_SubmitRequest
                0x08017680                HAL_HCD_IRQHandler
                0x08017e40                HAL_HCD_Start
                0x08017e70                HAL_HCD_Stop
                0x08017ea0                HAL_HCD_ResetPort
                0x08017eb0                HAL_HCD_GetState
                0x08017ec0                HAL_HCD_HC_GetURBState
                0x08017ed0                HAL_HCD_HC_GetXferCount
                0x08017ee0                HAL_HCD_HC_GetState
                0x08017ef0                HAL_HCD_GetCurrentFrame
                0x08017f00                HAL_HCD_GetCurrentSpeed
 *fill*         0x08017f08        0x8 
 .text          0x08017f10      0xa38 build/obj/usbh_midi_core.o
                0x08017f10                USBH_MIDI_ClassRequest
                0x08017f20                USBH_MIDI_InterfaceInit
                0x08018140                USBH_MIDI_InterfaceDeInit
                0x080181c0                USBH_MIDI_SOFProcess
                0x08018220                usbh_midi_init_buffer
                0x08018240                usbh_midi_deinit_buffer
                0x08018260                usbh_midi_init
                0x08018280                usbh_midi_reset_buffer
                0x080182a0                calcCIN
                0x080182b0                calcPH
                0x080182c0                usbh_MidiSend1
                0x08018330                usbh_MidiSend2
                0x080183a0                usbh_MidiSend3
                0x08018400                usbh_MidiSendSysEx
                0x08018520                usbh_MidiGetOutputBufferPending
                0x08018550                usbh_MidiGetOutputBufferAvailable
                0x08018560                isValidInput
                0x08018570                isValidOutput
                0x08018580                USBH_MIDI_ProcessInput
                0x08018710                USBH_MIDI_ProcessOutput
                0x08018930                USBH_MIDI_Process
 *fill*         0x08018948        0x8 
 .text          0x08018950      0x210 build/obj/usbh_vendor.o
 .text          0x08018b60      0x514 build/obj/usbh_conf.o
                0x08018b70                MIDI_CB
                0x08018b90                HAL_HCD_MspInit
                0x08018d00                HAL_HCD_MspDeInit
                0x08018d40                HAL_HCD_SOF_Callback
                0x08018d50                HAL_HCD_Connect_Callback
                0x08018d60                HAL_HCD_Disconnect_Callback
                0x08018d70                HAL_HCD_HC_NotifyURBChange_Callback
                0x08018d80                USBH_LL_Init
                0x08018df0                USBH_LL_DeInit
                0x08018e00                USBH_LL_Start
                0x08018e10                USBH_LL_Stop
                0x08018e20                USBH_LL_GetSpeed
                0x08018e40                USBH_LL_ResetPort
                0x08018e50                USBH_LL_GetLastXferSize
                0x08018e60                USBH_LL_OpenPipe
                0x08018e90                USBH_LL_ClosePipe
                0x08018ea0                USBH_LL_DriverVBUS
                0x08018ed0                USBH_LL_SetToggle
                0x08018f00                USBH_LL_GetToggle
                0x08018f20                USBH_Delay
                0x08018f30                MY_USBH_Init
                0x08018f80                USBH_HID_EventCallback
                0x08018ff0                fakemalloc
                0x08019030                fakefree
                0x08019040                Vector174
                0x08019060                Vector168
                0x08019070                Vector16C
 *fill*         0x08019074        0xc 
 .text          0x08019080      0x1c0 build/obj/serial_midi.o
                0x08019080                serial_MidiInByteHandler
                0x08019160                serial_MidiSend1
                0x08019170                serial_MidiSend2
                0x080191a0                serial_MidiSend3
                0x080191d0                serial_MidiGetOutputBufferPending
                0x080191f0                serial_midi_init
 .text          0x08019240      0x374 build/obj/bulk_usb.o
                0x08019390                bduInit
                0x080193a0                bduObjectInit
                0x080193f0                bduStart
                0x08019420                bduStop
                0x08019470                bduConfigureHookI
                0x080194c0                bduRequestsHook
                0x080194d0                bduDataTransmitted
                0x08019550                bduDataReceived
 *fill*         0x080195b4        0xc 
 .text          0x080195c0      0x464 build/obj/midi_usb.o
                0x08019720                mduInit
                0x08019730                mduObjectInit
                0x08019780                mduStart
                0x080197b0                mduStop
                0x08019800                mduConfigureHookI
                0x08019850                mduRequestsHook
                0x08019860                mduDataTransmitted
                0x080198e0                mduDataReceived
                0x08019950                calcDS1
                0x08019960                calcCIN1
                0x08019970                midi_usb_MidiSend1
                0x080199b0                midi_usb_MidiSend2
                0x080199f0                midi_usb_MidiSend3
 *fill*         0x08019a24        0xc 
 .text          0x08019a30       0x98 build/obj/crc32.o
                0x08019a30                revbit
                0x08019a40                CalcCRC32
 *fill*         0x08019ac8        0x8 
 .text          0x08019ad0      0x688 build/obj/exceptions.o
                0x08019b00                UsageFaultVector
                0x08019b00                BusFaultVector
                0x08019b00                HardFaultVector
                0x08019b00                MemManageVector
                0x08019b00                report_exception
                0x08019b20                BootLoaderInit
                0x08019b70                exception_check_DFU
                0x08019bc0                exception_init
                0x08019c30                exception_check
                0x08019c50                exception_clear
                0x08019c60                exception_initiate_dfu
                0x08019d00                exception_checkandreport
                0x08019e30                report_fatfs_error
                0x08019ec0                report_patchLoadFail
                0x08019f50                report_patchLoadSDRamOverflow
                0x08019fe0                report_usbh_midi_ringbuffer_overflow
                0x0801a000                dbg_set_i
                0x0801a010                terminator
                0x0801a090                prvGetRegistersFromStack
                0x0801a130                Vector40
 *fill*         0x0801a158        0x8 
 .text          0x0801a160       0x14 build/obj/watchdog.o
                0x0801a160                watchdog_init
                0x0801a170                watchdog_feed
 *fill*         0x0801a174        0xc 
 .text          0x0801a180      0x2bc build/obj/sysmon.o
                0x0801a2a0                sysmon_init
                0x0801a370                sysmon_disable_blinker
                0x0801a380                sysmon_enable_blinker
                0x0801a390                sysmon_blink_pattern
                0x0801a3b0                setErrorFlag
                0x0801a3f0                getErrorFlag
                0x0801a410                errorFlagClearAll
                0x0801a420                sysmon_getVoltage50
                0x0801a430                sysmon_getVoltage10
 *fill*         0x0801a43c        0x4 
 .text          0x0801a440       0x9c build/obj/axoloti_memory.o
                0x0801a440                sdram_init
                0x0801a460                sdram_malloc
                0x0801a4b0                sdram_free
                0x0801a4d0                sdram_get_free
 *fill*         0x0801a4dc        0x4 
 .text          0x0801a4e0        0x0 build/obj/units.o
 .text          0x0801a4e0        0x0 build/obj/atan.o
 .text          0x0801a4e0        0x0 build/obj/random.o
 .text          0x0801a4e0        0x0 build/obj/mutable_resources.o
 .text          0x0801a4e0        0x0 build/obj/braids_resources.o
 .text          0x0801a4e0        0x0 build/obj/analog_oscillator.o
 .text          0x0801a4e0        0x0 build/obj/digital_oscillator.o
 .text          0x0801a4e0        0x0 build/obj/macro_oscillator.o
 .text          0x0801a4e0       0xc8 build/obj/axoloti_mi.o
                0x0801a4e0                loadElementsData
 *fill*         0x0801a5a8        0x8 
 .text          0x0801a5b0       0x54 build/obj/multistage_envelope.o
                0x0801a5b0                elements::MultistageEnvelope::Init()
 *fill*         0x0801a604        0xc 
 .text          0x0801a610     0x1024 build/obj/ominous_voice.o
                0x0801a610                elements::Spatializer::Init(float)
                0x0801a640                elements::Spatializer::Process(float*, float*, float*, unsigned int)
                0x0801a860                elements::FmOscillator::Process(float, float, float, float, float const*, float*, unsigned int)
                0x0801aa70                elements::OminousVoice::Init()
                0x0801ac50                elements::OminousVoice::ConfigureEnvelope(elements::Patch const&)
                0x0801ad70                elements::OminousVoice::Process(elements::Patch const&, float, float, bool, float const*, float const*, float*, float*, float*, unsigned int)
 *fill*         0x0801b634        0xc 
 .text          0x0801b640      0x6e0 build/obj/resonator.o
                0x0801b640                elements::Resonator::Init()
                0x0801b700                elements::Resonator::ComputeFilters()
                0x0801b9b0                elements::Resonator::Process(float const*, float const*, float*, float*, unsigned int)
 .text          0x0801bd20      0x100 build/obj/string.o
                0x0801bd20                elements::String::Init(bool)
                0x0801be00                elements::String::Process(float const*, float*, float*, unsigned int)
 .text          0x0801be20      0x198 build/obj/tube.o
                0x0801be20                elements::Tube::Init()
                0x0801be30                elements::Tube::Process(float, float, float, float, float*, float, unsigned int)
 *fill*         0x0801bfb8        0x8 
 .text          0x0801bfc0      0x960 build/obj/exciter.o
                0x0801bfc0                elements::Exciter::ProcessGranularSamplePlayer(unsigned char, float*, unsigned int)
                0x0801c110                elements::Exciter::ProcessSamplePlayer(unsigned char, float*, unsigned int)
                0x0801c310                elements::Exciter::ProcessMallet(unsigned char, float*, unsigned int)
                0x0801c3a0                elements::Exciter::ProcessPlectrum(unsigned char, float*, unsigned int)
                0x0801c480                elements::Exciter::ProcessFlow(unsigned char, float*, unsigned int)
                0x0801c520                elements::Exciter::ProcessNoise(unsigned char, float*, unsigned int)
                0x0801c570                elements::Exciter::ProcessParticles(unsigned char, float*, unsigned int)
                0x0801c780                elements::Exciter::Init()
                0x0801c7d0                elements::Exciter::GetPulseAmplitude(float)
                0x0801c800                elements::Exciter::Process(unsigned char, float*, unsigned int)
 .text          0x0801c920        0x0 build/obj/elements_resources.o
 .text          0x0801c920      0xc64 build/obj/part.o
                0x0801c920                elements::Part::Init(unsigned short*)
                0x0801ca90                elements::Part::Seed(unsigned long*, unsigned int)
                0x0801cbc0                elements::Part::Process(elements::PerformanceState const&, float const*, float const*, float*, float*, unsigned int)
 *fill*         0x0801d584        0xc 
 .text          0x0801d590      0xca8 build/obj/voice.o
                0x0801d590                elements::Voice::ResetResonator()
                0x0801d5d0                elements::Voice::Init()
                0x0801d6c0                elements::Voice::Process(elements::Patch const&, float, float, bool, float const*, float const*, float*, float*, float*, unsigned int)
 *fill*         0x0801e238        0x8 
 .text          0x0801e240        0x0 build/obj/clouds_resources.o
 .text          0x0801e240       0xec build/obj/correlator.o
                0x0801e240                clouds::Correlator::Init(unsigned long*, unsigned long*)
                0x0801e260                clouds::Correlator::EvaluateNextCandidate()
                0x0801e310                clouds::Correlator::StartSearch(long, long, long)
 *fill*         0x0801e32c        0x4 
 .text          0x0801e330        0x0 build/obj/mu_law.o
 .text          0x0801e330     0x4e78 build/obj/granular_processor.o
                0x0801e330                clouds::GranularProcessor::ResetFilters()
                0x0801e380                clouds::GranularProcessor::Init(void*, unsigned int, void*, unsigned int)
                0x0801e410                clouds::GranularProcessor::PreparePersistentData()
                0x0801e480                clouds::GranularProcessor::GetPersistentData(clouds::PersistentBlock*, unsigned int*)
                0x0801e4e0                clouds::GranularProcessor::Prepare()
                0x0801f340                clouds::GranularProcessor::LoadPersistentData(unsigned long const*)
                0x0801f540                clouds::GranularProcessor::ProcessGranular(clouds::FloatFrame*, clouds::FloatFrame*, unsigned int)
                0x08021ba0                clouds::GranularProcessor::Process(clouds::ShortFrame*, clouds::ShortFrame*, unsigned int)
 *fill*         0x080231a8        0x8 
 .text          0x080231b0      0xbb4 build/obj/frame_transformation.o
                0x080231b0                clouds::FrameTransformation::Init(float*, long, long)
                0x08023220                clouds::FrameTransformation::Reset()
                0x08023260                clouds::FrameTransformation::RectangularToPolar(float*)
                0x080233a0                clouds::FrameTransformation::SetPhases(float*, float, float)
                0x080234a0                clouds::FrameTransformation::PolarToRectangular(float*)
                0x08023520                clouds::FrameTransformation::AddGlitch(float*)
                0x080236c0                clouds::FrameTransformation::QuantizeMagnitudes(float*, float)
                0x08023810                clouds::FrameTransformation::WarpMagnitudes(float*, float*, float)
                0x080238f0                clouds::FrameTransformation::ShiftMagnitudes(float*, float*, float)
                0x080239e0                clouds::FrameTransformation::StoreMagnitudes(float*, float, float)
                0x08023bb0                clouds::FrameTransformation::ReplayMagnitudes(float*, float)
                0x08023c20                clouds::FrameTransformation::Process(clouds::Parameters const&, float*, float*)
 *fill*         0x08023d64        0xc 
 .text          0x08023d70      0x1dc build/obj/phase_vocoder.o
                0x08023d70                clouds::PhaseVocoder::Init(void**, unsigned int*, float const*, unsigned int, long, long, float)
                0x08023ed0                clouds::PhaseVocoder::Process(clouds::Parameters const&, clouds::FloatFrame const*, clouds::FloatFrame*, unsigned int)
                0x08023f20                clouds::PhaseVocoder::Buffer()
 *fill*         0x08023f4c        0x4 
 .text          0x08023f50      0xfbc build/obj/stft.o
                0x08023f50                clouds::STFT::Reset()
                0x08023fa0                clouds::STFT::Init(stmlib::ShyFFT<float, 4096u, stmlib::RotationPhasor>*, unsigned int, unsigned int, float*, float*, float const*, short*, clouds::FrameTransformation*)
                0x08024090                clouds::STFT::Process(clouds::Parameters const&, float const*, float*, unsigned int, unsigned int)
                0x08024150                clouds::STFT::Buffer()
 *fill*         0x08024f0c        0x4 
 .text          0x08024f10        0x0 build/obj/rings_resources.o
 .text          0x08024f10        0x0 build/obj/streams_resources.o
 .text          0x08024f10      0x25c build/obj/compressor.o
                0x08024f10                streams::Compressor::Init()
                0x08024f20                streams::Compressor::Log2(long)
                0x08024f60                streams::Compressor::Exp2(long)
                0x08024fe0                streams::Compressor::Compress(long, long, long, bool)
                0x08025080                streams::Compressor::Process(short, short, unsigned short*, unsigned short*)
 *fill*         0x0802516c        0x4 
 .text          0x08025170      0x248 build/obj/envelope.o
                0x08025170                streams::Envelope::Init()
                0x080251d0                streams::Envelope::Process(short, short, unsigned short*, unsigned short*)
 *fill*         0x080253b8        0x8 
 .text          0x080253c0      0x2b8 build/obj/follower.o
                0x080253c0                streams::Follower::Init()
                0x08025420                streams::Follower::Process(short, short, unsigned short*, unsigned short*)
 *fill*         0x08025678        0x8 
 .text          0x08025680      0x19c build/obj/lorenz_generator.o
                0x08025680                streams::LorenzGenerator::Init()
                0x080256a0                streams::LorenzGenerator::Process(short, short, unsigned short*, unsigned short*)
 *fill*         0x0802581c        0x4 
 .text          0x08025820       0xb0 build/obj/processor.o
                0x08025820                streams::Processor::Init(unsigned char)
 .text          0x080258d0       0xf8 build/obj/svf.o
                0x080258d0                streams::Svf::Init()
                0x080258f0                streams::Svf::Process(long)
 *fill*         0x080259c8        0x8 
 .text          0x080259d0      0x370 build/obj/vactrol.o
                0x080259d0                streams::Vactrol::Init()
                0x080259e0                streams::Vactrol::Process(short, short, unsigned short*, unsigned short*)
 .text          0x08025d40        0x0 /home/sbcu/Dropbox/pcb-layouts/axo-on-discovery-board/axoloti/platform_linux/bin/../lib/gcc/arm-none-eabi/4.9.3/../../../../arm-none-eabi/lib/armv7e-m/fpu/libm.a(lib_a-sf_cos.o)
 .text          0x08025d40        0x0 /home/sbcu/Dropbox/pcb-layouts/axo-on-discovery-board/axoloti/platform_linux/bin/../lib/gcc/arm-none-eabi/4.9.3/../../../../arm-none-eabi/lib/armv7e-m/fpu/libm.a(lib_a-sf_sin.o)
 .text          0x08025d40        0x0 /home/sbcu/Dropbox/pcb-layouts/axo-on-discovery-board/axoloti/platform_linux/bin/../lib/gcc/arm-none-eabi/4.9.3/../../../../arm-none-eabi/lib/armv7e-m/fpu/libm.a(lib_a-w_log.o)
 .text          0x08025d40        0x0 /home/sbcu/Dropbox/pcb-layouts/axo-on-discovery-board/axoloti/platform_linux/bin/../lib/gcc/arm-none-eabi/4.9.3/../../../../arm-none-eabi/lib/armv7e-m/fpu/libm.a(lib_a-w_pow.o)
 .text          0x08025d40        0x0 /home/sbcu/Dropbox/pcb-layouts/axo-on-discovery-board/axoloti/platform_linux/bin/../lib/gcc/arm-none-eabi/4.9.3/../../../../arm-none-eabi/lib/armv7e-m/fpu/libm.a(lib_a-wf_pow.o)
 .text          0x08025d40        0x0 /home/sbcu/Dropbox/pcb-layouts/axo-on-discovery-board/axoloti/platform_linux/bin/../lib/gcc/arm-none-eabi/4.9.3/../../../../arm-none-eabi/lib/armv7e-m/fpu/libm.a(lib_a-e_log.o)
 .text          0x08025d40        0x0 /home/sbcu/Dropbox/pcb-layouts/axo-on-discovery-board/axoloti/platform_linux/bin/../lib/gcc/arm-none-eabi/4.9.3/../../../../arm-none-eabi/lib/armv7e-m/fpu/libm.a(lib_a-e_pow.o)
 .text          0x08025d40        0x0 /home/sbcu/Dropbox/pcb-layouts/axo-on-discovery-board/axoloti/platform_linux/bin/../lib/gcc/arm-none-eabi/4.9.3/../../../../arm-none-eabi/lib/armv7e-m/fpu/libm.a(lib_a-e_sqrt.o)
 .text          0x08025d40        0x0 /home/sbcu/Dropbox/pcb-layouts/axo-on-discovery-board/axoloti/platform_linux/bin/../lib/gcc/arm-none-eabi/4.9.3/../../../../arm-none-eabi/lib/armv7e-m/fpu/libm.a(lib_a-ef_pow.o)
 .text          0x08025d40        0x0 /home/sbcu/Dropbox/pcb-layouts/axo-on-discovery-board/axoloti/platform_linux/bin/../lib/gcc/arm-none-eabi/4.9.3/../../../../arm-none-eabi/lib/armv7e-m/fpu/libm.a(lib_a-ef_rem_pio2.o)
 .text          0x08025d40        0x0 /home/sbcu/Dropbox/pcb-layouts/axo-on-discovery-board/axoloti/platform_linux/bin/../lib/gcc/arm-none-eabi/4.9.3/../../../../arm-none-eabi/lib/armv7e-m/fpu/libm.a(lib_a-ef_sqrt.o)
 .text          0x08025d40        0x0 /home/sbcu/Dropbox/pcb-layouts/axo-on-discovery-board/axoloti/platform_linux/bin/../lib/gcc/arm-none-eabi/4.9.3/../../../../arm-none-eabi/lib/armv7e-m/fpu/libm.a(lib_a-kf_cos.o)
 .text          0x08025d40        0x0 /home/sbcu/Dropbox/pcb-layouts/axo-on-discovery-board/axoloti/platform_linux/bin/../lib/gcc/arm-none-eabi/4.9.3/../../../../arm-none-eabi/lib/armv7e-m/fpu/libm.a(lib_a-kf_rem_pio2.o)
 .text          0x08025d40        0x0 /home/sbcu/Dropbox/pcb-layouts/axo-on-discovery-board/axoloti/platform_linux/bin/../lib/gcc/arm-none-eabi/4.9.3/../../../../arm-none-eabi/lib/armv7e-m/fpu/libm.a(lib_a-kf_sin.o)
 .text          0x08025d40        0x0 /home/sbcu/Dropbox/pcb-layouts/axo-on-discovery-board/axoloti/platform_linux/bin/../lib/gcc/arm-none-eabi/4.9.3/../../../../arm-none-eabi/lib/armv7e-m/fpu/libm.a(lib_a-s_fabs.o)
 .text          0x08025d40        0x0 /home/sbcu/Dropbox/pcb-layouts/axo-on-discovery-board/axoloti/platform_linux/bin/../lib/gcc/arm-none-eabi/4.9.3/../../../../arm-none-eabi/lib/armv7e-m/fpu/libm.a(lib_a-s_finite.o)
 .text          0x08025d40        0x0 /home/sbcu/Dropbox/pcb-layouts/axo-on-discovery-board/axoloti/platform_linux/bin/../lib/gcc/arm-none-eabi/4.9.3/../../../../arm-none-eabi/lib/armv7e-m/fpu/libm.a(lib_a-s_fpclassify.o)
 .text          0x08025d40        0x0 /home/sbcu/Dropbox/pcb-layouts/axo-on-discovery-board/axoloti/platform_linux/bin/../lib/gcc/arm-none-eabi/4.9.3/../../../../arm-none-eabi/lib/armv7e-m/fpu/libm.a(lib_a-s_lib_ver.o)
 .text          0x08025d40        0x0 /home/sbcu/Dropbox/pcb-layouts/axo-on-discovery-board/axoloti/platform_linux/bin/../lib/gcc/arm-none-eabi/4.9.3/../../../../arm-none-eabi/lib/armv7e-m/fpu/libm.a(lib_a-s_matherr.o)
 .text          0x08025d40        0x0 /home/sbcu/Dropbox/pcb-layouts/axo-on-discovery-board/axoloti/platform_linux/bin/../lib/gcc/arm-none-eabi/4.9.3/../../../../arm-none-eabi/lib/armv7e-m/fpu/libm.a(lib_a-s_nan.o)
 .text          0x08025d40        0x0 /home/sbcu/Dropbox/pcb-layouts/axo-on-discovery-board/axoloti/platform_linux/bin/../lib/gcc/arm-none-eabi/4.9.3/../../../../arm-none-eabi/lib/armv7e-m/fpu/libm.a(lib_a-s_rint.o)
 .text          0x08025d40        0x0 /home/sbcu/Dropbox/pcb-layouts/axo-on-discovery-board/axoloti/platform_linux/bin/../lib/gcc/arm-none-eabi/4.9.3/../../../../arm-none-eabi/lib/armv7e-m/fpu/libm.a(lib_a-s_scalbn.o)
 .text          0x08025d40        0x0 /home/sbcu/Dropbox/pcb-layouts/axo-on-discovery-board/axoloti/platform_linux/bin/../lib/gcc/arm-none-eabi/4.9.3/../../../../arm-none-eabi/lib/armv7e-m/fpu/libm.a(lib_a-sf_fabs.o)
 .text          0x08025d40        0x0 /home/sbcu/Dropbox/pcb-layouts/axo-on-discovery-board/axoloti/platform_linux/bin/../lib/gcc/arm-none-eabi/4.9.3/../../../../arm-none-eabi/lib/armv7e-m/fpu/libm.a(lib_a-sf_finite.o)
 .text          0x08025d40        0x0 /home/sbcu/Dropbox/pcb-layouts/axo-on-discovery-board/axoloti/platform_linux/bin/../lib/gcc/arm-none-eabi/4.9.3/../../../../arm-none-eabi/lib/armv7e-m/fpu/libm.a(lib_a-sf_floor.o)
 .text          0x08025d40        0x0 /home/sbcu/Dropbox/pcb-layouts/axo-on-discovery-board/axoloti/platform_linux/bin/../lib/gcc/arm-none-eabi/4.9.3/../../../../arm-none-eabi/lib/armv7e-m/fpu/libm.a(lib_a-sf_fpclassify.o)
 .text          0x08025d40        0x0 /home/sbcu/Dropbox/pcb-layouts/axo-on-discovery-board/axoloti/platform_linux/bin/../lib/gcc/arm-none-eabi/4.9.3/../../../../arm-none-eabi/lib/armv7e-m/fpu/libm.a(lib_a-sf_nan.o)
 .text          0x08025d40        0x0 /home/sbcu/Dropbox/pcb-layouts/axo-on-discovery-board/axoloti/platform_linux/bin/../lib/gcc/arm-none-eabi/4.9.3/../../../../arm-none-eabi/lib/armv7e-m/fpu/libm.a(lib_a-sf_scalbn.o)
 .text          0x08025d40        0x0 /home/sbcu/Dropbox/pcb-layouts/axo-on-discovery-board/axoloti/platform_linux/bin/../lib/gcc/arm-none-eabi/4.9.3/../../../../arm-none-eabi/lib/armv7e-m/fpu/libm.a(lib_a-s_copysign.o)
 .text          0x08025d40        0x0 /home/sbcu/Dropbox/pcb-layouts/axo-on-discovery-board/axoloti/platform_linux/bin/../lib/gcc/arm-none-eabi/4.9.3/../../../../arm-none-eabi/lib/armv7e-m/fpu/libm.a(lib_a-sf_copysign.o)
 .text          0x08025d40      0x370 /home/sbcu/Dropbox/pcb-layouts/axo-on-discovery-board/axoloti/platform_linux/bin/../lib/gcc/arm-none-eabi/4.9.3/armv7e-m/fpu/libgcc.a(_arm_addsubdf3.o)
                0x08025d40                __aeabi_drsub
                0x08025d48                __aeabi_dsub
                0x08025d48                __subdf3
                0x08025d4c                __adddf3
                0x08025d4c                __aeabi_dadd
                0x08025fc4                __aeabi_ui2d
                0x08025fc4                __floatunsidf
                0x08025fe4                __floatsidf
                0x08025fe4                __aeabi_i2d
                0x08026008                __extendsfdf2
                0x08026008                __aeabi_f2d
                0x08026044                __aeabi_ul2d
                0x08026044                __floatundidf
                0x08026054                __floatdidf
                0x08026054                __aeabi_l2d
 .text          0x080260b0      0x424 /home/sbcu/Dropbox/pcb-layouts/axo-on-discovery-board/axoloti/platform_linux/bin/../lib/gcc/arm-none-eabi/4.9.3/armv7e-m/fpu/libgcc.a(_arm_muldivdf3.o)
                0x080260b0                __aeabi_dmul
                0x080260b0                __muldf3
                0x08026304                __aeabi_ddiv
                0x08026304                __divdf3
 *fill*         0x080264d4        0xc 
 .text          0x080264e0      0x110 /home/sbcu/Dropbox/pcb-layouts/axo-on-discovery-board/axoloti/platform_linux/bin/../lib/gcc/arm-none-eabi/4.9.3/armv7e-m/fpu/libgcc.a(_arm_cmpdf2.o)
                0x080264e0                __gtdf2
                0x080264e0                __gedf2
                0x080264e8                __ltdf2
                0x080264e8                __ledf2
                0x080264f0                __cmpdf2
                0x080264f0                __eqdf2
                0x080264f0                __nedf2
                0x0802656c                __aeabi_cdrcmple
                0x0802657c                __aeabi_cdcmple
                0x0802657c                __aeabi_cdcmpeq
                0x0802658c                __aeabi_dcmpeq
                0x080265a0                __aeabi_dcmplt
                0x080265b4                __aeabi_dcmple
                0x080265c8                __aeabi_dcmpge
                0x080265dc                __aeabi_dcmpgt
 .text          0x080265f0       0x50 /home/sbcu/Dropbox/pcb-layouts/axo-on-discovery-board/axoloti/platform_linux/bin/../lib/gcc/arm-none-eabi/4.9.3/armv7e-m/fpu/libgcc.a(_arm_fixdfsi.o)
                0x080265f0                __fixdfsi
                0x080265f0                __aeabi_d2iz
 .text          0x08026640       0x40 /home/sbcu/Dropbox/pcb-layouts/axo-on-discovery-board/axoloti/platform_linux/bin/../lib/gcc/arm-none-eabi/4.9.3/armv7e-m/fpu/libgcc.a(_arm_fixunsdfsi.o)
                0x08026640                __fixunsdfsi
                0x08026640                __aeabi_d2uiz
 .text          0x08026680       0xa0 /home/sbcu/Dropbox/pcb-layouts/axo-on-discovery-board/axoloti/platform_linux/bin/../lib/gcc/arm-none-eabi/4.9.3/armv7e-m/fpu/libgcc.a(_arm_truncdfsf2.o)
                0x08026680                __aeabi_d2f
                0x08026680                __truncdfsf2
 .text          0x08026720      0xa50 /home/sbcu/Dropbox/pcb-layouts/axo-on-discovery-board/axoloti/platform_linux/bin/../lib/gcc/arm-none-eabi/4.9.3/armv7e-m/fpu/libgcc.a(unwind-arm.o)
                0x080269fc                _Unwind_GetCFA
                0x08026a00                __gnu_Unwind_RaiseException
                0x08026a60                __gnu_Unwind_ForcedUnwind
                0x08026a74                __gnu_Unwind_Resume
                0x08026ab8                __gnu_Unwind_Resume_or_Rethrow
                0x08026ac8                _Unwind_Complete
                0x08026acc                _Unwind_DeleteException
                0x08026ad8                _Unwind_VRS_Get
                0x08026b28                _Unwind_VRS_Set
                0x08026b78                __gnu_Unwind_Backtrace
                0x08026ebc                __aeabi_unwind_cpp_pr0
                0x08026ec0                __aeabi_unwind_cpp_pr1
                0x08026ec4                __aeabi_unwind_cpp_pr2
                0x08026ec8                _Unwind_VRS_Pop
 .text          0x08027170      0x1ac /home/sbcu/Dropbox/pcb-layouts/axo-on-discovery-board/axoloti/platform_linux/bin/../lib/gcc/arm-none-eabi/4.9.3/armv7e-m/fpu/libgcc.a(libunwind.o)
                0x08027170                __restore_core_regs
                0x08027170                restore_core_regs
                0x08027188                __gnu_Unwind_Restore_VFP
                0x08027190                __gnu_Unwind_Save_VFP
                0x08027198                __gnu_Unwind_Restore_VFP_D
                0x080271a0                __gnu_Unwind_Save_VFP_D
                0x080271a8                __gnu_Unwind_Restore_VFP_D_16_to_31
                0x080271b0                __gnu_Unwind_Save_VFP_D_16_to_31