Archive member included to satisfy reference by file (symbol)

/usr/lib/gcc/arm-none-eabi/6.3.1/../../../arm-none-eabi/lib/thumb/v7e-m/fpv4-sp/hard/libg.a(lib_a-memcpy.o)
                              flasher_build/obj/board.o (memcpy)
/usr/lib/gcc/arm-none-eabi/6.3.1/../../../arm-none-eabi/lib/thumb/v7e-m/fpv4-sp/hard/libg.a(lib_a-memset.o)
                              flasher_build/obj/axoloti_control.o (memset)
/usr/lib/gcc/arm-none-eabi/6.3.1/../../../arm-none-eabi/lib/thumb/v7e-m/fpv4-sp/hard/libg.a(lib_a-strcasecmp.o)
                              flasher_build/obj/shell.o (strcasecmp)
/usr/lib/gcc/arm-none-eabi/6.3.1/../../../arm-none-eabi/lib/thumb/v7e-m/fpv4-sp/hard/libg.a(lib_a-strpbrk.o)
                              flasher_build/obj/shell.o (strpbrk)
/usr/lib/gcc/arm-none-eabi/6.3.1/../../../arm-none-eabi/lib/thumb/v7e-m/fpv4-sp/hard/libg.a(lib_a-strspn.o)
                              flasher_build/obj/shell.o (strspn)
/usr/lib/gcc/arm-none-eabi/6.3.1/../../../arm-none-eabi/lib/thumb/v7e-m/fpv4-sp/hard/libg.a(lib_a-ctype_.o)
                              /usr/lib/gcc/arm-none-eabi/6.3.1/../../../arm-none-eabi/lib/thumb/v7e-m/fpv4-sp/hard/libg.a(lib_a-strcasecmp.o) (__ctype_ptr__)

Discarded input sections

 .text          0x0000000000000000        0x0 flasher_build/obj/crt0.o
 .data          0x0000000000000000        0x0 flasher_build/obj/crt0.o
 .bss           0x0000000000000000        0x0 flasher_build/obj/crt0.o
 .text.__early_init
                0x0000000000000000        0x4 flasher_build/obj/crt0.o
 .text          0x0000000000000000        0x0 flasher_build/obj/vectors.o
 .data          0x0000000000000000        0x0 flasher_build/obj/vectors.o
 .bss           0x0000000000000000        0x0 flasher_build/obj/vectors.o
 .text          0x0000000000000000        0x0 flasher_build/obj/chcore.o
 .data          0x0000000000000000        0x0 flasher_build/obj/chcore.o
 .bss           0x0000000000000000        0x0 flasher_build/obj/chcore.o
 .text.port_halt
                0x0000000000000000        0x4 flasher_build/obj/chcore.o
 .debug_info    0x0000000000000000       0x8e flasher_build/obj/chcore.o
 .debug_abbrev  0x0000000000000000       0x40 flasher_build/obj/chcore.o
 .debug_aranges
                0x0000000000000000       0x20 flasher_build/obj/chcore.o
 .debug_ranges  0x0000000000000000       0x10 flasher_build/obj/chcore.o
 .debug_line    0x0000000000000000       0xaa flasher_build/obj/chcore.o
 .debug_str     0x0000000000000000      0x230 flasher_build/obj/chcore.o
 .comment       0x0000000000000000       0x71 flasher_build/obj/chcore.o
 .debug_frame   0x0000000000000000       0x20 flasher_build/obj/chcore.o
 .ARM.attributes
                0x0000000000000000       0x39 flasher_build/obj/chcore.o
 .text          0x0000000000000000        0x0 flasher_build/obj/chcore_v7m.o
 .data          0x0000000000000000        0x0 flasher_build/obj/chcore_v7m.o
 .bss           0x0000000000000000        0x0 flasher_build/obj/chcore_v7m.o
 .text          0x0000000000000000        0x0 flasher_build/obj/nvic.o
 .data          0x0000000000000000        0x0 flasher_build/obj/nvic.o
 .bss           0x0000000000000000        0x0 flasher_build/obj/nvic.o
 .text.nvicDisableVector
                0x0000000000000000       0x40 flasher_build/obj/nvic.o
 .text          0x0000000000000000        0x0 flasher_build/obj/chsys.o
 .data          0x0000000000000000        0x0 flasher_build/obj/chsys.o
 .bss           0x0000000000000000        0x0 flasher_build/obj/chsys.o
 .text          0x0000000000000000        0x0 flasher_build/obj/chdebug.o
 .data          0x0000000000000000        0x0 flasher_build/obj/chdebug.o
 .bss           0x0000000000000000        0x0 flasher_build/obj/chdebug.o
 .debug_info    0x0000000000000000       0x75 flasher_build/obj/chdebug.o
 .debug_abbrev  0x0000000000000000       0x24 flasher_build/obj/chdebug.o
 .debug_aranges
                0x0000000000000000       0x18 flasher_build/obj/chdebug.o
 .debug_line    0x0000000000000000       0x1d flasher_build/obj/chdebug.o
 .debug_str     0x0000000000000000      0x221 flasher_build/obj/chdebug.o
 .comment       0x0000000000000000       0x71 flasher_build/obj/chdebug.o
 .ARM.attributes
                0x0000000000000000       0x39 flasher_build/obj/chdebug.o
 .text          0x0000000000000000        0x0 flasher_build/obj/chlists.o
 .data          0x0000000000000000        0x0 flasher_build/obj/chlists.o
 .bss           0x0000000000000000        0x0 flasher_build/obj/chlists.o
 .debug_info    0x0000000000000000       0x75 flasher_build/obj/chlists.o
 .debug_abbrev  0x0000000000000000       0x24 flasher_build/obj/chlists.o
 .debug_aranges
                0x0000000000000000       0x18 flasher_build/obj/chlists.o
 .debug_line    0x0000000000000000       0x1d flasher_build/obj/chlists.o
 .debug_str     0x0000000000000000      0x221 flasher_build/obj/chlists.o
 .comment       0x0000000000000000       0x71 flasher_build/obj/chlists.o
 .ARM.attributes
[...]
Memory Configuration

Name             Origin             Length             Attributes
SRAM             0x0000000000011000 0x0000000000009000 xrw
CCMSRAM          0x0000000010000000 0x000000000000e000 xrw
*default*        0x0000000000000000 0xffffffffffffffff

Linker script and memory map

LOAD flasher_build/obj/crt0.o
LOAD flasher_build/obj/vectors.o
LOAD flasher_build/obj/chcore.o
LOAD flasher_build/obj/chcore_v7m.o
LOAD flasher_build/obj/nvic.o
LOAD flasher_build/obj/chsys.o
LOAD flasher_build/obj/chdebug.o
LOAD flasher_build/obj/chlists.o
LOAD flasher_build/obj/chvt.o
LOAD flasher_build/obj/chschd.o
LOAD flasher_build/obj/chthreads.o
LOAD flasher_build/obj/chdynamic.o
LOAD flasher_build/obj/chregistry.o
LOAD flasher_build/obj/chsem.o
LOAD flasher_build/obj/chmtx.o
LOAD flasher_build/obj/chcond.o
LOAD flasher_build/obj/chevents.o
LOAD flasher_build/obj/chmsg.o
LOAD flasher_build/obj/chmboxes.o
LOAD flasher_build/obj/chqueues.o
LOAD flasher_build/obj/chmemcore.o
LOAD flasher_build/obj/chheap.o
LOAD flasher_build/obj/chmempools.o
LOAD flasher_build/obj/hal.o
LOAD flasher_build/obj/adc.o
LOAD flasher_build/obj/can.o
LOAD flasher_build/obj/ext.o
LOAD flasher_build/obj/gpt.o
LOAD flasher_build/obj/i2c.o
LOAD flasher_build/obj/icu.o
LOAD flasher_build/obj/mac.o
LOAD flasher_build/obj/mmc_spi.o
LOAD flasher_build/obj/mmcsd.o
LOAD flasher_build/obj/pal.o
LOAD flasher_build/obj/pwm.o
LOAD flasher_build/obj/rtc.o
LOAD flasher_build/obj/sdc.o
LOAD flasher_build/obj/serial.o
LOAD flasher_build/obj/serial_usb.o
LOAD flasher_build/obj/spi.o
LOAD flasher_build/obj/tm.o
LOAD flasher_build/obj/uart.o
LOAD flasher_build/obj/usb.o
LOAD flasher_build/obj/stm32_dma.o
LOAD flasher_build/obj/hal_lld.o
LOAD flasher_build/obj/adc_lld.o
LOAD flasher_build/obj/ext_lld_isr.o
LOAD flasher_build/obj/can_lld.o
LOAD flasher_build/obj/ext_lld.o
LOAD flasher_build/obj/mac_lld.o
LOAD flasher_build/obj/sdc_lld.o
LOAD flasher_build/obj/pal_lld.o
LOAD flasher_build/obj/i2c_lld.o
LOAD flasher_build/obj/usb_lld.o
LOAD flasher_build/obj/rtc_lld.o
LOAD flasher_build/obj/spi_lld.o
LOAD flasher_build/obj/gpt_lld.o
LOAD flasher_build/obj/icu_lld.o
LOAD flasher_build/obj/pwm_lld.o
LOAD flasher_build/obj/serial_lld.o
LOAD flasher_build/obj/uart_lld.o
LOAD flasher_build/obj/board.o
LOAD flasher_build/obj/shell.o
LOAD flasher_build/obj/chprintf.o
LOAD flasher_build/obj/memstreams.o
LOAD flasher_build/obj/stm32f4xx_hal.o
LOAD flasher_build/obj/glcdfont.o
LOAD flasher_build/obj/axoloti_control.o
LOAD flasher_build/obj/axoloti_board.o
LOAD flasher_build/obj/sdram.o
LOAD flasher_build/obj/crc32.o
LOAD flasher_build/obj/flash.o
LOAD flasher_build/obj/watchdog.o
LOAD flasher_build/obj/stm32f4xx_fmc.o
LOAD flasher_build/obj/main.o
                0x0000000000000200                __main_stack_size__ = 0x200
                0x0000000000000200                __process_stack_size__ = 0x200
                0x0000000000000000                . = 0x0
                0x0000000000000000                _text = .

.text           0x0000000000011000     0x2870
 *(.text.ResetHandler)
 .text.ResetHandler
                0x0000000000011000      0x120 flasher_build/obj/crt0.o
                0x0000000000011000                ResetHandler
 *(.text.startup.*)
 .text.startup.main
                0x0000000000011120      0x1e4 flasher_build/obj/main.o
                0x0000000000011120                main
 *(.text)
 *fill*         0x0000000000011304        0xc 
 .text          0x0000000000011310      0x134 /usr/lib/gcc/arm-none-eabi/6.3.1/../../../arm-none-eabi/lib/thumb/v7e-m/fpv4-sp/hard/libg.a(lib_a-memcpy.o)
                0x0000000000011310                memcpy
 *(.text.*)
 *fill*         0x0000000000011444        0xc 
 .text.__late_init
                0x0000000000011450        0x4 flasher_build/obj/crt0.o
                0x0000000000011450                __late_init
 *fill*         0x0000000000011454        0xc 
 .text._default_exit
                0x0000000000011460        0x4 flasher_build/obj/crt0.o
                0x0000000000011460                _default_exit
 *fill*         0x0000000000011464        0xc 
 .text._unhandled_exception
                0x0000000000011470        0x4 flasher_build/obj/vectors.o
                0x0000000000011470                Vector58
                0x0000000000011470                VectorE8
                0x0000000000011470                Vector9C
                0x0000000000011470                Vector1A0
                0x0000000000011470                Vector5C
                0x0000000000011470                NMIVector
                0x0000000000011470                Vector11C
                0x0000000000011470                Vector19C
                0x0000000000011470                Vector8C
                0x0000000000011470                VectorDC
                0x0000000000011470                Vector168
                0x0000000000011470                Vector110
                0x0000000000011470                VectorC8
                0x0000000000011470                Vector94
                0x0000000000011470                VectorA8
                0x0000000000011470                Vector160
                0x0000000000011470                VectorEC
                0x0000000000011470                UsageFaultVector
                0x0000000000011470                DebugMonitorVector
                0x0000000000011470                Vector40
                0x0000000000011470                VectorBC
                0x0000000000011470                Vector190
                0x0000000000011470                Vector148
                0x0000000000011470                Vector188
                0x0000000000011470                PendSVVector
                0x0000000000011470                Vector198
                0x0000000000011470                Vector118
                0x0000000000011470                Vector64
                0x0000000000011470                VectorCC
                0x0000000000011470                Vector54
                0x0000000000011470                Vector98
                0x0000000000011470                Vector138
                0x0000000000011470                Vector24
                0x0000000000011470                Vector178
                0x0000000000011470                Vector1A4
                0x0000000000011470                BusFaultVector
                0x0000000000011470                VectorD0
                0x0000000000011470                Vector140
                0x0000000000011470                VectorE4
                0x0000000000011470                VectorC0
                0x0000000000011470                HardFaultVector
                0x0000000000011470                Vector134
                0x0000000000011470                Vector13C
                0x0000000000011470                Vector100
                0x0000000000011470                VectorE0
                0x0000000000011470                VectorF4
                0x0000000000011470                MemManageVector
                0x0000000000011470                VectorA0
                0x0000000000011470                VectorC4
                0x0000000000011470                Vector180
                0x0000000000011470                VectorB0
                0x0000000000011470                Vector90
                0x0000000000011470                Vector114
                0x0000000000011470                Vector164
                0x0000000000011470                Vector60
                0x0000000000011470                Vector1C
                0x0000000000011470                Vector17C
                0x0000000000011470                Vector48
                0x0000000000011470                Vector1A8
                0x0000000000011470                Vector16C
                0x0000000000011470                Vector4C
                0x0000000000011470                Vector144
                0x0000000000011470                Vector15C
                0x0000000000011470                Vector68
                0x0000000000011470                _unhandled_exception
                0x0000000000011470                Vector170
                0x0000000000011470                Vector104
                0x0000000000011470                Vector184
                0x0000000000011470                Vector10C
                0x0000000000011470                Vector14C
                0x0000000000011470                Vector50
                0x0000000000011470                Vector194
                0x0000000000011470                Vector44
                0x0000000000011470                Vector28
                0x0000000000011470                Vector34
                0x0000000000011470                Vector20
                0x0000000000011470                Vector18C
 *fill*         0x0000000000011474        0xc 
 .text._port_switch_from_isr
                0x0000000000011480        0x8 flasher_build/obj/chcore_v7m.o
                0x0000000000011480                _port_switch_from_isr
 *fill*         0x0000000000011488        0x8 
 .text.SVCallVector
                0x0000000000011490       0x20 flasher_build/obj/chcore_v7m.o
                0x0000000000011490                SVCallVector
 .text._port_init
                0x00000000000114b0       0x30 flasher_build/obj/chcore_v7m.o
                0x00000000000114b0                _port_init
 .text._port_irq_epilogue
                0x00000000000114e0       0x84 flasher_build/obj/chcore_v7m.o
                0x00000000000114e0                _port_irq_epilogue
 *fill*         0x0000000000011564        0xc 
 .text.SysTickVector
                0x0000000000011570       0x1c flasher_build/obj/chcore_v7m.o
                0x0000000000011570                SysTickVector
 *fill*         0x000000000001158c        0x4 
 .text._port_switch
                0x0000000000011590       0x18 flasher_build/obj/chcore_v7m.o
                0x0000000000011590                _port_switch
 *fill*         0x00000000000115a8        0x8 
 .text._port_thread_start
                0x00000000000115b0       0x10 flasher_build/obj/chcore_v7m.o
                0x00000000000115b0                _port_thread_start
 .text.nvicEnableVector
                0x00000000000115c0       0x48 flasher_build/obj/nvic.o
                0x00000000000115c0                nvicEnableVector
 *fill*         0x0000000000011608        0x8 
 .text.nvicSetSystemHandlerPriority
                0x0000000000011610       0x2c flasher_build/obj/nvic.o
                0x0000000000011610                nvicSetSystemHandlerPriority
 *fill*         0x000000000001163c        0x4 
 .text._idle_thread
                0x0000000000011640       0x14 flasher_build/obj/chsys.o
                0x0000000000011640                _idle_thread
 *fill*         0x0000000000011654        0xc 
 .text.chSysInit
                0x0000000000011660       0x58 flasher_build/obj/chsys.o
                0x0000000000011660                chSysInit
 *fill*         0x00000000000116b8        0x8 
 .text.chSysTimerHandlerI
                0x00000000000116c0       0x58 flasher_build/obj/chsys.o
                0x00000000000116c0                chSysTimerHandlerI
 *fill*         0x0000000000011718        0x8 
 .text._vt_init
                0x0000000000011720       0x18 flasher_build/obj/chvt.o
                0x0000000000011720                _vt_init
 *fill*         0x0000000000011738        0x8 
 .text.chVTSetI
                0x0000000000011740       0x38 flasher_build/obj/chvt.o
                0x0000000000011740                chVTSetI
 *fill*         0x0000000000011778        0x8 
 .text.chVTResetI
                0x0000000000011780       0x24 flasher_build/obj/chvt.o
                0x0000000000011780                chVTResetI
 *fill*         0x00000000000117a4        0xc 
 .text.wakeup   0x00000000000117b0       0x58 flasher_build/obj/chschd.o
 *fill*         0x0000000000011808        0x8 
 .text._scheduler_init
                0x0000000000011810       0x14 flasher_build/obj/chschd.o
                0x0000000000011810                _scheduler_init
 *fill*         0x0000000000011824        0xc 
 .text.chSchReadyI
                0x0000000000011830       0x2c flasher_build/obj/chschd.o
                0x0000000000011830                chSchReadyI
 *fill*         0x000000000001185c        0x4 
 .text.chSchGoSleepS
                0x0000000000011860       0x28 flasher_build/obj/chschd.o
                0x0000000000011860                chSchGoSleepS
 *fill*         0x0000000000011888        0x8 
 .text.chSchGoSleepTimeoutS
                0x0000000000011890       0x44 flasher_build/obj/chschd.o
                0x0000000000011890                chSchGoSleepTimeoutS
 *fill*         0x00000000000118d4        0xc 
 .text.chSchWakeupS
                0x00000000000118e0       0x58 flasher_build/obj/chschd.o
                0x00000000000118e0                chSchWakeupS
 *fill*         0x0000000000011938        0x8 
 .text.chSchDoRescheduleBehind
                0x0000000000011940       0x40 flasher_build/obj/chschd.o
                0x0000000000011940                chSchDoRescheduleBehind
 .text.chSchDoRescheduleAhead
                0x0000000000011980       0x3c flasher_build/obj/chschd.o
                0x0000000000011980                chSchDoRescheduleAhead
 *fill*         0x00000000000119bc        0x4 
 .text.chSchDoReschedule
                0x00000000000119c0       0x14 flasher_build/obj/chschd.o
                0x00000000000119c0                chSchDoReschedule
 *fill*         0x00000000000119d4        0xc 
 .text._thread_init
                0x00000000000119e0       0x44 flasher_build/obj/chthreads.o
                0x00000000000119e0                _thread_init
 *fill*         0x0000000000011a24        0xc 
 .text.chThdCreateStatic
                0x0000000000011a30       0x80 flasher_build/obj/chthreads.o
                0x0000000000011a30                chThdCreateStatic
 .text.chThdSleep
                0x0000000000011ab0       0x18 flasher_build/obj/chthreads.o
                0x0000000000011ab0                chThdSleep
 *fill*         0x0000000000011ac8        0x8 
 .text.chThdExitS
                0x0000000000011ad0       0x40 flasher_build/obj/chthreads.o
                0x0000000000011ad0                chThdExitS
 .text.chThdExit
                0x0000000000011b10        0xc flasher_build/obj/chthreads.o
                0x0000000000011b10                chThdExit
 *fill*         0x0000000000011b1c        0x4 
 .text.chMtxInit
                0x0000000000011b20        0xc flasher_build/obj/chmtx.o
                0x0000000000011b20                chMtxInit
 *fill*         0x0000000000011b2c        0x4 
 .text.chEvtSignalI
                0x0000000000011b30       0x30 flasher_build/obj/chevents.o
                0x0000000000011b30                chEvtSignalI
 .text.chEvtBroadcastFlagsI
                0x0000000000011b60       0x20 flasher_build/obj/chevents.o
                0x0000000000011b60                chEvtBroadcastFlagsI
 .text.qwait    0x0000000000011b80       0x2c flasher_build/obj/chqueues.o
 *fill*         0x0000000000011bac        0x4 
 .text.chIQInit
                0x0000000000011bb0       0x20 flasher_build/obj/chqueues.o
                0x0000000000011bb0                chIQInit
 .text.chIQPutI
                0x0000000000011bd0       0x50 flasher_build/obj/chqueues.o
                0x0000000000011bd0                chIQPutI
 .text.chIQGetTimeout
                0x0000000000011c20       0x50 flasher_build/obj/chqueues.o
                0x0000000000011c20                chIQGetTimeout
 .text.chIQReadTimeout
                0x0000000000011c70       0x70 flasher_build/obj/chqueues.o
                0x0000000000011c70                chIQReadTimeout
 .text.chOQInit
                0x0000000000011ce0       0x1c flasher_build/obj/chqueues.o
                0x0000000000011ce0                chOQInit
 *fill*         0x0000000000011cfc        0x4 
 .text.chOQPutTimeout
                0x0000000000011d00       0x54 flasher_build/obj/chqueues.o
                0x0000000000011d00                chOQPutTimeout
 *fill*         0x0000000000011d54        0xc 
 .text.chOQGetI
                0x0000000000011d60       0x48 flasher_build/obj/chqueues.o
                0x0000000000011d60                chOQGetI
 *fill*         0x0000000000011da8        0x8 
 .text.chOQWriteTimeout
                0x0000000000011db0       0x84 flasher_build/obj/chqueues.o
                0x0000000000011db0                chOQWriteTimeout
 *fill*         0x0000000000011e34        0xc 
 .text.halInit  0x0000000000011e40       0x28 flasher_build/obj/hal.o
                0x0000000000011e40                halInit
 *fill*         0x0000000000011e68        0x8 
 .text.adcInit  0x0000000000011e70        0x4 flasher_build/obj/adc.o
                0x0000000000011e70                adcInit
 *fill*         0x0000000000011e74        0xc 
 .text.adcObjectInit
                0x0000000000011e80       0x18 flasher_build/obj/adc.o
                0x0000000000011e80                adcObjectInit
 *fill*         0x0000000000011e98        0x8 
 .text.pwmInit  0x0000000000011ea0        0x4 flasher_build/obj/pwm.o
                0x0000000000011ea0                pwmInit
 *fill*         0x0000000000011ea4        0xc 
 .text.pwmObjectInit
                0x0000000000011eb0        0xc flasher_build/obj/pwm.o
                0x0000000000011eb0                pwmObjectInit
 *fill*         0x0000000000011ebc        0x4 
 .text.readt    0x0000000000011ec0        0x8 flasher_build/obj/serial.o
 *fill*         0x0000000000011ec8        0x8 
 .text.read     0x0000000000011ed0        0xc flasher_build/obj/serial.o
 *fill*         0x0000000000011edc        0x4 
 .text.writet   0x0000000000011ee0        0x8 flasher_build/obj/serial.o
 *fill*         0x0000000000011ee8        0x8 
 .text.write    0x0000000000011ef0        0xc flasher_build/obj/serial.o
 *fill*         0x0000000000011efc        0x4 
 .text.gett     0x0000000000011f00        0x8 flasher_build/obj/serial.o
 *fill*         0x0000000000011f08        0x8 
 .text.get      0x0000000000011f10        0xc flasher_build/obj/serial.o
 *fill*         0x0000000000011f1c        0x4 
 .text.putt     0x0000000000011f20        0x8 flasher_build/obj/serial.o
 *fill*         0x0000000000011f28        0x8 
 .text.put      0x0000000000011f30        0xc flasher_build/obj/serial.o
 *fill*         0x0000000000011f3c        0x4 
 .text.sdInit   0x0000000000011f40        0x4 flasher_build/obj/serial.o
                0x0000000000011f40                sdInit
 *fill*         0x0000000000011f44        0xc 
 .text.sdObjectInit
                0x0000000000011f50       0x40 flasher_build/obj/serial.o
                0x0000000000011f50                sdObjectInit
 .text.sdIncomingDataI
                0x0000000000011f90       0x3c flasher_build/obj/serial.o
                0x0000000000011f90                sdIncomingDataI
 *fill*         0x0000000000011fcc        0x4 
 .text.spiInit  0x0000000000011fd0        0x4 flasher_build/obj/spi.o
                0x0000000000011fd0                spiInit
 *fill*         0x0000000000011fd4        0xc 
 .text.spiObjectInit
                0x0000000000011fe0       0x10 flasher_build/obj/spi.o
                0x0000000000011fe0                spiObjectInit
 .text.Vector6C
                0x0000000000011ff0       0x28 flasher_build/obj/stm32_dma.o
                0x0000000000011ff0                Vector6C
 *fill*         0x0000000000012018        0x8 
 .text.Vector70
                0x0000000000012020       0x2c flasher_build/obj/stm32_dma.o
                0x0000000000012020                Vector70
 *fill*         0x000000000001204c        0x4 
 .text.Vector74
                0x0000000000012050       0x2c flasher_build/obj/stm32_dma.o
                0x0000000000012050                Vector74
 *fill*         0x000000000001207c        0x4 
 .text.Vector78
                0x0000000000012080       0x2c flasher_build/obj/stm32_dma.o
                0x0000000000012080                Vector78
 *fill*         0x00000000000120ac        0x4 
 .text.Vector7C
                0x00000000000120b0       0x28 flasher_build/obj/stm32_dma.o
                0x00000000000120b0                Vector7C
 *fill*         0x00000000000120d8        0x8 
 .text.Vector80
                0x00000000000120e0       0x2c flasher_build/obj/stm32_dma.o
                0x00000000000120e0                Vector80
 *fill*         0x000000000001210c        0x4 
 .text.Vector84
                0x0000000000012110       0x2c flasher_build/obj/stm32_dma.o
                0x0000000000012110                Vector84
 *fill*         0x000000000001213c        0x4 
 .text.VectorFC
                0x0000000000012140       0x2c flasher_build/obj/stm32_dma.o
                0x0000000000012140                VectorFC
 *fill*         0x000000000001216c        0x4 
 .text.Vector120
                0x0000000000012170       0x28 flasher_build/obj/stm32_dma.o
                0x0000000000012170                Vector120
 *fill*         0x0000000000012198        0x8 
 .text.Vector124
                0x00000000000121a0       0x2c flasher_build/obj/stm32_dma.o
                0x00000000000121a0                Vector124
 *fill*         0x00000000000121cc        0x4 
 .text.Vector128
                0x00000000000121d0       0x2c flasher_build/obj/stm32_dma.o
                0x00000000000121d0                Vector128
 *fill*         0x00000000000121fc        0x4 
 .text.Vector12C
                0x0000000000012200       0x2c flasher_build/obj/stm32_dma.o
                0x0000000000012200                Vector12C
 *fill*         0x000000000001222c        0x4 
 .text.Vector130
                0x0000000000012230       0x28 flasher_build/obj/stm32_dma.o
                0x0000000000012230                Vector130
 *fill*         0x0000000000012258        0x8 
 .text.Vector150
                0x0000000000012260       0x2c flasher_build/obj/stm32_dma.o
                0x0000000000012260                Vector150
 *fill*         0x000000000001228c        0x4 
 .text.Vector154
                0x0000000000012290       0x2c flasher_build/obj/stm32_dma.o
                0x0000000000012290                Vector154
 *fill*         0x00000000000122bc        0x4 
 .text.Vector158
                0x00000000000122c0       0x2c flasher_build/obj/stm32_dma.o
                0x00000000000122c0                Vector158
 *fill*         0x00000000000122ec        0x4 
 .text.dmaInit  0x00000000000122f0       0x54 flasher_build/obj/stm32_dma.o
                0x00000000000122f0                dmaInit
 *fill*         0x0000000000012344        0xc 
 .text.hal_lld_init
                0x0000000000012350       0x98 flasher_build/obj/hal_lld.o
                0x0000000000012350                hal_lld_init
 *fill*         0x00000000000123e8        0x8 
 .text.stm32_clock_init
                0x00000000000123f0       0xdc flasher_build/obj/hal_lld.o
                0x00000000000123f0                stm32_clock_init
 *fill*         0x00000000000124cc        0x4 
 .text.Vector88
                0x00000000000124d0       0x8c flasher_build/obj/adc_lld.o
                0x00000000000124d0                Vector88
 *fill*         0x000000000001255c        0x4 
 .text.adc_lld_init
                0x0000000000012560       0x34 flasher_build/obj/adc_lld.o
                0x0000000000012560                adc_lld_init
 *fill*         0x0000000000012594        0xc 
 .text._pal_lld_init
                0x00000000000125a0      0x1ac flasher_build/obj/pal_lld.o
                0x00000000000125a0                _pal_lld_init
 *fill*         0x000000000001274c        0x4 
 .text._pal_lld_setgroupmode
                0x0000000000012750       0xb8 flasher_build/obj/pal_lld.o
                0x0000000000012750                _pal_lld_setgroupmode
 *fill*         0x0000000000012808        0x8 
 .text.spi_lld_init
                0x0000000000012810       0xa0 flasher_build/obj/spi_lld.o
                0x0000000000012810                spi_lld_init
 .text.pwm_lld_serve_interrupt
                0x00000000000128b0       0x5c flasher_build/obj/pwm_lld.o
 *fill*         0x000000000001290c        0x4 
 .text.VectorA4
                0x0000000000012910       0x24 flasher_build/obj/pwm_lld.o
                0x0000000000012910                VectorA4
 *fill*         0x0000000000012934        0xc 
 .text.VectorAC
                0x0000000000012940       0x58 flasher_build/obj/pwm_lld.o
                0x0000000000012940                VectorAC
 *fill*         0x0000000000012998        0x8 
 .text.VectorB4
                0x00000000000129a0       0x14 flasher_build/obj/pwm_lld.o
                0x00000000000129a0                VectorB4
 *fill*         0x00000000000129b4        0xc 
 .text.VectorB8
                0x00000000000129c0       0x14 flasher_build/obj/pwm_lld.o
                0x00000000000129c0                VectorB8
 *fill*         0x00000000000129d4        0xc 
 .text.Vector108
                0x00000000000129e0       0x14 flasher_build/obj/pwm_lld.o
                0x00000000000129e0                Vector108
 *fill*         0x00000000000129f4        0xc 
 .text.VectorF0
                0x0000000000012a00       0x24 flasher_build/obj/pwm_lld.o
                0x0000000000012a00                VectorF0
 *fill*         0x0000000000012a24        0xc 
 .text.VectorF8
                0x0000000000012a30       0x58 flasher_build/obj/pwm_lld.o
                0x0000000000012a30                VectorF8
 *fill*         0x0000000000012a88        0x8 
 .text.pwm_lld_init
                0x0000000000012a90       0x70 flasher_build/obj/pwm_lld.o
                0x0000000000012a90                pwm_lld_init
 .text.notify1  0x0000000000012b00       0x14 flasher_build/obj/serial_lld.o
 *fill*         0x0000000000012b14        0xc 
 .text.notify2  0x0000000000012b20       0x14 flasher_build/obj/serial_lld.o
 *fill*         0x0000000000012b34        0xc 
 .text.serve_interrupt
                0x0000000000012b40      0x11c flasher_build/obj/serial_lld.o
 *fill*         0x0000000000012c5c        0x4 
 .text.VectorD4
                0x0000000000012c60       0x14 flasher_build/obj/serial_lld.o
                0x0000000000012c60                VectorD4
 *fill*         0x0000000000012c74        0xc 
 .text.VectorD8
                0x0000000000012c80       0x14 flasher_build/obj/serial_lld.o
                0x0000000000012c80                VectorD8
 *fill*         0x0000000000012c94        0xc 
 .text.sd_lld_init
                0x0000000000012ca0       0x40 flasher_build/obj/serial_lld.o
                0x0000000000012ca0                sd_lld_init
 .text.__early_init
                0x0000000000012ce0       0x5c flasher_build/obj/board.o
                0x0000000000012ce0                __early_init
 *fill*         0x0000000000012d3c        0x4 
 .text.boardInit
                0x0000000000012d40        0x4 flasher_build/obj/board.o
                0x0000000000012d40                boardInit
 *fill*         0x0000000000012d44        0xc 
 .text.Vector174
                0x0000000000012d50        0x4 flasher_build/obj/board.o
                0x0000000000012d50                Vector174
 *fill*         0x0000000000012d54        0xc 
 .text.LCD_drawChar.part.0
                0x0000000000012d60       0x3c flasher_build/obj/axoloti_control.o
 *fill*         0x0000000000012d9c        0x4 
 .text.LCD_drawNumber3D
                0x0000000000012da0      0x100 flasher_build/obj/axoloti_control.o
                0x0000000000012da0                LCD_drawNumber3D
 .text.LCD_drawStringN
                0x0000000000012ea0       0x9c flasher_build/obj/axoloti_control.o
                0x0000000000012ea0                LCD_drawStringN
 *fill*         0x0000000000012f3c        0x4 
 .text.SDRAM_ReadBuffer
                0x0000000000012f40       0x34 flasher_build/obj/sdram.o
                0x0000000000012f40                SDRAM_ReadBuffer
 *fill*         0x0000000000012f74        0xc 
 .text.CalcCRC32
                0x0000000000012f80       0x80 flasher_build/obj/crc32.o
                0x0000000000012f80                CalcCRC32
 .text.flash_Erase_sector
                0x0000000000013000       0x18 flasher_build/obj/flash.o
                0x0000000000013000                flash_Erase_sector
 *fill*         0x0000000000013018        0x8 
 .text.flash_ProgramWord
                0x0000000000013020       0x6c flasher_build/obj/flash.o
                0x0000000000013020                flash_ProgramWord
 *fill*         0x000000000001308c        0x4 
 .text.watchdog_feed
                0x0000000000013090        0x4 flasher_build/obj/watchdog.o
                0x0000000000013090                watchdog_feed
 *fill*         0x0000000000013094        0xc 
 .text.FMC_GetFlagStatus
                0x00000000000130a0       0x44 flasher_build/obj/stm32f4xx_fmc.o
                0x00000000000130a0                FMC_GetFlagStatus
 *fill*         0x00000000000130e4        0xc 
 .text.NVIC_SystemReset
                0x00000000000130f0       0x20 flasher_build/obj/main.o
 .text.DispayAbortErr
                0x0000000000013110       0x34 flasher_build/obj/main.o
                0x0000000000013110                DispayAbortErr
 *(.rodata)
 *(.rodata.*)
 *fill*         0x0000000000013144        0xc 
 .rodata.str1.4
                0x0000000000013150        0x5 flasher_build/obj/chsys.o
 *fill*         0x0000000000013155        0xb 
 .rodata.ch_debug
                0x0000000000013160       0x16 flasher_build/obj/chregistry.o
                0x0000000000013160                ch_debug
 *fill*         0x0000000000013176        0xa 
 .rodata.vmt    0x0000000000013180       0x20 flasher_build/obj/serial.o
 .rodata._stm32_dma_streams
                0x00000000000131a0       0xc0 flasher_build/obj/stm32_dma.o
                0x00000000000131a0                _stm32_dma_streams
 .rodata.pal_default_config
                0x0000000000013260       0xfc flasher_build/obj/board.o
                0x0000000000013260                pal_default_config
 *fill*         0x000000000001335c        0x4 
 .rodata.font   0x0000000000013360      0x4fb flasher_build/obj/glcdfont.o
                0x0000000000013360                font
 *fill*         0x000000000001385b        0x5 
 .rodata.main.str1.4
                0x0000000000013860       0x10 flasher_build/obj/main.o
                                          0xe (size before relaxing)
 *(.glue_7t)
 .glue_7t       0x0000000000013870        0x0 linker stubs
 *(.glue_7)
 .glue_7        0x0000000000013870        0x0 linker stubs
 *(.gcc*)
 *(.startup)

.vfp11_veneer   0x0000000000013870        0x0
 .vfp11_veneer  0x0000000000013870        0x0 linker stubs

.v4_bx          0x0000000000013870        0x0
 .v4_bx         0x0000000000013870        0x0 linker stubs

.iplt           0x0000000000013870        0x0
 .iplt          0x0000000000013870        0x0 flasher_build/obj/crt0.o

.rel.dyn        0x0000000000013870        0x0
 .rel.iplt      0x0000000000013870        0x0 flasher_build/obj/crt0.o

constructors    0x0000000000013870        0x0
                0x0000000000013870                PROVIDE (__init_array_start, .)
 *(SORT(.init_array.*))
 *(.init_array)
                0x0000000000013870                PROVIDE (__init_array_end, .)

destructors     0x0000000000013870        0x0
                0x0000000000013870                PROVIDE (__fini_array_start, .)
 *(.fini_array)
 *(SORT(.fini_array.*))
                0x0000000000013870                PROVIDE (__fini_array_end, .)

.rodata
 *(.rodata)
 *(.rodata.*)

.startup        0x0000000000013870      0x1ac
 *(vectors)
 vectors        0x0000000000013870      0x1ac flasher_build/obj/vectors.o
                0x0000000000013870                _vectors

.data           0x0000000000013a20       0xac
                0x0000000000013a20                sdata = .
 *(.data)
 .data          0x0000000000013a20       0xac flasher_build/obj/flash.o
                0x0000000000013a20                flash_WaitForLastOperation
                0x0000000000013a50                flash_Erase_sector1
                0x0000000000013acc                edata = .
                0x0000000000013acc                . = ALIGN (0x4)
                0x0000000000013acc                PROVIDE (_data, .)
 *(.data)
                0x0000000000013acc                . = ALIGN (0x4)
 *(.data.*)
                0x0000000000013acc                . = ALIGN (0x4)
 *(.ramtext)
                0x0000000000013acc                . = ALIGN (0x4)
                0x0000000000013acc                PROVIDE (_edata, .)
                0x0000000000013acc                _etext = .
                0x0000000000013acc                _textdata = _etext

.igot.plt       0x0000000000013acc        0x0
 .igot.plt      0x0000000000013acc        0x0 flasher_build/obj/crt0.o

.sram2          0x0000000000013acc      0x528
 .sram2         0x0000000000013acc      0x528 flasher_build/obj/axoloti_control.o
                0x0000000000013acc                lcd_buffer
                0x0000000000013eec                control_rx_buffer
                0x0000000000013f70                led_buffer

.stacks         0x0000000010000000      0x400
                0x0000000010000000                . = ALIGN (0x8)
                0x0000000010000000                __main_stack_base__ = .
                0x0000000010000200                . = (. + __main_stack_size__)
 *fill*         0x0000000010000000      0x200 
                0x0000000010000200                . = ALIGN (0x8)
                0x0000000010000200                __main_stack_end__ = .
                0x0000000010000200                __process_stack_base__ = .
                0x0000000010000200                __main_thread_stack_base__ = .
                0x0000000010000400                . = (. + __process_stack_size__)
 *fill*         0x0000000010000200      0x200 
                0x0000000010000400                . = ALIGN (0x8)
                0x0000000010000400                __process_stack_end__ = .
                0x0000000010000400                __main_thread_stack_end__ = .

.bss            0x0000000000013ff8      0x4b4
                0x0000000000013ff8                . = ALIGN (0x4)
                0x0000000000013ff8                PROVIDE (_bss_start, .)
 *(.bss)
                0x0000000000013ff8                . = ALIGN (0x4)
 *(.bss.*)
 .bss.mainthread.4698
                0x0000000000013ff8       0x44 flasher_build/obj/chsys.o
 *fill*         0x000000000001403c        0x4 
 .bss._idle_thread_wa
                0x0000000000014040      0x160 flasher_build/obj/chsys.o
                0x0000000000014040                _idle_thread_wa
 .bss.vtlist    0x00000000000141a0       0x10 flasher_build/obj/chvt.o
                0x00000000000141a0                vtlist
 .bss.rlist     0x00000000000141b0       0x1c flasher_build/obj/chschd.o
                0x00000000000141b0                rlist
 .bss.dma_isr_redir
                0x00000000000141cc       0x80 flasher_build/obj/stm32_dma.o
 .bss.dma_streams_mask
                0x000000000001424c        0x4 flasher_build/obj/stm32_dma.o
 .bss.ADCD1     0x0000000000014250       0x34 flasher_build/obj/adc_lld.o
                0x0000000000014250                ADCD1
 .bss.SPID1     0x0000000000014284       0x30 flasher_build/obj/spi_lld.o
                0x0000000000014284                SPID1
 .bss.SPID2     0x00000000000142b4       0x30 flasher_build/obj/spi_lld.o
                0x00000000000142b4                SPID2
 .bss.SPID3     0x00000000000142e4       0x30 flasher_build/obj/spi_lld.o
                0x00000000000142e4                SPID3
 .bss.dummytx   0x0000000000014314        0x2 flasher_build/obj/spi_lld.o
 *fill*         0x0000000000014316        0x2 
 .bss.PWMD1     0x0000000000014318       0x14 flasher_build/obj/pwm_lld.o
                0x0000000000014318                PWMD1
 .bss.PWMD3     0x000000000001432c       0x14 flasher_build/obj/pwm_lld.o
                0x000000000001432c                PWMD3
 .bss.PWMD4     0x0000000000014340       0x14 flasher_build/obj/pwm_lld.o
                0x0000000000014340                PWMD4
 .bss.PWMD5     0x0000000000014354       0x14 flasher_build/obj/pwm_lld.o
                0x0000000000014354                PWMD5
 .bss.PWMD8     0x0000000000014368       0x14 flasher_build/obj/pwm_lld.o
                0x0000000000014368                PWMD8
 .bss.SD1       0x000000000001437c       0x98 flasher_build/obj/serial_lld.o
                0x000000000001437c                SD1
 .bss.SD2       0x0000000000014414       0x98 flasher_build/obj/serial_lld.o
                0x0000000000014414                SD2
                0x00000000000144ac                . = ALIGN (0x4)
 *(COMMON)
                0x00000000000144ac                . = ALIGN (0x4)
                0x00000000000144ac                PROVIDE (_bss_end, .)
                [!provide]                        PROVIDE (end, .)
                0x00000000000144ac                _end = .
START GROUP
LOAD /usr/lib/gcc/arm-none-eabi/6.3.1/thumb/v7e-m/fpv4-sp/hard/libgcc.a
LOAD /usr/lib/gcc/arm-none-eabi/6.3.1/../../../arm-none-eabi/lib/thumb/v7e-m/fpv4-sp/hard/libg.a
LOAD /usr/lib/gcc/arm-none-eabi/6.3.1/../../../arm-none-eabi/lib/thumb/v7e-m/fpv4-sp/hard/libc.a
END GROUP
OUTPUT(flasher_build/flasher.elf elf32-littlearm)

.debug_info     0x0000000000000000    0x2b545
 .debug_info    0x0000000000000000      0x2b2 flasher_build/obj/crt0.o
 .debug_info    0x00000000000002b2      0x1c9 flasher_build/obj/vectors.o
 .debug_info    0x000000000000047b      0xa0b flasher_build/obj/chcore_v7m.o
 .debug_info    0x0000000000000e86      0x402 flasher_build/obj/nvic.o
 .debug_info    0x0000000000001288      0x8b1 flasher_build/obj/chsys.o
 .debug_info    0x0000000000001b39      0x1ff flasher_build/obj/chvt.o
 .debug_info    0x0000000000001d38      0xa76 flasher_build/obj/chschd.o
 .debug_info    0x00000000000027ae      0xc72 flasher_build/obj/chthreads.o
 .debug_info    0x0000000000003420      0x6a6 flasher_build/obj/chregistry.o
 .debug_info    0x0000000000003ac6      0xa47 flasher_build/obj/chmtx.o
 .debug_info    0x000000000000450d      0xe3e flasher_build/obj/chevents.o
 .debug_info    0x000000000000534b      0xc5c flasher_build/obj/chqueues.o
 .debug_info    0x0000000000005fa7     0x18e0 flasher_build/obj/hal.o
 .debug_info    0x0000000000007887     0x1c28 flasher_build/obj/adc.o
 .debug_info    0x00000000000094af     0x19a8 flasher_build/obj/pwm.o
 .debug_info    0x000000000000ae57     0x1dbc flasher_build/obj/serial.o
 .debug_info    0x000000000000cc13     0x1f0b flasher_build/obj/spi.o
 .debug_info    0x000000000000eb1e     0x1f79 flasher_build/obj/stm32_dma.o
 .debug_info    0x0000000000010a97     0x1aac flasher_build/obj/hal_lld.o
 .debug_info    0x0000000000012543     0x1f69 flasher_build/obj/adc_lld.o
 .debug_info    0x00000000000144ac     0x1b2e flasher_build/obj/pal_lld.o
 .debug_info    0x0000000000015fda     0x1d7c flasher_build/obj/spi_lld.o
 .debug_info    0x0000000000017d56     0x1e3d flasher_build/obj/pwm_lld.o
 .debug_info    0x0000000000019b93     0x1de9 flasher_build/obj/serial_lld.o
 .debug_info    0x000000000001b97c     0x26ac flasher_build/obj/board.o
 .debug_info    0x000000000001e028       0x53 flasher_build/obj/glcdfont.o
 .debug_info    0x000000000001e07b     0x39c0 flasher_build/obj/axoloti_control.o
 .debug_info    0x0000000000021a3b     0x1eb3 flasher_build/obj/sdram.o
 .debug_info    0x00000000000238ee     0x1a1d flasher_build/obj/crc32.o
 .debug_info    0x000000000002530b     0x18d8 flasher_build/obj/flash.o
 .debug_info    0x0000000000026be3     0x16f8 flasher_build/obj/watchdog.o
 .debug_info    0x00000000000282db      0xcad flasher_build/obj/stm32f4xx_fmc.o
 .debug_info    0x0000000000028f88     0x24e1 flasher_build/obj/main.o
 .debug_info    0x000000000002b469       0xdc /usr/lib/gcc/arm-none-eabi/6.3.1/../../../arm-none-eabi/lib/thumb/v7e-m/fpv4-sp/hard/libg.a(lib_a-memcpy.o)

.debug_abbrev   0x0000000000000000     0x4dc3
 .debug_abbrev  0x0000000000000000       0xec flasher_build/obj/crt0.o
 .debug_abbrev  0x00000000000000ec       0xad flasher_build/obj/vectors.o
 .debug_abbrev  0x0000000000000199      0x223 flasher_build/obj/chcore_v7m.o
 .debug_abbrev  0x00000000000003bc      0x10c flasher_build/obj/nvic.o
 .debug_abbrev  0x00000000000004c8      0x20c flasher_build/obj/chsys.o
 .debug_abbrev  0x00000000000006d4      0x115 flasher_build/obj/chvt.o
 .debug_abbrev  0x00000000000007e9      0x30a flasher_build/obj/chschd.o
 .debug_abbrev  0x0000000000000af3      0x340 flasher_build/obj/chthreads.o
 .debug_abbrev  0x0000000000000e33      0x145 flasher_build/obj/chregistry.o
 .debug_abbrev  0x0000000000000f78      0x301 flasher_build/obj/chmtx.o
 .debug_abbrev  0x0000000000001279      0x2ed flasher_build/obj/chevents.o
 .debug_abbrev  0x0000000000001566      0x348 flasher_build/obj/chqueues.o
 .debug_abbrev  0x00000000000018ae      0x27d flasher_build/obj/hal.o
 .debug_abbrev  0x0000000000001b2b      0x2f2 flasher_build/obj/adc.o
 .debug_abbrev  0x0000000000001e1d      0x21e flasher_build/obj/pwm.o
 .debug_abbrev  0x000000000000203b      0x2ab flasher_build/obj/serial.o
 .debug_abbrev  0x00000000000022e6      0x28d flasher_build/obj/spi.o
 .debug_abbrev  0x0000000000002573      0x2a1 flasher_build/obj/stm32_dma.o
 .debug_abbrev  0x0000000000002814      0x1f3 flasher_build/obj/hal_lld.o
 .debug_abbrev  0x0000000000002a07      0x38a flasher_build/obj/adc_lld.o
 .debug_abbrev  0x0000000000002d91      0x248 flasher_build/obj/pal_lld.o
 .debug_abbrev  0x0000000000002fd9      0x301 flasher_build/obj/spi_lld.o
 .debug_abbrev  0x00000000000032da      0x2a7 flasher_build/obj/pwm_lld.o
 .debug_abbrev  0x0000000000003581      0x32c flasher_build/obj/serial_lld.o
 .debug_abbrev  0x00000000000038ad      0x2a2 flasher_build/obj/board.o
 .debug_abbrev  0x0000000000003b4f       0x45 flasher_build/obj/glcdfont.o
 .debug_abbrev  0x0000000000003b94      0x429 flasher_build/obj/axoloti_control.o
 .debug_abbrev  0x0000000000003fbd      0x2bb flasher_build/obj/sdram.o
 .debug_abbrev  0x0000000000004278      0x26a flasher_build/obj/crc32.o
 .debug_abbrev  0x00000000000044e2      0x27c flasher_build/obj/flash.o
 .debug_abbrev  0x000000000000475e      0x1b4 flasher_build/obj/watchdog.o
 .debug_abbrev  0x0000000000004912      0x19f flasher_build/obj/stm32f4xx_fmc.o
 .debug_abbrev  0x0000000000004ab1      0x2fe flasher_build/obj/main.o
 .debug_abbrev  0x0000000000004daf       0x14 /usr/lib/gcc/arm-none-eabi/6.3.1/../../../arm-none-eabi/lib/thumb/v7e-m/fpv4-sp/hard/libg.a(lib_a-memcpy.o)

.debug_loc      0x0000000000000000     0x6e90
 .debug_loc     0x0000000000000000       0xda flasher_build/obj/crt0.o
 .debug_loc     0x00000000000000da       0x5e flasher_build/obj/chcore_v7m.o
 .debug_loc     0x0000000000000138      0x158 flasher_build/obj/nvic.o
 .debug_loc     0x0000000000000290       0x31 flasher_build/obj/chsys.o
 .debug_loc     0x00000000000002c1       0x67 flasher_build/obj/chvt.o
 .debug_loc     0x0000000000000328      0x301 flasher_build/obj/chschd.o
 .debug_loc     0x0000000000000629      0x41b flasher_build/obj/chthreads.o
 .debug_loc     0x0000000000000a44       0x21 flasher_build/obj/chregistry.o
 .debug_loc     0x0000000000000a65      0x3ba flasher_build/obj/chmtx.o
 .debug_loc     0x0000000000000e1f      0x5cd flasher_build/obj/chevents.o
 .debug_loc     0x00000000000013ec      0x679 flasher_build/obj/chqueues.o
 .debug_loc     0x0000000000001a65       0xb0 flasher_build/obj/hal.o
 .debug_loc     0x0000000000001b15      0x3f3 flasher_build/obj/adc.o
 .debug_loc     0x0000000000001f08      0x102 flasher_build/obj/pwm.o
 .debug_loc     0x000000000000200a      0x4e4 flasher_build/obj/serial.o
 .debug_loc     0x00000000000024ee      0x468 flasher_build/obj/spi.o
 .debug_loc     0x0000000000002956      0x276 flasher_build/obj/stm32_dma.o
 .debug_loc     0x0000000000002bcc      0x38c flasher_build/obj/adc_lld.o
 .debug_loc     0x0000000000002f58      0x2c2 flasher_build/obj/pal_lld.o
 .debug_loc     0x000000000000321a      0x28e flasher_build/obj/spi_lld.o
 .debug_loc     0x00000000000034a8      0x385 flasher_build/obj/pwm_lld.o
 .debug_loc     0x000000000000382d      0x23d flasher_build/obj/serial_lld.o
 .debug_loc     0x0000000000003a6a     0x2552 flasher_build/obj/axoloti_control.o
 .debug_loc     0x0000000000005fbc      0x20c flasher_build/obj/sdram.o
 .debug_loc     0x00000000000061c8      0x1a2 flasher_build/obj/crc32.o
 .debug_loc     0x000000000000636a       0x84 flasher_build/obj/flash.o
 .debug_loc     0x00000000000063ee      0x8d5 flasher_build/obj/stm32f4xx_fmc.o
 .debug_loc     0x0000000000006cc3      0x1cd flasher_build/obj/main.o

.debug_aranges  0x0000000000000000      0xb98
 .debug_aranges
                0x0000000000000000       0x38 flasher_build/obj/crt0.o
 .debug_aranges
                0x0000000000000038       0x20 flasher_build/obj/vectors.o
 .debug_aranges
                0x0000000000000058       0x50 flasher_build/obj/chcore_v7m.o
 .debug_aranges
                0x00000000000000a8       0x30 flasher_build/obj/nvic.o
 .debug_aranges
                0x00000000000000d8       0x30 flasher_build/obj/chsys.o
 .debug_aranges
                0x0000000000000108       0x30 flasher_build/obj/chvt.o
 .debug_aranges
                0x0000000000000138       0x68 flasher_build/obj/chschd.o
 .debug_aranges
                0x00000000000001a0       0x78 flasher_build/obj/chthreads.o
 .debug_aranges
                0x0000000000000218       0x28 flasher_build/obj/chregistry.o
 .debug_aranges
                0x0000000000000240       0x58 flasher_build/obj/chmtx.o
 .debug_aranges
                0x0000000000000298       0xa0 flasher_build/obj/chevents.o
 .debug_aranges
                0x0000000000000338       0x70 flasher_build/obj/chqueues.o
 .debug_aranges
                0x00000000000003a8       0x30 flasher_build/obj/hal.o
 .debug_aranges
                0x00000000000003d8       0x70 flasher_build/obj/adc.o
 .debug_aranges
                0x0000000000000448       0x50 flasher_build/obj/pwm.o
 .debug_aranges
                0x0000000000000498       0x88 flasher_build/obj/serial.o
 .debug_aranges
                0x0000000000000520       0x98 flasher_build/obj/spi.o
 .debug_aranges
                0x00000000000005b8       0xb0 flasher_build/obj/stm32_dma.o
 .debug_aranges
                0x0000000000000668       0x28 flasher_build/obj/hal_lld.o
 .debug_aranges
                0x0000000000000690       0x70 flasher_build/obj/adc_lld.o
 .debug_aranges
                0x0000000000000700       0x28 flasher_build/obj/pal_lld.o
 .debug_aranges
                0x0000000000000728       0x78 flasher_build/obj/spi_lld.o
 .debug_aranges
                0x00000000000007a0       0x80 flasher_build/obj/pwm_lld.o
 .debug_aranges
                0x0000000000000820       0x58 flasher_build/obj/serial_lld.o
 .debug_aranges
                0x0000000000000878       0x28 flasher_build/obj/board.o
 .debug_aranges
                0x00000000000008a0       0x18 flasher_build/obj/glcdfont.o
 .debug_aranges
                0x00000000000008b8       0xc8 flasher_build/obj/axoloti_control.o
 .debug_aranges
                0x0000000000000980       0x48 flasher_build/obj/sdram.o
 .debug_aranges
                0x00000000000009c8       0x28 flasher_build/obj/crc32.o
 .debug_aranges
                0x00000000000009f0       0x40 flasher_build/obj/flash.o
 .debug_aranges
                0x0000000000000a30       0x20 flasher_build/obj/watchdog.o
 .debug_aranges
                0x0000000000000a50       0xf0 flasher_build/obj/stm32f4xx_fmc.o
 .debug_aranges
                0x0000000000000b40       0x38 flasher_build/obj/main.o
 .debug_aranges
                0x0000000000000b78       0x20 /usr/lib/gcc/arm-none-eabi/6.3.1/../../../arm-none-eabi/lib/thumb/v7e-m/fpv4-sp/hard/libg.a(lib_a-memcpy.o)

.debug_ranges   0x0000000000000000     0x1500
 .debug_ranges  0x0000000000000000       0x58 flasher_build/obj/crt0.o
 .debug_ranges  0x0000000000000058       0x10 flasher_build/obj/vectors.o
 .debug_ranges  0x0000000000000068       0x58 flasher_build/obj/chcore_v7m.o
 .debug_ranges  0x00000000000000c0       0x20 flasher_build/obj/nvic.o
 .debug_ranges  0x00000000000000e0       0x38 flasher_build/obj/chsys.o
 .debug_ranges  0x0000000000000118       0x20 flasher_build/obj/chvt.o
 .debug_ranges  0x0000000000000138      0x1a8 flasher_build/obj/chschd.o
 .debug_ranges  0x00000000000002e0      0x128 flasher_build/obj/chthreads.o
 .debug_ranges  0x0000000000000408       0x48 flasher_build/obj/chregistry.o
 .debug_ranges  0x0000000000000450      0x178 flasher_build/obj/chmtx.o
 .debug_ranges  0x00000000000005c8       0xc0 flasher_build/obj/chevents.o
 .debug_ranges  0x0000000000000688       0xd0 flasher_build/obj/chqueues.o
 .debug_ranges  0x0000000000000758       0x38 flasher_build/obj/hal.o
 .debug_ranges  0x0000000000000790       0xd8 flasher_build/obj/adc.o
 .debug_ranges  0x0000000000000868       0x70 flasher_build/obj/pwm.o
 .debug_ranges  0x00000000000008d8       0xa8 flasher_build/obj/serial.o
 .debug_ranges  0x0000000000000980      0x100 flasher_build/obj/spi.o
 .debug_ranges  0x0000000000000a80       0xa0 flasher_build/obj/stm32_dma.o
 .debug_ranges  0x0000000000000b20       0x30 flasher_build/obj/hal_lld.o
 .debug_ranges  0x0000000000000b50       0xc8 flasher_build/obj/adc_lld.o
 .debug_ranges  0x0000000000000c18       0xa8 flasher_build/obj/pal_lld.o
 .debug_ranges  0x0000000000000cc0       0x68 flasher_build/obj/spi_lld.o
 .debug_ranges  0x0000000000000d28       0x70 flasher_build/obj/pwm_lld.o
 .debug_ranges  0x0000000000000d98       0xd8 flasher_build/obj/serial_lld.o
 .debug_ranges  0x0000000000000e70       0x18 flasher_build/obj/board.o
 .debug_ranges  0x0000000000000e88      0x4a8 flasher_build/obj/axoloti_control.o
 .debug_ranges  0x0000000000001330       0x38 flasher_build/obj/sdram.o
 .debug_ranges  0x0000000000001368       0x18 flasher_build/obj/crc32.o
 .debug_ranges  0x0000000000001380       0x48 flasher_build/obj/flash.o
 .debug_ranges  0x00000000000013c8       0x10 flasher_build/obj/watchdog.o
 .debug_ranges  0x00000000000013d8       0xe0 flasher_build/obj/stm32f4xx_fmc.o
 .debug_ranges  0x00000000000014b8       0x48 flasher_build/obj/main.o

.debug_line     0x0000000000000000     0x94b6
 .debug_line    0x0000000000000000      0x20e flasher_build/obj/crt0.o
 .debug_line    0x000000000000020e      0x1a8 flasher_build/obj/vectors.o
 .debug_line    0x00000000000003b6      0x36f flasher_build/obj/chcore_v7m.o
 .debug_line    0x0000000000000725      0x1dd flasher_build/obj/nvic.o
 .debug_line    0x0000000000000902      0x391 flasher_build/obj/chsys.o
 .debug_line    0x0000000000000c93      0x2bc flasher_build/obj/chvt.o
 .debug_line    0x0000000000000f4f      0x4ca flasher_build/obj/chschd.o
 .debug_line    0x0000000000001419      0x52f flasher_build/obj/chthreads.o
 .debug_line    0x0000000000001948      0x36a flasher_build/obj/chregistry.o
 .debug_line    0x0000000000001cb2      0x47c flasher_build/obj/chmtx.o
 .debug_line    0x000000000000212e      0x47b flasher_build/obj/chevents.o
 .debug_line    0x00000000000025a9      0x502 flasher_build/obj/chqueues.o
 .debug_line    0x0000000000002aab      0x497 flasher_build/obj/hal.o
 .debug_line    0x0000000000002f42      0x503 flasher_build/obj/adc.o
 .debug_line    0x0000000000003445      0x461 flasher_build/obj/pwm.o
 .debug_line    0x00000000000038a6      0x4eb flasher_build/obj/serial.o
 .debug_line    0x0000000000003d91      0x515 flasher_build/obj/spi.o
 .debug_line    0x00000000000042a6      0x630 flasher_build/obj/stm32_dma.o
 .debug_line    0x00000000000048d6      0x49a flasher_build/obj/hal_lld.o
 .debug_line    0x0000000000004d70      0x634 flasher_build/obj/adc_lld.o
 .debug_line    0x00000000000053a4      0x461 flasher_build/obj/pal_lld.o
 .debug_line    0x0000000000005805      0x5c4 flasher_build/obj/spi_lld.o
 .debug_line    0x0000000000005dc9      0x5dc flasher_build/obj/pwm_lld.o
 .debug_line    0x00000000000063a5      0x526 flasher_build/obj/serial_lld.o
 .debug_line    0x00000000000068cb      0x457 flasher_build/obj/board.o
 .debug_line    0x0000000000006d22       0x2e flasher_build/obj/glcdfont.o
 .debug_line    0x0000000000006d50      0x930 flasher_build/obj/axoloti_control.o
 .debug_line    0x0000000000007680      0x58d flasher_build/obj/sdram.o
 .debug_line    0x0000000000007c0d      0x411 flasher_build/obj/crc32.o
 .debug_line    0x000000000000801e      0x444 flasher_build/obj/flash.o
 .debug_line    0x0000000000008462      0x3c8 flasher_build/obj/watchdog.o
 .debug_line    0x000000000000882a      0x663 flasher_build/obj/stm32f4xx_fmc.o
 .debug_line    0x0000000000008e8d      0x568 flasher_build/obj/main.o
 .debug_line    0x00000000000093f5       0xc1 /usr/lib/gcc/arm-none-eabi/6.3.1/../../../arm-none-eabi/lib/thumb/v7e-m/fpv4-sp/hard/libg.a(lib_a-memcpy.o)

.debug_str      0x0000000000000000     0x4262
 .debug_str     0x0000000000000000      0x302 flasher_build/obj/crt0.o
                                        0x347 (size before relaxing)
 .debug_str     0x0000000000000302      0x197 flasher_build/obj/vectors.o
                                        0x368 (size before relaxing)
 .debug_str     0x0000000000000499      0x35d flasher_build/obj/chcore_v7m.o
                                        0x543 (size before relaxing)
 .debug_str     0x00000000000007f6       0xf0 flasher_build/obj/nvic.o
                                        0x33a (size before relaxing)
 .debug_str     0x00000000000008e6      0x245 flasher_build/obj/chsys.o
                                        0x5e5 (size before relaxing)
 .debug_str     0x0000000000000b2b       0x88 flasher_build/obj/chvt.o
                                        0x2bb (size before relaxing)
 .debug_str     0x0000000000000bb3      0x127 flasher_build/obj/chschd.o
                                        0x51a (size before relaxing)
 .debug_str     0x0000000000000cda      0x118 flasher_build/obj/chthreads.o
                                        0x578 (size before relaxing)
 .debug_str     0x0000000000000df2       0x94 flasher_build/obj/chregistry.o
                                        0x506 (size before relaxing)
 .debug_str     0x0000000000000e86       0xe3 flasher_build/obj/chmtx.o
                                        0x49f (size before relaxing)
 .debug_str     0x0000000000000f69      0x20b flasher_build/obj/chevents.o
                                        0x5c3 (size before relaxing)
 .debug_str     0x0000000000001174      0x178 flasher_build/obj/chqueues.o
                                        0x52a (size before relaxing)
 .debug_str     0x00000000000012ec      0x7c6 flasher_build/obj/hal.o
                                        0xcc1 (size before relaxing)
 .debug_str     0x0000000000001ab2      0x11a flasher_build/obj/adc.o
                                        0xd2c (size before relaxing)
 .debug_str     0x0000000000001bcc       0xeb flasher_build/obj/pwm.o
                                        0xcbe (size before relaxing)
 .debug_str     0x0000000000001cb7       0xb0 flasher_build/obj/serial.o
                                        0xd26 (size before relaxing)
 .debug_str     0x0000000000001d67      0x177 flasher_build/obj/spi.o
                                        0xd70 (size before relaxing)
 .debug_str     0x0000000000001ede      0x740 flasher_build/obj/stm32_dma.o
                                       0x1354 (size before relaxing)
 .debug_str     0x000000000000261e       0xd1 flasher_build/obj/hal_lld.o
                                        0xdbe (size before relaxing)
 .debug_str     0x00000000000026ef       0xdb flasher_build/obj/adc_lld.o
                                       0x133d (size before relaxing)
 .debug_str     0x00000000000027ca       0x8a flasher_build/obj/pal_lld.o
                                        0xd2e (size before relaxing)
 .debug_str     0x0000000000002854       0xae flasher_build/obj/spi_lld.o
                                        0xe2f (size before relaxing)
 .debug_str     0x0000000000002902       0x9d flasher_build/obj/pwm_lld.o
                                        0xde4 (size before relaxing)
 .debug_str     0x000000000000299f       0x89 flasher_build/obj/serial_lld.o
                                        0xddd (size before relaxing)
 .debug_str     0x0000000000002a28      0x667 flasher_build/obj/board.o
                                       0x1350 (size before relaxing)
 .debug_str     0x000000000000308f       0x13 flasher_build/obj/glcdfont.o
                                        0x192 (size before relaxing)
 .debug_str     0x00000000000030a2      0x608 flasher_build/obj/axoloti_control.o
                                       0x1663 (size before relaxing)
 .debug_str     0x00000000000036aa      0x401 flasher_build/obj/sdram.o
                                       0x10c0 (size before relaxing)
 .debug_str     0x0000000000003aab       0x3b flasher_build/obj/crc32.o
                                        0xcdf (size before relaxing)
 .debug_str     0x0000000000003ae6       0x79 flasher_build/obj/flash.o
                                        0xc8d (size before relaxing)
 .debug_str     0x0000000000003b5f       0x1c flasher_build/obj/watchdog.o
                                        0xbed (size before relaxing)
 .debug_str     0x0000000000003b7b      0x66b flasher_build/obj/stm32f4xx_fmc.o
                                        0xb2c (size before relaxing)
 .debug_str     0x00000000000041e6       0x7c flasher_build/obj/main.o
                                       0x1212 (size before relaxing)

.comment        0x0000000000000000       0xa1
 .comment       0x0000000000000000       0x70 flasher_build/obj/crt0.o
                                         0x71 (size before relaxing)
 .comment       0x0000000000000070       0x71 flasher_build/obj/vectors.o
 .comment       0x0000000000000070       0x71 flasher_build/obj/chcore_v7m.o
 .comment       0x0000000000000070       0x71 flasher_build/obj/nvic.o
 .comment       0x0000000000000070       0x71 flasher_build/obj/chsys.o
 .comment       0x0000000000000070       0x71 flasher_build/obj/chvt.o
 .comment       0x0000000000000070       0x71 flasher_build/obj/chschd.o
 .comment       0x0000000000000070       0x71 flasher_build/obj/chthreads.o
 .comment       0x0000000000000070       0x71 flasher_build/obj/chregistry.o
 .comment       0x0000000000000070       0x71 flasher_build/obj/chmtx.o
 .comment       0x0000000000000070       0x71 flasher_build/obj/chevents.o
 .comment       0x0000000000000070       0x71 flasher_build/obj/chqueues.o
 .comment       0x0000000000000070       0x31 flasher_build/obj/hal.o
                                         0x32 (size before relaxing)
 .comment       0x00000000000000a1       0x32 flasher_build/obj/adc.o
 .comment       0x00000000000000a1       0x32 flasher_build/obj/pwm.o
 .comment       0x00000000000000a1       0x32 flasher_build/obj/serial.o
 .comment       0x00000000000000a1       0x32 flasher_build/obj/spi.o
 .comment       0x00000000000000a1       0x32 flasher_build/obj/stm32_dma.o
 .comment       0x00000000000000a1       0x32 flasher_build/obj/hal_lld.o
 .comment       0x00000000000000a1       0x32 flasher_build/obj/adc_lld.o
 .comment       0x00000000000000a1       0x32 flasher_build/obj/pal_lld.o
 .comment       0x00000000000000a1       0x32 flasher_build/obj/spi_lld.o
 .comment       0x00000000000000a1       0x32 flasher_build/obj/pwm_lld.o
 .comment       0x00000000000000a1       0x32 flasher_build/obj/serial_lld.o
 .comment       0x00000000000000a1       0x32 flasher_build/obj/board.o
 .comment       0x00000000000000a1       0x71 flasher_build/obj/glcdfont.o
 .comment       0x00000000000000a1       0x32 flasher_build/obj/axoloti_control.o
 .comment       0x00000000000000a1       0x32 flasher_build/obj/sdram.o
 .comment       0x00000000000000a1       0x32 flasher_build/obj/crc32.o
 .comment       0x00000000000000a1       0x32 flasher_build/obj/flash.o
 .comment       0x00000000000000a1       0x32 flasher_build/obj/watchdog.o
 .comment       0x00000000000000a1       0x71 flasher_build/obj/stm32f4xx_fmc.o
 .comment       0x00000000000000a1       0x32 flasher_build/obj/main.o

.ARM.attributes
                0x0000000000000000       0x37
 .ARM.attributes
                0x0000000000000000       0x39 flasher_build/obj/crt0.o
 .ARM.attributes
                0x0000000000000039       0x39 flasher_build/obj/vectors.o
 .ARM.attributes
                0x0000000000000072       0x39 flasher_build/obj/chcore_v7m.o
 .ARM.attributes
                0x00000000000000ab       0x39 flasher_build/obj/nvic.o
 .ARM.attributes
                0x00000000000000e4       0x39 flasher_build/obj/chsys.o
 .ARM.attributes
                0x000000000000011d       0x39 flasher_build/obj/chvt.o
 .ARM.attributes
                0x0000000000000156       0x39 flasher_build/obj/chschd.o
 .ARM.attributes
                0x000000000000018f       0x39 flasher_build/obj/chthreads.o
 .ARM.attributes
                0x00000000000001c8       0x39 flasher_build/obj/chregistry.o
 .ARM.attributes
                0x0000000000000201       0x39 flasher_build/obj/chmtx.o
 .ARM.attributes
                0x000000000000023a       0x39 flasher_build/obj/chevents.o
 .ARM.attributes
                0x0000000000000273       0x39 flasher_build/obj/chqueues.o
 .ARM.attributes
                0x00000000000002ac       0x39 flasher_build/obj/hal.o
 .ARM.attributes
                0x00000000000002e5       0x39 flasher_build/obj/adc.o
 .ARM.attributes
                0x000000000000031e       0x39 flasher_build/obj/pwm.o
 .ARM.attributes
                0x0000000000000357       0x39 flasher_build/obj/serial.o
 .ARM.attributes
                0x0000000000000390       0x39 flasher_build/obj/spi.o
 .ARM.attributes
                0x00000000000003c9       0x39 flasher_build/obj/stm32_dma.o
 .ARM.attributes
                0x0000000000000402       0x39 flasher_build/obj/hal_lld.o
 .ARM.attributes
                0x000000000000043b       0x39 flasher_build/obj/adc_lld.o
 .ARM.attributes
                0x0000000000000474       0x39 flasher_build/obj/pal_lld.o
 .ARM.attributes
                0x00000000000004ad       0x39 flasher_build/obj/spi_lld.o
 .ARM.attributes
                0x00000000000004e6       0x39 flasher_build/obj/pwm_lld.o
 .ARM.attributes
                0x000000000000051f       0x39 flasher_build/obj/serial_lld.o
 .ARM.attributes
                0x0000000000000558       0x39 flasher_build/obj/board.o
 .ARM.attributes
                0x0000000000000591       0x39 flasher_build/obj/glcdfont.o
 .ARM.attributes
                0x00000000000005ca       0x39 flasher_build/obj/axoloti_control.o
 .ARM.attributes
                0x0000000000000603       0x39 flasher_build/obj/sdram.o
 .ARM.attributes
                0x000000000000063c       0x39 flasher_build/obj/crc32.o
 .ARM.attributes
                0x0000000000000675       0x39 flasher_build/obj/flash.o
 .ARM.attributes
                0x00000000000006ae       0x39 flasher_build/obj/watchdog.o
 .ARM.attributes
                0x00000000000006e7       0x39 flasher_build/obj/stm32f4xx_fmc.o
 .ARM.attributes
                0x0000000000000720       0x39 flasher_build/obj/main.o
 .ARM.attributes
                0x0000000000000759       0x20 /usr/lib/gcc/arm-none-eabi/6.3.1/../../../arm-none-eabi/lib/thumb/v7e-m/fpv4-sp/hard/libg.a(lib_a-memcpy.o)

.debug_frame    0x0000000000000000     0x211c
 .debug_frame   0x0000000000000000       0x50 flasher_build/obj/crt0.o
 .debug_frame   0x0000000000000050       0x20 flasher_build/obj/vectors.o
 .debug_frame   0x0000000000000070       0xa0 flasher_build/obj/chcore_v7m.o
 .debug_frame   0x0000000000000110       0x74 flasher_build/obj/nvic.o
 .debug_frame   0x0000000000000184       0x5c flasher_build/obj/chsys.o
 .debug_frame   0x00000000000001e0       0x58 flasher_build/obj/chvt.o
 .debug_frame   0x0000000000000238      0x158 flasher_build/obj/chschd.o
 .debug_frame   0x0000000000000390      0x188 flasher_build/obj/chthreads.o
 .debug_frame   0x0000000000000518       0x30 flasher_build/obj/chregistry.o
 .debug_frame   0x0000000000000548       0xec flasher_build/obj/chmtx.o
 .debug_frame   0x0000000000000634      0x1dc flasher_build/obj/chevents.o
 .debug_frame   0x0000000000000810      0x190 flasher_build/obj/chqueues.o
 .debug_frame   0x00000000000009a0       0x50 flasher_build/obj/hal.o
 .debug_frame   0x00000000000009f0      0x134 flasher_build/obj/adc.o
 .debug_frame   0x0000000000000b24       0xb0 flasher_build/obj/pwm.o
 .debug_frame   0x0000000000000bd4      0x14c flasher_build/obj/serial.o
 .debug_frame   0x0000000000000d20      0x1a8 flasher_build/obj/spi.o
 .debug_frame   0x0000000000000ec8      0x270 flasher_build/obj/stm32_dma.o
 .debug_frame   0x0000000000001138       0x50 flasher_build/obj/hal_lld.o
 .debug_frame   0x0000000000001188      0x194 flasher_build/obj/adc_lld.o
 .debug_frame   0x000000000000131c       0x64 flasher_build/obj/pal_lld.o
 .debug_frame   0x0000000000001380      0x174 flasher_build/obj/spi_lld.o
 .debug_frame   0x00000000000014f4      0x1b8 flasher_build/obj/pwm_lld.o
 .debug_frame   0x00000000000016ac       0xe8 flasher_build/obj/serial_lld.o
 .debug_frame   0x0000000000001794       0x5c flasher_build/obj/board.o
 .debug_frame   0x00000000000017f0      0x414 flasher_build/obj/axoloti_control.o
 .debug_frame   0x0000000000001c04       0xd0 flasher_build/obj/sdram.o
 .debug_frame   0x0000000000001cd4       0x48 flasher_build/obj/crc32.o
 .debug_frame   0x0000000000001d1c       0x7c flasher_build/obj/flash.o
 .debug_frame   0x0000000000001d98       0x30 flasher_build/obj/watchdog.o
 .debug_frame   0x0000000000001dc8      0x2d0 flasher_build/obj/stm32f4xx_fmc.o
 .debug_frame   0x0000000000002098       0x84 flasher_build/obj/main.o

Cross Reference Table

Symbol                                            File
ADCD1                                             flasher_build/obj/adc_lld.o
                                                  flasher_build/obj/axoloti_board.o
Btn_Nav_And                                       flasher_build/obj/main.o
                                                  flasher_build/obj/axoloti_control.o
Btn_Nav_CurStates                                 flasher_build/obj/main.o
Btn_Nav_Or                                        flasher_build/obj/main.o
                                                  flasher_build/obj/axoloti_control.o
Btn_Nav_PrevStates                                flasher_build/obj/main.o
BusFaultVector                                    flasher_build/obj/vectors.o
CalcCRC32                                         flasher_build/obj/crc32.o
                                                  flasher_build/obj/main.o
DebugMonitorVector                                flasher_build/obj/vectors.o
DispayAbortErr                                    flasher_build/obj/main.o
EncBuffer                                         flasher_build/obj/main.o
                                                  flasher_build/obj/axoloti_control.o
FMC_ClearFlag                                     flasher_build/obj/stm32f4xx_fmc.o
FMC_ClearITPendingBit                             flasher_build/obj/stm32f4xx_fmc.o
FMC_GetECC                                        flasher_build/obj/stm32f4xx_fmc.o
FMC_GetFlagStatus                                 flasher_build/obj/stm32f4xx_fmc.o
                                                  flasher_build/obj/sdram.o
FMC_GetITStatus                                   flasher_build/obj/stm32f4xx_fmc.o
FMC_GetModeStatus                                 flasher_build/obj/stm32f4xx_fmc.o
FMC_ITConfig                                      flasher_build/obj/stm32f4xx_fmc.o
FMC_NANDCmd                                       flasher_build/obj/stm32f4xx_fmc.o
FMC_NANDDeInit                                    flasher_build/obj/stm32f4xx_fmc.o
FMC_NANDECCCmd                                    flasher_build/obj/stm32f4xx_fmc.o
FMC_NANDInit                                      flasher_build/obj/stm32f4xx_fmc.o
FMC_NANDStructInit                                flasher_build/obj/stm32f4xx_fmc.o
FMC_NORSRAMCmd                                    flasher_build/obj/stm32f4xx_fmc.o
FMC_NORSRAMDeInit                                 flasher_build/obj/stm32f4xx_fmc.o
FMC_NORSRAMInit                                   flasher_build/obj/stm32f4xx_fmc.o
FMC_NORSRAMStructInit                             flasher_build/obj/stm32f4xx_fmc.o
FMC_PCCARDCmd                                     flasher_build/obj/stm32f4xx_fmc.o
FMC_PCCARDDeInit                                  flasher_build/obj/stm32f4xx_fmc.o
FMC_PCCARDInit                                    flasher_build/obj/stm32f4xx_fmc.o
FMC_PCCARDStructInit                              flasher_build/obj/stm32f4xx_fmc.o
FMC_SDRAMCmdConfig                                flasher_build/obj/stm32f4xx_fmc.o
                                                  flasher_build/obj/sdram.o
FMC_SDRAMDeInit                                   flasher_build/obj/stm32f4xx_fmc.o
FMC_SDRAMInit                                     flasher_build/obj/stm32f4xx_fmc.o
                                                  flasher_build/obj/sdram.o
FMC_SDRAMStructInit                               flasher_build/obj/stm32f4xx_fmc.o
FMC_SDRAMWriteProtectionConfig                    flasher_build/obj/stm32f4xx_fmc.o
                                                  flasher_build/obj/sdram.o
FMC_SetAutoRefresh_Number                         flasher_build/obj/stm32f4xx_fmc.o
FMC_SetRefreshCount                               flasher_build/obj/stm32f4xx_fmc.o
                                                  flasher_build/obj/sdram.o
HAL_DBGMCU_DisableDBGSleepMode                    flasher_build/obj/stm32f4xx_hal.o
HAL_DBGMCU_DisableDBGStandbyMode                  flasher_build/obj/stm32f4xx_hal.o
HAL_DBGMCU_DisableDBGStopMode                     flasher_build/obj/stm32f4xx_hal.o
HAL_DBGMCU_EnableDBGSleepMode                     flasher_build/obj/stm32f4xx_hal.o
HAL_DBGMCU_EnableDBGStandbyMode                   flasher_build/obj/stm32f4xx_hal.o
HAL_DBGMCU_EnableDBGStopMode                      flasher_build/obj/stm32f4xx_hal.o
HAL_DeInit                                        flasher_build/obj/stm32f4xx_hal.o
HAL_Delay                                         flasher_build/obj/stm32f4xx_hal.o
HAL_DisableCompensationCell                       flasher_build/obj/stm32f4xx_hal.o
HAL_DisableMemorySwappingBank                     flasher_build/obj/stm32f4xx_hal.o
HAL_EnableCompensationCell                        flasher_build/obj/stm32f4xx_hal.o
HAL_EnableMemorySwappingBank                      flasher_build/obj/stm32f4xx_hal.o
HAL_GetDEVID                                      flasher_build/obj/stm32f4xx_hal.o
HAL_GetHalVersion                                 flasher_build/obj/stm32f4xx_hal.o
HAL_GetREVID                                      flasher_build/obj/stm32f4xx_hal.o
HAL_GetTick                                       flasher_build/obj/stm32f4xx_hal.o
HAL_IncTick                                       flasher_build/obj/stm32f4xx_hal.o
HAL_Init                                          flasher_build/obj/stm32f4xx_hal.o
HAL_InitTick                                      flasher_build/obj/stm32f4xx_hal.o
HAL_MspDeInit                                     flasher_build/obj/stm32f4xx_hal.o
HAL_MspInit                                       flasher_build/obj/stm32f4xx_hal.o
HAL_NVIC_SetPriority                              flasher_build/obj/stm32f4xx_hal.o
HAL_NVIC_SetPriorityGrouping                      flasher_build/obj/stm32f4xx_hal.o
HAL_RCC_GetHCLKFreq                               flasher_build/obj/stm32f4xx_hal.o
HAL_ResumeTick                                    flasher_build/obj/stm32f4xx_hal.o
HAL_SYSTICK_Config                                flasher_build/obj/stm32f4xx_hal.o
HAL_SuspendTick                                   flasher_build/obj/stm32f4xx_hal.o
HardFaultVector                                   flasher_build/obj/vectors.o
LCD_clearDisplay                                  flasher_build/obj/axoloti_control.o
LCD_clearPixel                                    flasher_build/obj/axoloti_control.o
LCD_drawChar                                      flasher_build/obj/axoloti_control.o
LCD_drawCharInv                                   flasher_build/obj/axoloti_control.o
LCD_drawIBAR                                      flasher_build/obj/axoloti_control.o
LCD_drawIBARadd                                   flasher_build/obj/axoloti_control.o
LCD_drawNumber3D                                  flasher_build/obj/axoloti_control.o
                                                  flasher_build/obj/main.o
LCD_drawNumber3DInv                               flasher_build/obj/axoloti_control.o
LCD_drawNumber5D                                  flasher_build/obj/axoloti_control.o
LCD_drawNumber5DInv                               flasher_build/obj/axoloti_control.o
LCD_drawPixel                                     flasher_build/obj/axoloti_control.o
LCD_drawString                                    flasher_build/obj/axoloti_control.o
LCD_drawStringInv                                 flasher_build/obj/axoloti_control.o
LCD_drawStringInvN                                flasher_build/obj/axoloti_control.o
LCD_drawStringN                                   flasher_build/obj/axoloti_control.o
                                                  flasher_build/obj/main.o
LCD_getPixel                                      flasher_build/obj/axoloti_control.o
LCD_setPixel                                      flasher_build/obj/axoloti_control.o
LCD_updateBoundingBox                             flasher_build/obj/axoloti_control.o
MemManageVector                                   flasher_build/obj/vectors.o
Mutex_DMAStream_1_7                               flasher_build/obj/axoloti_board.o
                                                  flasher_build/obj/axoloti_control.o
NMIVector                                         flasher_build/obj/vectors.o
PWMD1                                             flasher_build/obj/pwm_lld.o
PWMD3                                             flasher_build/obj/pwm_lld.o
PWMD4                                             flasher_build/obj/pwm_lld.o
PWMD5                                             flasher_build/obj/pwm_lld.o
PWMD8                                             flasher_build/obj/pwm_lld.o
PendSVVector                                      flasher_build/obj/vectors.o
ResetHandler                                      flasher_build/obj/crt0.o
                                                  flasher_build/obj/vectors.o
SD1                                               flasher_build/obj/serial_lld.o
SD2                                               flasher_build/obj/serial_lld.o
SDRAM_Init                                        flasher_build/obj/sdram.o
SDRAM_InitSequence                                flasher_build/obj/sdram.o
SDRAM_ReadBuffer                                  flasher_build/obj/sdram.o
                                                  flasher_build/obj/main.o
SDRAM_WriteBuffer                                 flasher_build/obj/sdram.o
SPID1                                             flasher_build/obj/spi_lld.o
SPID2                                             flasher_build/obj/spi_lld.o
SPID3                                             flasher_build/obj/spi_lld.o
                                                  flasher_build/obj/axoloti_control.o
SVCallVector                                      flasher_build/obj/chcore_v7m.o
                                                  flasher_build/obj/vectors.o
SysTickVector                                     flasher_build/obj/chcore_v7m.o
                                                  flasher_build/obj/vectors.o
UsageFaultVector                                  flasher_build/obj/vectors.o
Vector100                                         flasher_build/obj/vectors.o
Vector104                                         flasher_build/obj/vectors.o
Vector108                                         flasher_build/obj/pwm_lld.o
                                                  flasher_build/obj/vectors.o
Vector10C                                         flasher_build/obj/vectors.o
Vector110                                         flasher_build/obj/vectors.o
Vector114                                         flasher_build/obj/vectors.o
Vector118                                         flasher_build/obj/vectors.o
Vector11C                                         flasher_build/obj/vectors.o
Vector120                                         flasher_build/obj/stm32_dma.o
                                                  flasher_build/obj/vectors.o
Vector124                                         flasher_build/obj/stm32_dma.o
                                                  flasher_build/obj/vectors.o
Vector128                                         flasher_build/obj/stm32_dma.o
                                                  flasher_build/obj/vectors.o
Vector12C                                         flasher_build/obj/stm32_dma.o
                                                  flasher_build/obj/vectors.o
Vector130                                         flasher_build/obj/stm32_dma.o
                                                  flasher_build/obj/vectors.o
Vector134                                         flasher_build/obj/vectors.o
Vector138                                         flasher_build/obj/vectors.o
Vector13C                                         flasher_build/obj/vectors.o
Vector140                                         flasher_build/obj/vectors.o
Vector144                                         flasher_build/obj/vectors.o
Vector148                                         flasher_build/obj/vectors.o
Vector14C                                         flasher_build/obj/vectors.o
Vector150                                         flasher_build/obj/stm32_dma.o
                                                  flasher_build/obj/vectors.o
Vector154                                         flasher_build/obj/stm32_dma.o
                                                  flasher_build/obj/vectors.o
Vector158                                         flasher_build/obj/stm32_dma.o
                                                  flasher_build/obj/vectors.o
Vector15C                                         flasher_build/obj/vectors.o
Vector160                                         flasher_build/obj/vectors.o
Vector164                                         flasher_build/obj/vectors.o
Vector168                                         flasher_build/obj/vectors.o
Vector16C                                         flasher_build/obj/vectors.o
Vector170                                         flasher_build/obj/vectors.o
Vector174                                         flasher_build/obj/board.o
                                                  flasher_build/obj/vectors.o
Vector178                                         flasher_build/obj/vectors.o
Vector17C                                         flasher_build/obj/vectors.o
Vector180                                         flasher_build/obj/vectors.o
Vector184                                         flasher_build/obj/vectors.o
Vector188                                         flasher_build/obj/vectors.o
Vector18C                                         flasher_build/obj/vectors.o
Vector190                                         flasher_build/obj/vectors.o
Vector194                                         flasher_build/obj/vectors.o
Vector198                                         flasher_build/obj/vectors.o
Vector19C                                         flasher_build/obj/vectors.o
Vector1A0                                         flasher_build/obj/vectors.o
Vector1A4                                         flasher_build/obj/vectors.o
Vector1A8                                         flasher_build/obj/vectors.o
Vector1C                                          flasher_build/obj/vectors.o
Vector20                                          flasher_build/obj/vectors.o
Vector24                                          flasher_build/obj/vectors.o
Vector28                                          flasher_build/obj/vectors.o
Vector34                                          flasher_build/obj/vectors.o
Vector40                                          flasher_build/obj/vectors.o
Vector44                                          flasher_build/obj/vectors.o
Vector48                                          flasher_build/obj/vectors.o
Vector4C                                          flasher_build/obj/vectors.o
Vector50                                          flasher_build/obj/vectors.o
Vector54                                          flasher_build/obj/vectors.o
Vector58                                          flasher_build/obj/vectors.o
Vector5C                                          flasher_build/obj/vectors.o
Vector60                                          flasher_build/obj/vectors.o
Vector64                                          flasher_build/obj/vectors.o
Vector68                                          flasher_build/obj/vectors.o
Vector6C                                          flasher_build/obj/stm32_dma.o
                                                  flasher_build/obj/vectors.o
Vector70                                          flasher_build/obj/stm32_dma.o
                                                  flasher_build/obj/vectors.o
Vector74                                          flasher_build/obj/stm32_dma.o
                                                  flasher_build/obj/vectors.o
Vector78                                          flasher_build/obj/stm32_dma.o
                                                  flasher_build/obj/vectors.o
Vector7C                                          flasher_build/obj/stm32_dma.o
                                                  flasher_build/obj/vectors.o
Vector80                                          flasher_build/obj/stm32_dma.o
                                                  flasher_build/obj/vectors.o
Vector84                                          flasher_build/obj/stm32_dma.o
                                                  flasher_build/obj/vectors.o
Vector88                                          flasher_build/obj/adc_lld.o
                                                  flasher_build/obj/vectors.o
Vector8C                                          flasher_build/obj/vectors.o
Vector90                                          flasher_build/obj/vectors.o
Vector94                                          flasher_build/obj/vectors.o
Vector98                                          flasher_build/obj/vectors.o
Vector9C                                          flasher_build/obj/vectors.o
VectorA0                                          flasher_build/obj/vectors.o
VectorA4                                          flasher_build/obj/pwm_lld.o
                                                  flasher_build/obj/vectors.o
VectorA8                                          flasher_build/obj/vectors.o
VectorAC                                          flasher_build/obj/pwm_lld.o
                                                  flasher_build/obj/vectors.o
VectorB0                                          flasher_build/obj/vectors.o
VectorB4                                          flasher_build/obj/pwm_lld.o
                                                  flasher_build/obj/vectors.o
VectorB8                                          flasher_build/obj/pwm_lld.o
                                                  flasher_build/obj/vectors.o
VectorBC                                          flasher_build/obj/vectors.o
VectorC0                                          flasher_build/obj/vectors.o
VectorC4                                          flasher_build/obj/vectors.o
VectorC8                                          flasher_build/obj/vectors.o
VectorCC                                          flasher_build/obj/vectors.o
VectorD0                                          flasher_build/obj/vectors.o
VectorD4                                          flasher_build/obj/serial_lld.o
                                                  flasher_build/obj/vectors.o
VectorD8                                          flasher_build/obj/serial_lld.o
                                                  flasher_build/obj/vectors.o
VectorDC                                          flasher_build/obj/vectors.o
VectorE0                                          flasher_build/obj/vectors.o
VectorE4                                          flasher_build/obj/vectors.o
VectorE8                                          flasher_build/obj/vectors.o
VectorEC                                          flasher_build/obj/vectors.o
VectorF0                                          flasher_build/obj/pwm_lld.o
                                                  flasher_build/obj/vectors.o
VectorF4                                          flasher_build/obj/vectors.o
VectorF8                                          flasher_build/obj/pwm_lld.o
                                                  flasher_build/obj/vectors.o
VectorFC                                          flasher_build/obj/stm32_dma.o
                                                  flasher_build/obj/vectors.o
__HAL_FLASH_DATA_CACHE_ENABLE                     flasher_build/obj/stm32f4xx_hal.o
__HAL_FLASH_INSTRUCTION_CACHE_ENABLE              flasher_build/obj/stm32f4xx_hal.o
__HAL_FLASH_PREFETCH_BUFFER_ENABLE                flasher_build/obj/stm32f4xx_hal.o
__ctype_ptr__                                     /usr/lib/gcc/arm-none-eabi/6.3.1/../../../arm-none-eabi/lib/thumb/v7e-m/fpv4-sp/hard/libg.a(lib_a-ctype_.o)
                                                  /usr/lib/gcc/arm-none-eabi/6.3.1/../../../arm-none-eabi/lib/thumb/v7e-m/fpv4-sp/hard/libg.a(lib_a-strcasecmp.o)
__early_init                                      flasher_build/obj/board.o
                                                  flasher_build/obj/crt0.o
__fini_array_end                                  flasher_build/obj/crt0.o
__fini_array_start                                flasher_build/obj/crt0.o
__init_array_end                                  flasher_build/obj/crt0.o
__init_array_start                                flasher_build/obj/crt0.o
__late_init                                       flasher_build/obj/crt0.o
__main_stack_base__                               flasher_build/obj/crt0.o
__main_stack_end__                                flasher_build/obj/vectors.o
                                                  flasher_build/obj/crt0.o
__process_stack_base__                            flasher_build/obj/crt0.o
__process_stack_end__                             flasher_build/obj/crt0.o
_bss_end                                          flasher_build/obj/crt0.o
_bss_start                                        flasher_build/obj/crt0.o
_ctype_                                           /usr/lib/gcc/arm-none-eabi/6.3.1/../../../arm-none-eabi/lib/thumb/v7e-m/fpv4-sp/hard/libg.a(lib_a-ctype_.o)
_data                                             flasher_build/obj/crt0.o
_default_exit                                     flasher_build/obj/crt0.o
_edata                                            flasher_build/obj/crt0.o
_idle_thread                                      flasher_build/obj/chsys.o
_idle_thread_wa                                   flasher_build/obj/chsys.o
_pal_lld_init                                     flasher_build/obj/pal_lld.o
                                                  flasher_build/obj/hal.o
_pal_lld_setgroupmode                             flasher_build/obj/pal_lld.o
                                                  flasher_build/obj/main.o
                                                  flasher_build/obj/axoloti_board.o
                                                  flasher_build/obj/axoloti_control.o
                                                  flasher_build/obj/pal.o
_port_init                                        flasher_build/obj/chcore_v7m.o
                                                  flasher_build/obj/chsys.o
_port_irq_epilogue                                flasher_build/obj/chcore_v7m.o
                                                  flasher_build/obj/serial_lld.o
                                                  flasher_build/obj/pwm_lld.o
                                                  flasher_build/obj/adc_lld.o
                                                  flasher_build/obj/stm32_dma.o
_port_switch                                      flasher_build/obj/chcore_v7m.o
                                                  flasher_build/obj/chschd.o
_port_switch_from_isr                             flasher_build/obj/chcore_v7m.o
_port_thread_start                                flasher_build/obj/chcore_v7m.o
                                                  flasher_build/obj/chthreads.o
_scheduler_init                                   flasher_build/obj/chschd.o
                                                  flasher_build/obj/chsys.o
_stm32_dma_streams                                flasher_build/obj/stm32_dma.o
                                                  flasher_build/obj/spi_lld.o
                                                  flasher_build/obj/adc_lld.o
_textdata                                         flasher_build/obj/crt0.o
_thread_init                                      flasher_build/obj/chthreads.o
                                                  flasher_build/obj/chsys.o
_unhandled_exception                              flasher_build/obj/vectors.o
_vectors                                          flasher_build/obj/vectors.o
                                                  flasher_build/obj/board.o
_vt_init                                          flasher_build/obj/chvt.o
                                                  flasher_build/obj/chsys.o
adcAcquireBus                                     flasher_build/obj/adc.o
adcConvert                                        flasher_build/obj/adc.o
adcInit                                           flasher_build/obj/adc.o
                                                  flasher_build/obj/hal.o
adcObjectInit                                     flasher_build/obj/adc.o
                                                  flasher_build/obj/adc_lld.o
adcReleaseBus                                     flasher_build/obj/adc.o
adcSTM32DisableTSVREFE                            flasher_build/obj/adc_lld.o
adcSTM32DisableVBATE                              flasher_build/obj/adc_lld.o
adcSTM32EnableTSVREFE                             flasher_build/obj/adc_lld.o
                                                  flasher_build/obj/axoloti_board.o
adcSTM32EnableVBATE                               flasher_build/obj/adc_lld.o
adcStart                                          flasher_build/obj/adc.o
                                                  flasher_build/obj/axoloti_board.o
adcStartConversion                                flasher_build/obj/adc.o
                                                  flasher_build/obj/axoloti_board.o
adcStartConversionI                               flasher_build/obj/adc.o
adcStop                                           flasher_build/obj/adc.o
adcStopConversion                                 flasher_build/obj/adc.o
                                                  flasher_build/obj/axoloti_board.o
adcStopConversionI                                flasher_build/obj/adc.o
adc_configpads                                    flasher_build/obj/axoloti_board.o
adc_convert                                       flasher_build/obj/axoloti_board.o
adc_init                                          flasher_build/obj/axoloti_board.o
adc_lld_init                                      flasher_build/obj/adc_lld.o
                                                  flasher_build/obj/adc.o
adc_lld_start                                     flasher_build/obj/adc_lld.o
                                                  flasher_build/obj/adc.o
adc_lld_start_conversion                          flasher_build/obj/adc_lld.o
                                                  flasher_build/obj/adc.o
adc_lld_stop                                      flasher_build/obj/adc_lld.o
                                                  flasher_build/obj/adc.o
adc_lld_stop_conversion                           flasher_build/obj/adc_lld.o
                                                  flasher_build/obj/adc.o
adcvalues                                         flasher_build/obj/axoloti_board.o
axoloti_board_init                                flasher_build/obj/axoloti_board.o
axoloti_control_init                              flasher_build/obj/axoloti_control.o
boardInit                                         flasher_build/obj/board.o
                                                  flasher_build/obj/hal.o
chEvtAddEvents                                    flasher_build/obj/chevents.o
chEvtBroadcastFlags                               flasher_build/obj/chevents.o
chEvtBroadcastFlagsI                              flasher_build/obj/chevents.o
                                                  flasher_build/obj/shell.o
                                                  flasher_build/obj/serial_lld.o
                                                  flasher_build/obj/serial.o
chEvtDispatch                                     flasher_build/obj/chevents.o
chEvtGetAndClearEvents                            flasher_build/obj/chevents.o
chEvtGetAndClearFlags                             flasher_build/obj/chevents.o
chEvtGetAndClearFlagsI                            flasher_build/obj/chevents.o
chEvtRegisterMask                                 flasher_build/obj/chevents.o
chEvtSignal                                       flasher_build/obj/chevents.o
chEvtSignalI                                      flasher_build/obj/chevents.o
chEvtUnregister                                   flasher_build/obj/chevents.o
chEvtWaitAll                                      flasher_build/obj/chevents.o
chEvtWaitAllTimeout                               flasher_build/obj/chevents.o