Archive member included because of file (symbol)

/d_drive/axoloti/platform_linux/bin/../lib/gcc/arm-none-eabi/4.9.3/../../../../arm-none-eabi/lib/armv7e-m/fpu/libg.a(lib_a-memcpy.o)
                              flasher_build/obj/board.o (memcpy)
/d_drive/axoloti/platform_linux/bin/../lib/gcc/arm-none-eabi/4.9.3/../../../../arm-none-eabi/lib/armv7e-m/fpu/libg.a(lib_a-memset.o)
                              flasher_build/obj/axoloti_control.o (memset)
/d_drive/axoloti/platform_linux/bin/../lib/gcc/arm-none-eabi/4.9.3/../../../../arm-none-eabi/lib/armv7e-m/fpu/libg.a(lib_a-strcasecmp.o)
                              flasher_build/obj/shell.o (strcasecmp)
/d_drive/axoloti/platform_linux/bin/../lib/gcc/arm-none-eabi/4.9.3/../../../../arm-none-eabi/lib/armv7e-m/fpu/libg.a(lib_a-strpbrk.o)
                              flasher_build/obj/shell.o (strpbrk)
/d_drive/axoloti/platform_linux/bin/../lib/gcc/arm-none-eabi/4.9.3/../../../../arm-none-eabi/lib/armv7e-m/fpu/libg.a(lib_a-strspn.o)
                              flasher_build/obj/shell.o (strspn)
/d_drive/axoloti/platform_linux/bin/../lib/gcc/arm-none-eabi/4.9.3/../../../../arm-none-eabi/lib/armv7e-m/fpu/libg.a(lib_a-ctype_.o)
                              /d_drive/axoloti/platform_linux/bin/../lib/gcc/arm-none-eabi/4.9.3/../../../../arm-none-eabi/lib/armv7e-m/fpu/libg.a(lib_a-strcasecmp.o) (__ctype_ptr__)

Discarded input sections

 .text          0x00000000        0x0 flasher_build/obj/crt0.o
 .data          0x00000000        0x0 flasher_build/obj/crt0.o
 .bss           0x00000000        0x0 flasher_build/obj/crt0.o
 .text.__early_init
                0x00000000        0x4 flasher_build/obj/crt0.o
 .text          0x00000000        0x0 flasher_build/obj/vectors.o
 .data          0x00000000        0x0 flasher_build/obj/vectors.o
 .bss           0x00000000        0x0 flasher_build/obj/vectors.o
 .text          0x00000000        0x0 flasher_build/obj/chcore.o
 .data          0x00000000        0x0 flasher_build/obj/chcore.o
 .bss           0x00000000        0x0 flasher_build/obj/chcore.o
 .text.port_halt
                0x00000000        0x4 flasher_build/obj/chcore.o
 .debug_info    0x00000000       0x8e flasher_build/obj/chcore.o
 .debug_abbrev  0x00000000       0x40 flasher_build/obj/chcore.o
 .debug_aranges
                0x00000000       0x20 flasher_build/obj/chcore.o
 .debug_ranges  0x00000000       0x10 flasher_build/obj/chcore.o
 .debug_line    0x00000000       0x7d flasher_build/obj/chcore.o
 .debug_str     0x00000000      0x203 flasher_build/obj/chcore.o
 .comment       0x00000000       0x71 flasher_build/obj/chcore.o
 .debug_frame   0x00000000       0x20 flasher_build/obj/chcore.o
 .ARM.attributes
                0x00000000       0x39 flasher_build/obj/chcore.o
 .text          0x00000000        0x0 flasher_build/obj/chcore_v7m.o
 .data          0x00000000        0x0 flasher_build/obj/chcore_v7m.o
 .bss           0x00000000        0x0 flasher_build/obj/chcore_v7m.o
 .text          0x00000000        0x0 flasher_build/obj/nvic.o
 .data          0x00000000        0x0 flasher_build/obj/nvic.o
 .bss           0x00000000        0x0 flasher_build/obj/nvic.o
 .text.nvicDisableVector
                0x00000000       0x40 flasher_build/obj/nvic.o
 .text          0x00000000        0x0 flasher_build/obj/chsys.o
 .data          0x00000000        0x0 flasher_build/obj/chsys.o
 .bss           0x00000000        0x0 flasher_build/obj/chsys.o
 .text          0x00000000        0x0 flasher_build/obj/chdebug.o
 .data          0x00000000        0x0 flasher_build/obj/chdebug.o
 .bss           0x00000000        0x0 flasher_build/obj/chdebug.o
 .debug_info    0x00000000       0x75 flasher_build/obj/chdebug.o
 .debug_abbrev  0x00000000       0x24 flasher_build/obj/chdebug.o
 .debug_aranges
                0x00000000       0x18 flasher_build/obj/chdebug.o
 .debug_line    0x00000000       0x1d flasher_build/obj/chdebug.o
 .debug_str     0x00000000      0x1f4 flasher_build/obj/chdebug.o
 .comment       0x00000000       0x71 flasher_build/obj/chdebug.o
 .ARM.attributes
                0x00000000       0x39 flasher_build/obj/chdebug.o
 .text          0x00000000        0x0 flasher_build/obj/chlists.o
 .data          0x00000000        0x0 flasher_build/obj/chlists.o
 .bss           0x00000000        0x0 flasher_build/obj/chlists.o
 .debug_info    0x00000000       0x75 flasher_build/obj/chlists.o
 .debug_abbrev  0x00000000       0x24 flasher_build/obj/chlists.o
 .debug_aranges
                0x00000000       0x18 flasher_build/obj/chlists.o
 .debug_line    0x00000000       0x1d flasher_build/obj/chlists.o
 .debug_str     0x00000000      0x1f4 flasher_build/obj/chlists.o
 .comment       0x00000000       0x71 flasher_build/obj/chlists.o
 .ARM.attributes
                0x00000000       0x39 flasher_build/obj/chlists.o
 .text          0x00000000        0x0 flasher_build/obj/chvt.o
 .data          0x00000000        0x0 flasher_build/obj/chvt.o
[...]
Memory Configuration

Name             Origin             Length             Attributes
SRAM             0x00011000         0x00009000         xrw
CCMSRAM          0x10000000         0x0000e000         xrw
*default*        0x00000000         0xffffffff

Linker script and memory map

LOAD flasher_build/obj/crt0.o
LOAD flasher_build/obj/vectors.o
LOAD flasher_build/obj/chcore.o
LOAD flasher_build/obj/chcore_v7m.o
LOAD flasher_build/obj/nvic.o
LOAD flasher_build/obj/chsys.o
LOAD flasher_build/obj/chdebug.o
LOAD flasher_build/obj/chlists.o
LOAD flasher_build/obj/chvt.o
LOAD flasher_build/obj/chschd.o
LOAD flasher_build/obj/chthreads.o
LOAD flasher_build/obj/chdynamic.o
LOAD flasher_build/obj/chregistry.o
LOAD flasher_build/obj/chsem.o
LOAD flasher_build/obj/chmtx.o
LOAD flasher_build/obj/chcond.o
LOAD flasher_build/obj/chevents.o
LOAD flasher_build/obj/chmsg.o
LOAD flasher_build/obj/chmboxes.o
LOAD flasher_build/obj/chqueues.o
LOAD flasher_build/obj/chmemcore.o
LOAD flasher_build/obj/chheap.o
LOAD flasher_build/obj/chmempools.o
LOAD flasher_build/obj/hal.o
LOAD flasher_build/obj/adc.o
LOAD flasher_build/obj/can.o
LOAD flasher_build/obj/ext.o
LOAD flasher_build/obj/gpt.o
LOAD flasher_build/obj/i2c.o
LOAD flasher_build/obj/icu.o
LOAD flasher_build/obj/mac.o
LOAD flasher_build/obj/mmc_spi.o
LOAD flasher_build/obj/mmcsd.o
LOAD flasher_build/obj/pal.o
LOAD flasher_build/obj/pwm.o
LOAD flasher_build/obj/rtc.o
LOAD flasher_build/obj/sdc.o
LOAD flasher_build/obj/serial.o
LOAD flasher_build/obj/serial_usb.o
LOAD flasher_build/obj/spi.o
LOAD flasher_build/obj/tm.o
LOAD flasher_build/obj/uart.o
LOAD flasher_build/obj/usb.o
LOAD flasher_build/obj/stm32_dma.o
LOAD flasher_build/obj/hal_lld.o
LOAD flasher_build/obj/adc_lld.o
LOAD flasher_build/obj/ext_lld_isr.o
LOAD flasher_build/obj/can_lld.o
LOAD flasher_build/obj/ext_lld.o
LOAD flasher_build/obj/mac_lld.o
LOAD flasher_build/obj/sdc_lld.o
LOAD flasher_build/obj/pal_lld.o
LOAD flasher_build/obj/i2c_lld.o
LOAD flasher_build/obj/usb_lld.o
LOAD flasher_build/obj/rtc_lld.o
LOAD flasher_build/obj/spi_lld.o
LOAD flasher_build/obj/gpt_lld.o
LOAD flasher_build/obj/icu_lld.o
LOAD flasher_build/obj/pwm_lld.o
LOAD flasher_build/obj/serial_lld.o
LOAD flasher_build/obj/uart_lld.o
LOAD flasher_build/obj/board.o
LOAD flasher_build/obj/shell.o
LOAD flasher_build/obj/chprintf.o
LOAD flasher_build/obj/memstreams.o
LOAD flasher_build/obj/stm32f4xx_hal.o
LOAD flasher_build/obj/glcdfont.o
LOAD flasher_build/obj/axoloti_control.o
LOAD flasher_build/obj/axoloti_board.o
LOAD flasher_build/obj/sdram.o
LOAD flasher_build/obj/crc32.o
LOAD flasher_build/obj/flash.o
LOAD flasher_build/obj/watchdog.o
LOAD flasher_build/obj/stm32f4xx_fmc.o
LOAD flasher_build/obj/main.o
                0x00000200                __main_stack_size__ = 0x200
                0x00000200                __process_stack_size__ = 0x200
                0x00000000                . = 0x0
                0x00000000                _text = .

.text           0x00011000     0x33c0
 *(.text.ResetHandler)
 .text.ResetHandler
                0x00011000      0x120 flasher_build/obj/crt0.o
                0x00011000                ResetHandler
 *(.text.startup.*)
 .text.startup.main
                0x00011120      0x948 flasher_build/obj/main.o
                0x00011120                main
 *(.text)
 *fill*         0x00011a68        0x8 
 .text          0x00011a70      0x134 /d_drive/axoloti/platform_linux/bin/../lib/gcc/arm-none-eabi/4.9.3/../../../../arm-none-eabi/lib/armv7e-m/fpu/libg.a(lib_a-memcpy.o)
                0x00011a70                memcpy
 *(.text.*)
 *fill*         0x00011ba4        0xc 
 .text.__late_init
                0x00011bb0        0x4 flasher_build/obj/crt0.o
                0x00011bb0                __late_init
 *fill*         0x00011bb4        0xc 
 .text._default_exit
                0x00011bc0        0x4 flasher_build/obj/crt0.o
                0x00011bc0                _default_exit
 *fill*         0x00011bc4        0xc 
 .text._unhandled_exception
                0x00011bd0        0x4 flasher_build/obj/vectors.o
                0x00011bd0                Vector58
                0x00011bd0                VectorE8
                0x00011bd0                Vector9C
                0x00011bd0                Vector1A0
                0x00011bd0                Vector5C
                0x00011bd0                NMIVector
                0x00011bd0                Vector11C
                0x00011bd0                Vector19C
                0x00011bd0                Vector8C
                0x00011bd0                Vector168
                0x00011bd0                Vector110
                0x00011bd0                VectorC8
                0x00011bd0                Vector94
                0x00011bd0                VectorA8
                0x00011bd0                Vector160
                0x00011bd0                VectorEC
                0x00011bd0                UsageFaultVector
                0x00011bd0                DebugMonitorVector
                0x00011bd0                Vector40
                0x00011bd0                VectorBC
                0x00011bd0                Vector190
                0x00011bd0                Vector148
                0x00011bd0                Vector188
                0x00011bd0                PendSVVector
                0x00011bd0                Vector198
                0x00011bd0                Vector118
                0x00011bd0                Vector64
                0x00011bd0                VectorCC
                0x00011bd0                Vector54
                0x00011bd0                Vector98
                0x00011bd0                Vector138
                0x00011bd0                Vector24
                0x00011bd0                Vector178
                0x00011bd0                Vector1A4
                0x00011bd0                BusFaultVector
                0x00011bd0                VectorD0
                0x00011bd0                Vector140
                0x00011bd0                VectorE4
                0x00011bd0                VectorC0
                0x00011bd0                HardFaultVector
                0x00011bd0                Vector134
                0x00011bd0                Vector13C
                0x00011bd0                Vector100
                0x00011bd0                VectorE0
                0x00011bd0                VectorF4
                0x00011bd0                MemManageVector
                0x00011bd0                VectorA0
                0x00011bd0                VectorC4
                0x00011bd0                Vector180
                0x00011bd0                VectorB0
                0x00011bd0                Vector90
                0x00011bd0                Vector114
                0x00011bd0                Vector164
                0x00011bd0                Vector60
                0x00011bd0                Vector1C
                0x00011bd0                Vector17C
                0x00011bd0                Vector48
                0x00011bd0                Vector1A8
                0x00011bd0                Vector16C
                0x00011bd0                Vector4C
                0x00011bd0                Vector144
                0x00011bd0                Vector15C
                0x00011bd0                Vector68
                0x00011bd0                _unhandled_exception
                0x00011bd0                Vector170
                0x00011bd0                Vector104
                0x00011bd0                Vector184
                0x00011bd0                Vector10C
                0x00011bd0                Vector14C
                0x00011bd0                Vector50
                0x00011bd0                Vector194
                0x00011bd0                Vector44
                0x00011bd0                Vector28
                0x00011bd0                Vector34
                0x00011bd0                Vector20
                0x00011bd0                Vector18C
 *fill*         0x00011bd4        0xc 
 .text._port_switch_from_isr
                0x00011be0        0x8 flasher_build/obj/chcore_v7m.o
                0x00011be0                _port_switch_from_isr
 *fill*         0x00011be8        0x8 
 .text.SVCallVector
                0x00011bf0       0x20 flasher_build/obj/chcore_v7m.o
                0x00011bf0                SVCallVector
 .text._port_init
                0x00011c10       0x30 flasher_build/obj/chcore_v7m.o
                0x00011c10                _port_init
 .text._port_irq_epilogue
                0x00011c40       0x84 flasher_build/obj/chcore_v7m.o
                0x00011c40                _port_irq_epilogue
 *fill*         0x00011cc4        0xc 
 .text.SysTickVector
                0x00011cd0       0x1c flasher_build/obj/chcore_v7m.o
                0x00011cd0                SysTickVector
 *fill*         0x00011cec        0x4 
 .text._port_switch
                0x00011cf0       0x18 flasher_build/obj/chcore_v7m.o
                0x00011cf0                _port_switch
 *fill*         0x00011d08        0x8 
 .text._port_thread_start
                0x00011d10       0x10 flasher_build/obj/chcore_v7m.o
                0x00011d10                _port_thread_start
 .text.nvicEnableVector
                0x00011d20       0x48 flasher_build/obj/nvic.o
                0x00011d20                nvicEnableVector
 *fill*         0x00011d68        0x8 
 .text.nvicSetSystemHandlerPriority
                0x00011d70       0x2c flasher_build/obj/nvic.o
                0x00011d70                nvicSetSystemHandlerPriority
 *fill*         0x00011d9c        0x4 
 .text._idle_thread
                0x00011da0       0x14 flasher_build/obj/chsys.o
                0x00011da0                _idle_thread
 *fill*         0x00011db4        0xc 
 .text.chSysInit
                0x00011dc0       0x58 flasher_build/obj/chsys.o
                0x00011dc0                chSysInit
 *fill*         0x00011e18        0x8 
 .text.chSysTimerHandlerI
                0x00011e20       0x58 flasher_build/obj/chsys.o
                0x00011e20                chSysTimerHandlerI
 *fill*         0x00011e78        0x8 
 .text._vt_init
                0x00011e80       0x18 flasher_build/obj/chvt.o
                0x00011e80                _vt_init
 *fill*         0x00011e98        0x8 
 .text.chVTSetI
                0x00011ea0       0x38 flasher_build/obj/chvt.o
                0x00011ea0                chVTSetI
 *fill*         0x00011ed8        0x8 
 .text.chVTResetI
                0x00011ee0       0x24 flasher_build/obj/chvt.o
                0x00011ee0                chVTResetI
 *fill*         0x00011f04        0xc 
 .text.wakeup   0x00011f10       0x58 flasher_build/obj/chschd.o
 *fill*         0x00011f68        0x8 
 .text._scheduler_init
                0x00011f70       0x14 flasher_build/obj/chschd.o
                0x00011f70                _scheduler_init
 *fill*         0x00011f84        0xc 
 .text.chSchReadyI
                0x00011f90       0x2c flasher_build/obj/chschd.o
                0x00011f90                chSchReadyI
 *fill*         0x00011fbc        0x4 
 .text.chSchGoSleepS
                0x00011fc0       0x28 flasher_build/obj/chschd.o
                0x00011fc0                chSchGoSleepS
 *fill*         0x00011fe8        0x8 
 .text.chSchGoSleepTimeoutS
                0x00011ff0       0x44 flasher_build/obj/chschd.o
                0x00011ff0                chSchGoSleepTimeoutS
 *fill*         0x00012034        0xc 
 .text.chSchWakeupS
                0x00012040       0x58 flasher_build/obj/chschd.o
                0x00012040                chSchWakeupS
 *fill*         0x00012098        0x8 
 .text.chSchDoRescheduleBehind
                0x000120a0       0x40 flasher_build/obj/chschd.o
                0x000120a0                chSchDoRescheduleBehind
 .text.chSchDoRescheduleAhead
                0x000120e0       0x3c flasher_build/obj/chschd.o
                0x000120e0                chSchDoRescheduleAhead
 *fill*         0x0001211c        0x4 
 .text.chSchDoReschedule
                0x00012120       0x14 flasher_build/obj/chschd.o
                0x00012120                chSchDoReschedule
 *fill*         0x00012134        0xc 
 .text._thread_init
                0x00012140       0x44 flasher_build/obj/chthreads.o
                0x00012140                _thread_init
 *fill*         0x00012184        0xc 
 .text.chThdCreateStatic
                0x00012190       0x80 flasher_build/obj/chthreads.o
                0x00012190                chThdCreateStatic
 .text.chThdSleep
                0x00012210       0x18 flasher_build/obj/chthreads.o
                0x00012210                chThdSleep
 *fill*         0x00012228        0x8 
 .text.chThdExitS
                0x00012230       0x40 flasher_build/obj/chthreads.o
                0x00012230                chThdExitS
 .text.chThdExit
                0x00012270        0xc flasher_build/obj/chthreads.o
                0x00012270                chThdExit
 *fill*         0x0001227c        0x4 
 .text.chMtxInit
                0x00012280        0xc flasher_build/obj/chmtx.o
                0x00012280                chMtxInit
 *fill*         0x0001228c        0x4 
 .text.chEvtSignalI
                0x00012290       0x30 flasher_build/obj/chevents.o
                0x00012290                chEvtSignalI
 .text.chEvtBroadcastFlagsI
                0x000122c0       0x20 flasher_build/obj/chevents.o
                0x000122c0                chEvtBroadcastFlagsI
 .text.qwait    0x000122e0       0x2c flasher_build/obj/chqueues.o
 *fill*         0x0001230c        0x4 
 .text.chIQInit
                0x00012310       0x20 flasher_build/obj/chqueues.o
                0x00012310                chIQInit
 .text.chIQPutI
                0x00012330       0x50 flasher_build/obj/chqueues.o
                0x00012330                chIQPutI
 .text.chIQGetTimeout
                0x00012380       0x50 flasher_build/obj/chqueues.o
                0x00012380                chIQGetTimeout
 .text.chIQReadTimeout
                0x000123d0       0x70 flasher_build/obj/chqueues.o
                0x000123d0                chIQReadTimeout
 .text.chOQInit
                0x00012440       0x1c flasher_build/obj/chqueues.o
                0x00012440                chOQInit
 *fill*         0x0001245c        0x4 
 .text.chOQPutTimeout
                0x00012460       0x54 flasher_build/obj/chqueues.o
                0x00012460                chOQPutTimeout
 *fill*         0x000124b4        0xc 
 .text.chOQGetI
                0x000124c0       0x48 flasher_build/obj/chqueues.o
                0x000124c0                chOQGetI
 *fill*         0x00012508        0x8 
 .text.chOQWriteTimeout
                0x00012510       0x84 flasher_build/obj/chqueues.o
                0x00012510                chOQWriteTimeout
 *fill*         0x00012594        0xc 
 .text.halInit  0x000125a0       0x28 flasher_build/obj/hal.o
                0x000125a0                halInit
 *fill*         0x000125c8        0x8 
 .text.adcInit  0x000125d0        0x4 flasher_build/obj/adc.o
                0x000125d0                adcInit
 *fill*         0x000125d4        0xc 
 .text.adcObjectInit
                0x000125e0       0x18 flasher_build/obj/adc.o
                0x000125e0                adcObjectInit
 *fill*         0x000125f8        0x8 
 .text.pwmInit  0x00012600        0x4 flasher_build/obj/pwm.o
                0x00012600                pwmInit
 *fill*         0x00012604        0xc 
 .text.pwmObjectInit
                0x00012610        0xc flasher_build/obj/pwm.o
                0x00012610                pwmObjectInit
 *fill*         0x0001261c        0x4 
 .text.readt    0x00012620        0x8 flasher_build/obj/serial.o
 *fill*         0x00012628        0x8 
 .text.read     0x00012630        0xc flasher_build/obj/serial.o
 *fill*         0x0001263c        0x4 
 .text.writet   0x00012640        0x8 flasher_build/obj/serial.o
 *fill*         0x00012648        0x8 
 .text.write    0x00012650        0xc flasher_build/obj/serial.o
 *fill*         0x0001265c        0x4 
 .text.gett     0x00012660        0x8 flasher_build/obj/serial.o
 *fill*         0x00012668        0x8 
 .text.get      0x00012670        0xc flasher_build/obj/serial.o
 *fill*         0x0001267c        0x4 
 .text.putt     0x00012680        0x8 flasher_build/obj/serial.o
 *fill*         0x00012688        0x8 
 .text.put      0x00012690        0xc flasher_build/obj/serial.o
 *fill*         0x0001269c        0x4 
 .text.sdInit   0x000126a0        0x4 flasher_build/obj/serial.o
                0x000126a0                sdInit
 *fill*         0x000126a4        0xc 
 .text.sdObjectInit
                0x000126b0       0x40 flasher_build/obj/serial.o
                0x000126b0                sdObjectInit
 .text.sdStart  0x000126f0       0x1c flasher_build/obj/serial.o
                0x000126f0                sdStart
 *fill*         0x0001270c        0x4 
 .text.sdIncomingDataI
                0x00012710       0x3c flasher_build/obj/serial.o
                0x00012710                sdIncomingDataI
 *fill*         0x0001274c        0x4 
 .text.spiInit  0x00012750        0x4 flasher_build/obj/spi.o
                0x00012750                spiInit
 *fill*         0x00012754        0xc 
 .text.spiObjectInit
                0x00012760       0x10 flasher_build/obj/spi.o
                0x00012760                spiObjectInit
 .text.Vector6C
                0x00012770       0x28 flasher_build/obj/stm32_dma.o
                0x00012770                Vector6C
 *fill*         0x00012798        0x8 
 .text.Vector70
                0x000127a0       0x2c flasher_build/obj/stm32_dma.o
                0x000127a0                Vector70
 *fill*         0x000127cc        0x4 
 .text.Vector74
                0x000127d0       0x2c flasher_build/obj/stm32_dma.o
                0x000127d0                Vector74
 *fill*         0x000127fc        0x4 
 .text.Vector78
                0x00012800       0x2c flasher_build/obj/stm32_dma.o
                0x00012800                Vector78
 *fill*         0x0001282c        0x4 
 .text.Vector7C
                0x00012830       0x28 flasher_build/obj/stm32_dma.o
                0x00012830                Vector7C
 *fill*         0x00012858        0x8 
 .text.Vector80
                0x00012860       0x2c flasher_build/obj/stm32_dma.o
                0x00012860                Vector80
 *fill*         0x0001288c        0x4 
 .text.Vector84
                0x00012890       0x2c flasher_build/obj/stm32_dma.o
                0x00012890                Vector84
 *fill*         0x000128bc        0x4 
 .text.VectorFC
                0x000128c0       0x2c flasher_build/obj/stm32_dma.o
                0x000128c0                VectorFC
 *fill*         0x000128ec        0x4 
 .text.Vector120
                0x000128f0       0x28 flasher_build/obj/stm32_dma.o
                0x000128f0                Vector120
 *fill*         0x00012918        0x8 
 .text.Vector124
                0x00012920       0x2c flasher_build/obj/stm32_dma.o
                0x00012920                Vector124
 *fill*         0x0001294c        0x4 
 .text.Vector128
                0x00012950       0x2c flasher_build/obj/stm32_dma.o
                0x00012950                Vector128
 *fill*         0x0001297c        0x4 
 .text.Vector12C
                0x00012980       0x2c flasher_build/obj/stm32_dma.o
                0x00012980                Vector12C
 *fill*         0x000129ac        0x4 
 .text.Vector130
                0x000129b0       0x28 flasher_build/obj/stm32_dma.o
                0x000129b0                Vector130
 *fill*         0x000129d8        0x8 
 .text.Vector150
                0x000129e0       0x2c flasher_build/obj/stm32_dma.o
                0x000129e0                Vector150
 *fill*         0x00012a0c        0x4 
 .text.Vector154
                0x00012a10       0x2c flasher_build/obj/stm32_dma.o
                0x00012a10                Vector154
 *fill*         0x00012a3c        0x4 
 .text.Vector158
                0x00012a40       0x2c flasher_build/obj/stm32_dma.o
                0x00012a40                Vector158
 *fill*         0x00012a6c        0x4 
 .text.dmaInit  0x00012a70       0x4c flasher_build/obj/stm32_dma.o
                0x00012a70                dmaInit
 *fill*         0x00012abc        0x4 
 .text.hal_lld_init
                0x00012ac0       0x9c flasher_build/obj/hal_lld.o
                0x00012ac0                hal_lld_init
 *fill*         0x00012b5c        0x4 
 .text.stm32_clock_init
                0x00012b60       0xe4 flasher_build/obj/hal_lld.o
                0x00012b60                stm32_clock_init
 *fill*         0x00012c44        0xc 
 .text.adc_lld_init
                0x00012c50       0x34 flasher_build/obj/adc_lld.o
                0x00012c50                adc_lld_init
 *fill*         0x00012c84        0xc 
 .text.adc_lld_stop_conversion
                0x00012c90       0x30 flasher_build/obj/adc_lld.o
                0x00012c90                adc_lld_stop_conversion
 .text.Vector88
                0x00012cc0       0x74 flasher_build/obj/adc_lld.o
                0x00012cc0                Vector88
 *fill*         0x00012d34        0xc 
 .text._pal_lld_init
                0x00012d40      0x1cc flasher_build/obj/pal_lld.o
                0x00012d40                _pal_lld_init
 *fill*         0x00012f0c        0x4 
 .text._pal_lld_setgroupmode
                0x00012f10       0xac flasher_build/obj/pal_lld.o
                0x00012f10                _pal_lld_setgroupmode
 *fill*         0x00012fbc        0x4 
 .text.spi_lld_init
                0x00012fc0       0xa0 flasher_build/obj/spi_lld.o
                0x00012fc0                spi_lld_init
 .text.pwm_lld_serve_interrupt
                0x00013060       0x5c flasher_build/obj/pwm_lld.o
 *fill*         0x000130bc        0x4 
 .text.VectorA4
                0x000130c0       0x24 flasher_build/obj/pwm_lld.o
                0x000130c0                VectorA4
 *fill*         0x000130e4        0xc 
 .text.VectorAC
                0x000130f0       0x58 flasher_build/obj/pwm_lld.o
                0x000130f0                VectorAC
 *fill*         0x00013148        0x8 
 .text.VectorB4
                0x00013150       0x14 flasher_build/obj/pwm_lld.o
                0x00013150                VectorB4
 *fill*         0x00013164        0xc 
 .text.VectorB8
                0x00013170       0x14 flasher_build/obj/pwm_lld.o
                0x00013170                VectorB8
 *fill*         0x00013184        0xc 
 .text.Vector108
                0x00013190       0x14 flasher_build/obj/pwm_lld.o
                0x00013190                Vector108
 *fill*         0x000131a4        0xc 
 .text.VectorF0
                0x000131b0       0x24 flasher_build/obj/pwm_lld.o
                0x000131b0                VectorF0
 *fill*         0x000131d4        0xc 
 .text.VectorF8
                0x000131e0       0x58 flasher_build/obj/pwm_lld.o
                0x000131e0                VectorF8
 *fill*         0x00013238        0x8 
 .text.pwm_lld_init
                0x00013240       0x70 flasher_build/obj/pwm_lld.o
                0x00013240                pwm_lld_init
 .text.notify1  0x000132b0       0x14 flasher_build/obj/serial_lld.o
 *fill*         0x000132c4        0xc 
 .text.notify2  0x000132d0       0x14 flasher_build/obj/serial_lld.o
 *fill*         0x000132e4        0xc 
 .text.notify3  0x000132f0       0x14 flasher_build/obj/serial_lld.o
 *fill*         0x00013304        0xc 
 .text.serve_interrupt
                0x00013310      0x11c flasher_build/obj/serial_lld.o
 *fill*         0x0001342c        0x4 
 .text.VectorD4
                0x00013430       0x14 flasher_build/obj/serial_lld.o
                0x00013430                VectorD4
 *fill*         0x00013444        0xc 
 .text.VectorD8
                0x00013450       0x14 flasher_build/obj/serial_lld.o
                0x00013450                VectorD8
 *fill*         0x00013464        0xc 
 .text.VectorDC
                0x00013470       0x14 flasher_build/obj/serial_lld.o
                0x00013470                VectorDC
 *fill*         0x00013484        0xc 
 .text.sd_lld_init
                0x00013490       0x60 flasher_build/obj/serial_lld.o
                0x00013490                sd_lld_init
 .text.sd_lld_start
                0x000134f0       0xd8 flasher_build/obj/serial_lld.o
                0x000134f0                sd_lld_start
 *fill*         0x000135c8        0x8 
 .text.__early_init
                0x000135d0       0x5c flasher_build/obj/board.o
                0x000135d0                __early_init
 *fill*         0x0001362c        0x4 
 .text.boardInit
                0x00013630        0x4 flasher_build/obj/board.o
                0x00013630                boardInit
 *fill*         0x00013634        0xc 
 .text.Vector174
                0x00013640        0x4 flasher_build/obj/board.o
                0x00013640                Vector174
 *fill*         0x00013644        0xc 
 .text.LCD_drawChar
                0x00013650       0x44 flasher_build/obj/axoloti_control.o
                0x00013650                LCD_drawChar
 *fill*         0x00013694        0xc 
 .text.LCD_drawNumber3D
                0x000136a0       0x70 flasher_build/obj/axoloti_control.o
                0x000136a0                LCD_drawNumber3D
 .text.LCD_drawStringN
                0x00013710       0xa0 flasher_build/obj/axoloti_control.o
                0x00013710                LCD_drawStringN
 .text.SDRAM_InitSequence
                0x000137b0       0xb8 flasher_build/obj/sdram.o
                0x000137b0                SDRAM_InitSequence
 *fill*         0x00013868        0x8 
 .text.SDRAM_Init
                0x00013870       0x70 flasher_build/obj/sdram.o
                0x00013870                SDRAM_Init
 .text.configSDRAM
                0x000138e0        0x4 flasher_build/obj/sdram.o
                0x000138e0                configSDRAM
 *fill*         0x000138e4        0xc 
 .text.SDRAM_ReadBuffer
                0x000138f0       0x34 flasher_build/obj/sdram.o
                0x000138f0                SDRAM_ReadBuffer
 *fill*         0x00013924        0xc 
 .text.CalcCRC32
                0x00013930       0x88 flasher_build/obj/crc32.o
                0x00013930                CalcCRC32
 *fill*         0x000139b8        0x8 
 .text.flash_Erase_sector
                0x000139c0       0x18 flasher_build/obj/flash.o
                0x000139c0                flash_Erase_sector
 *fill*         0x000139d8        0x8 
 .text.flash_ProgramWord
                0x000139e0       0x6c flasher_build/obj/flash.o
                0x000139e0                flash_ProgramWord
 *fill*         0x00013a4c        0x4 
 .text.watchdog_feed
                0x00013a50        0x4 flasher_build/obj/watchdog.o
                0x00013a50                watchdog_feed
 *fill*         0x00013a54        0xc 
 .text.FMC_SDRAMInit
                0x00013a60       0xc8 flasher_build/obj/stm32f4xx_fmc.o
                0x00013a60                FMC_SDRAMInit
 *fill*         0x00013b28        0x8 
 .text.FMC_SDRAMCmdConfig
                0x00013b30       0x20 flasher_build/obj/stm32f4xx_fmc.o
                0x00013b30                FMC_SDRAMCmdConfig
 .text.FMC_SetRefreshCount
                0x00013b50       0x10 flasher_build/obj/stm32f4xx_fmc.o
                0x00013b50                FMC_SetRefreshCount
 .text.FMC_SDRAMWriteProtectionConfig
                0x00013b60       0x28 flasher_build/obj/stm32f4xx_fmc.o
                0x00013b60                FMC_SDRAMWriteProtectionConfig
 *fill*         0x00013b88        0x8 
 .text.FMC_GetFlagStatus
                0x00013b90       0x44 flasher_build/obj/stm32f4xx_fmc.o
                0x00013b90                FMC_GetFlagStatus
 *fill*         0x00013bd4        0xc 
 .text.NVIC_SystemReset
                0x00013be0       0x20 flasher_build/obj/main.o
 .text.dbgPrintHexDigit
                0x00013c00       0x28 flasher_build/obj/main.o
                0x00013c00                dbgPrintHexDigit
 *fill*         0x00013c28        0x8 
 .text.DispayAbortErr
                0x00013c30       0x48 flasher_build/obj/main.o
                0x00013c30                DispayAbortErr
 *(.rodata)
 *(.rodata.*)
 *fill*         0x00013c78        0x8 
 .rodata.str1.4
                0x00013c80        0x5 flasher_build/obj/chsys.o
 *fill*         0x00013c85        0xb 
 .rodata.ch_debug
                0x00013c90       0x16 flasher_build/obj/chregistry.o
                0x00013c90                ch_debug
 *fill*         0x00013ca6        0xa 
 .rodata.vmt    0x00013cb0       0x20 flasher_build/obj/serial.o
 .rodata._stm32_dma_streams
                0x00013cd0       0xc0 flasher_build/obj/stm32_dma.o
                0x00013cd0                _stm32_dma_streams
 .rodata.default_config
                0x00013d90        0xc flasher_build/obj/serial_lld.o
 *fill*         0x00013d9c        0x4 
 .rodata.pal_default_config
                0x00013da0       0xfc flasher_build/obj/board.o
                0x00013da0                pal_default_config
 *fill*         0x00013e9c        0x4 
 .rodata.font   0x00013ea0      0x4fb flasher_build/obj/glcdfont.o
                0x00013ea0                font
 *fill*         0x0001439b        0x5 
 .rodata.sd2Cfg.7087
                0x000143a0        0xc flasher_build/obj/main.o
 *fill*         0x000143ac        0x4 
 .rodata.str1.4
                0x000143b0       0x10 flasher_build/obj/main.o
                                  0xe (size before relaxing)
 *(.glue_7t)
 .glue_7t       0x00000000        0x0 linker stubs
 *(.glue_7)
 .glue_7        0x00000000        0x0 linker stubs
 *(.gcc*)
 *(.startup)

.vfp11_veneer   0x000143c0        0x0
 .vfp11_veneer  0x00000000        0x0 linker stubs

.v4_bx          0x000143c0        0x0
 .v4_bx         0x00000000        0x0 linker stubs

.iplt           0x000143c0        0x0
 .iplt          0x00000000        0x0 flasher_build/obj/crt0.o

.rel.dyn        0x000143c0        0x0
 .rel.iplt      0x00000000        0x0 flasher_build/obj/crt0.o

constructors    0x000143c0        0x0
                0x000143c0                PROVIDE (__init_array_start, .)
 *(SORT(.init_array.*))
 *(.init_array)
                0x000143c0                PROVIDE (__init_array_end, .)

destructors     0x000143c0        0x0
                0x000143c0                PROVIDE (__fini_array_start, .)
 *(.fini_array)
 *(SORT(.fini_array.*))
                0x000143c0                PROVIDE (__fini_array_end, .)

.rodata
 *(.rodata)
 *(.rodata.*)

.startup        0x000143c0      0x1ac
 *(vectors)
 vectors        0x000143c0      0x1ac flasher_build/obj/vectors.o
                0x000143c0                _vectors

.data           0x00014570       0xac
                0x00014570                sdata = .
 *(.data)
 .data          0x00014570       0xac flasher_build/obj/flash.o
                0x00014570                flash_WaitForLastOperation
                0x000145a0                flash_Erase_sector1
                0x0001461c                edata = .
                0x0001461c                . = ALIGN (0x4)
                0x0001461c                PROVIDE (_data, .)
 *(.data)
                0x0001461c                . = ALIGN (0x4)
 *(.data.*)
                0x0001461c                . = ALIGN (0x4)
 *(.ramtext)
                0x0001461c                . = ALIGN (0x4)
                0x0001461c                PROVIDE (_edata, .)
                0x0001461c                _etext = .
                0x0001461c                _textdata = _etext

.igot.plt       0x0001461c        0x0
 .igot.plt      0x00000000        0x0 flasher_build/obj/crt0.o

.sram2          0x0001461c      0x528
 .sram2         0x0001461c      0x528 flasher_build/obj/axoloti_control.o
                0x0001461c                lcd_buffer
                0x00014a3c                control_rx_buffer
                0x00014ac0                led_buffer

.stacks         0x10000000      0x400
                0x10000000                . = ALIGN (0x8)
                0x10000000                __main_stack_base__ = .
                0x10000200                . = (. + __main_stack_size__)
 *fill*         0x10000000      0x200 
                0x10000200                . = ALIGN (0x8)
                0x10000200                __main_stack_end__ = .
                0x10000200                __process_stack_base__ = .
                0x10000200                __main_thread_stack_base__ = .
                0x10000400                . = (. + __process_stack_size__)
 *fill*         0x10000200      0x200 
                0x10000400                . = ALIGN (0x8)
                0x10000400                __process_stack_end__ = .
                0x10000400                __main_thread_stack_end__ = .

.bss            0x00014b48      0x54c
                0x00014b48                . = ALIGN (0x4)
                0x00014b48                PROVIDE (_bss_start, .)
 *(.bss)
                0x00014b48                . = ALIGN (0x4)
 *(.bss.*)
 .bss.mainthread.4698
                0x00014b48       0x44 flasher_build/obj/chsys.o
 *fill*         0x00014b8c        0x4 
 .bss._idle_thread_wa
                0x00014b90      0x160 flasher_build/obj/chsys.o
                0x00014b90                _idle_thread_wa
 .bss.vtlist    0x00014cf0       0x10 flasher_build/obj/chvt.o
                0x00014cf0                vtlist
 .bss.rlist     0x00014d00       0x1c flasher_build/obj/chschd.o
                0x00014d00                rlist
 .bss.dma_isr_redir
                0x00014d1c       0x80 flasher_build/obj/stm32_dma.o
 .bss.dma_streams_mask
                0x00014d9c        0x4 flasher_build/obj/stm32_dma.o
 .bss.ADCD1     0x00014da0       0x34 flasher_build/obj/adc_lld.o
                0x00014da0                ADCD1
 .bss.dummytx   0x00014dd4        0x2 flasher_build/obj/spi_lld.o
 *fill*         0x00014dd6        0x2 
 .bss.SPID1     0x00014dd8       0x30 flasher_build/obj/spi_lld.o
                0x00014dd8                SPID1
 .bss.SPID2     0x00014e08       0x30 flasher_build/obj/spi_lld.o
                0x00014e08                SPID2
 .bss.SPID3     0x00014e38       0x30 flasher_build/obj/spi_lld.o
                0x00014e38                SPID3
 .bss.PWMD1     0x00014e68       0x14 flasher_build/obj/pwm_lld.o
                0x00014e68                PWMD1
 .bss.PWMD3     0x00014e7c       0x14 flasher_build/obj/pwm_lld.o
                0x00014e7c                PWMD3
 .bss.PWMD4     0x00014e90       0x14 flasher_build/obj/pwm_lld.o
                0x00014e90                PWMD4
 .bss.PWMD5     0x00014ea4       0x14 flasher_build/obj/pwm_lld.o
                0x00014ea4                PWMD5
 .bss.PWMD8     0x00014eb8       0x14 flasher_build/obj/pwm_lld.o
                0x00014eb8                PWMD8
 .bss.SD1       0x00014ecc       0x98 flasher_build/obj/serial_lld.o
                0x00014ecc                SD1
 .bss.SD2       0x00014f64       0x98 flasher_build/obj/serial_lld.o
                0x00014f64                SD2
 .bss.SD3       0x00014ffc       0x98 flasher_build/obj/serial_lld.o
                0x00014ffc                SD3
                0x00015094                . = ALIGN (0x4)
 *(COMMON)
                0x00015094                . = ALIGN (0x4)
                0x00015094                PROVIDE (_bss_end, .)
                0x00015094                PROVIDE (end, .)
                0x00015094                _end = .
START GROUP
LOAD /d_drive/axoloti/platform_linux/bin/../lib/gcc/arm-none-eabi/4.9.3/armv7e-m/fpu/libgcc.a
LOAD /d_drive/axoloti/platform_linux/bin/../lib/gcc/arm-none-eabi/4.9.3/../../../../arm-none-eabi/lib/armv7e-m/fpu/libg.a
LOAD /d_drive/axoloti/platform_linux/bin/../lib/gcc/arm-none-eabi/4.9.3/../../../../arm-none-eabi/lib/armv7e-m/fpu/libc.a
END GROUP
OUTPUT(flasher_build/flasher.elf elf32-littlearm)

.debug_info     0x00000000    0x15721
 .debug_info    0x00000000      0x2b2 flasher_build/obj/crt0.o
 .debug_info    0x000002b2      0x1c9 flasher_build/obj/vectors.o
 .debug_info    0x0000047b      0xa0b flasher_build/obj/chcore_v7m.o
 .debug_info    0x00000e86      0x402 flasher_build/obj/nvic.o
 .debug_info    0x00001288      0x8b1 flasher_build/obj/chsys.o
 .debug_info    0x00001b39      0x1ff flasher_build/obj/chvt.o
 .debug_info    0x00001d38      0xa76 flasher_build/obj/chschd.o
 .debug_info    0x000027ae      0xc72 flasher_build/obj/chthreads.o
 .debug_info    0x00003420      0x6a6 flasher_build/obj/chregistry.o
 .debug_info    0x00003ac6      0xa47 flasher_build/obj/chmtx.o
 .debug_info    0x0000450d      0xe3e flasher_build/obj/chevents.o
 .debug_info    0x0000534b      0xc5c flasher_build/obj/chqueues.o
 .debug_info    0x00005fa7      0x3c5 flasher_build/obj/hal.o
 .debug_info    0x0000636c      0xeae flasher_build/obj/adc.o
 .debug_info    0x0000721a      0x685 flasher_build/obj/pwm.o
 .debug_info    0x0000789f     0x106d flasher_build/obj/serial.o
 .debug_info    0x0000890c     0x1178 flasher_build/obj/spi.o
 .debug_info    0x00009a84      0xa7f flasher_build/obj/stm32_dma.o
 .debug_info    0x0000a503      0x491 flasher_build/obj/hal_lld.o
 .debug_info    0x0000a994     0x116f flasher_build/obj/adc_lld.o
 .debug_info    0x0000bb03      0x6fc flasher_build/obj/pal_lld.o
 .debug_info    0x0000c1ff      0xf7b flasher_build/obj/spi_lld.o
 .debug_info    0x0000d17a      0xae2 flasher_build/obj/pwm_lld.o
 .debug_info    0x0000dc5c     0x10d6 flasher_build/obj/serial_lld.o
 .debug_info    0x0000ed32      0x9da flasher_build/obj/board.o
 .debug_info    0x0000f70c       0x53 flasher_build/obj/glcdfont.o
 .debug_info    0x0000f75f     0x1de6 flasher_build/obj/axoloti_control.o
 .debug_info    0x00011545      0x90a flasher_build/obj/sdram.o
 .debug_info    0x00011e4f      0x43c flasher_build/obj/crc32.o
 .debug_info    0x0001228b      0x2d3 flasher_build/obj/flash.o
 .debug_info    0x0001255e       0xca flasher_build/obj/watchdog.o
 .debug_info    0x00012628      0xcad flasher_build/obj/stm32f4xx_fmc.o
 .debug_info    0x000132d5     0x244c flasher_build/obj/main.o

.debug_abbrev   0x00000000     0x44e2
 .debug_abbrev  0x00000000       0xec flasher_build/obj/crt0.o
 .debug_abbrev  0x000000ec       0xad flasher_build/obj/vectors.o
 .debug_abbrev  0x00000199      0x223 flasher_build/obj/chcore_v7m.o
 .debug_abbrev  0x000003bc      0x10c flasher_build/obj/nvic.o
 .debug_abbrev  0x000004c8      0x20c flasher_build/obj/chsys.o
 .debug_abbrev  0x000006d4      0x115 flasher_build/obj/chvt.o
 .debug_abbrev  0x000007e9      0x30a flasher_build/obj/chschd.o
 .debug_abbrev  0x00000af3      0x340 flasher_build/obj/chthreads.o
 .debug_abbrev  0x00000e33      0x145 flasher_build/obj/chregistry.o
 .debug_abbrev  0x00000f78      0x301 flasher_build/obj/chmtx.o
 .debug_abbrev  0x00001279      0x2ed flasher_build/obj/chevents.o
 .debug_abbrev  0x00001566      0x348 flasher_build/obj/chqueues.o
 .debug_abbrev  0x000018ae      0x1ca flasher_build/obj/hal.o
 .debug_abbrev  0x00001a78      0x304 flasher_build/obj/adc.o
 .debug_abbrev  0x00001d7c      0x19c flasher_build/obj/pwm.o
 .debug_abbrev  0x00001f18      0x2b9 flasher_build/obj/serial.o
 .debug_abbrev  0x000021d1      0x276 flasher_build/obj/spi.o
 .debug_abbrev  0x00002447      0x21f flasher_build/obj/stm32_dma.o
 .debug_abbrev  0x00002666      0x12b flasher_build/obj/hal_lld.o
 .debug_abbrev  0x00002791      0x324 flasher_build/obj/adc_lld.o
 .debug_abbrev  0x00002ab5      0x1aa flasher_build/obj/pal_lld.o
 .debug_abbrev  0x00002c5f      0x304 flasher_build/obj/spi_lld.o
 .debug_abbrev  0x00002f63      0x23a flasher_build/obj/pwm_lld.o
 .debug_abbrev  0x0000319d      0x32b flasher_build/obj/serial_lld.o
 .debug_abbrev  0x000034c8      0x1ba flasher_build/obj/board.o
 .debug_abbrev  0x00003682       0x45 flasher_build/obj/glcdfont.o
 .debug_abbrev  0x000036c7      0x368 flasher_build/obj/axoloti_control.o
 .debug_abbrev  0x00003a2f      0x246 flasher_build/obj/sdram.o
 .debug_abbrev  0x00003c75      0x18a flasher_build/obj/crc32.o
 .debug_abbrev  0x00003dff      0x17f flasher_build/obj/flash.o
 .debug_abbrev  0x00003f7e       0x67 flasher_build/obj/watchdog.o
 .debug_abbrev  0x00003fe5      0x19f flasher_build/obj/stm32f4xx_fmc.o
 .debug_abbrev  0x00004184      0x35e flasher_build/obj/main.o

.debug_loc      0x00000000     0x598b
 .debug_loc     0x00000000       0xda flasher_build/obj/crt0.o
 .debug_loc     0x000000da       0x5e flasher_build/obj/chcore_v7m.o
 .debug_loc     0x00000138      0x158 flasher_build/obj/nvic.o
 .debug_loc     0x00000290       0x31 flasher_build/obj/chsys.o
 .debug_loc     0x000002c1       0x67 flasher_build/obj/chvt.o
 .debug_loc     0x00000328      0x301 flasher_build/obj/chschd.o
 .debug_loc     0x00000629      0x41b flasher_build/obj/chthreads.o
 .debug_loc     0x00000a44       0x21 flasher_build/obj/chregistry.o
 .debug_loc     0x00000a65      0x3ba flasher_build/obj/chmtx.o
 .debug_loc     0x00000e1f      0x5cd flasher_build/obj/chevents.o
 .debug_loc     0x000013ec      0x679 flasher_build/obj/chqueues.o
 .debug_loc     0x00001a65       0x87 flasher_build/obj/hal.o
 .debug_loc     0x00001aec      0x3e6 flasher_build/obj/adc.o
 .debug_loc     0x00001ed2      0x102 flasher_build/obj/pwm.o
 .debug_loc     0x00001fd4      0x4e4 flasher_build/obj/serial.o
 .debug_loc     0x000024b8      0x468 flasher_build/obj/spi.o
 .debug_loc     0x00002920      0x276 flasher_build/obj/stm32_dma.o
 .debug_loc     0x00002b96      0x306 flasher_build/obj/adc_lld.o
 .debug_loc     0x00002e9c      0x129 flasher_build/obj/pal_lld.o
 .debug_loc     0x00002fc5      0x28e flasher_build/obj/spi_lld.o
 .debug_loc     0x00003253      0x327 flasher_build/obj/pwm_lld.o
 .debug_loc     0x0000357a      0x2db flasher_build/obj/serial_lld.o
 .debug_loc     0x00003855     0x1230 flasher_build/obj/axoloti_control.o
 .debug_loc     0x00004a85      0x224 flasher_build/obj/sdram.o
 .debug_loc     0x00004ca9      0x1b6 flasher_build/obj/crc32.o
 .debug_loc     0x00004e5f       0x84 flasher_build/obj/flash.o
 .debug_loc     0x00004ee3      0x8d5 flasher_build/obj/stm32f4xx_fmc.o
 .debug_loc     0x000057b8      0x1d3 flasher_build/obj/main.o

.debug_aranges  0x00000000      0xb90
 .debug_aranges
                0x00000000       0x38 flasher_build/obj/crt0.o
 .debug_aranges
                0x00000038       0x20 flasher_build/obj/vectors.o
 .debug_aranges
                0x00000058       0x50 flasher_build/obj/chcore_v7m.o
 .debug_aranges
                0x000000a8       0x30 flasher_build/obj/nvic.o
 .debug_aranges
                0x000000d8       0x30 flasher_build/obj/chsys.o
 .debug_aranges
                0x00000108       0x30 flasher_build/obj/chvt.o
 .debug_aranges
                0x00000138       0x68 flasher_build/obj/chschd.o
 .debug_aranges
                0x000001a0       0x78 flasher_build/obj/chthreads.o
 .debug_aranges
                0x00000218       0x28 flasher_build/obj/chregistry.o
 .debug_aranges
                0x00000240       0x58 flasher_build/obj/chmtx.o
 .debug_aranges
                0x00000298       0xa0 flasher_build/obj/chevents.o
 .debug_aranges
                0x00000338       0x70 flasher_build/obj/chqueues.o
 .debug_aranges
                0x000003a8       0x30 flasher_build/obj/hal.o
 .debug_aranges
                0x000003d8       0x70 flasher_build/obj/adc.o
 .debug_aranges
                0x00000448       0x50 flasher_build/obj/pwm.o
 .debug_aranges
                0x00000498       0x88 flasher_build/obj/serial.o
 .debug_aranges
                0x00000520       0x98 flasher_build/obj/spi.o
 .debug_aranges
                0x000005b8       0xb0 flasher_build/obj/stm32_dma.o
 .debug_aranges
                0x00000668       0x28 flasher_build/obj/hal_lld.o
 .debug_aranges
                0x00000690       0x70 flasher_build/obj/adc_lld.o
 .debug_aranges
                0x00000700       0x28 flasher_build/obj/pal_lld.o
 .debug_aranges
                0x00000728       0x78 flasher_build/obj/spi_lld.o
 .debug_aranges
                0x000007a0       0x80 flasher_build/obj/pwm_lld.o
 .debug_aranges
                0x00000820       0x68 flasher_build/obj/serial_lld.o
 .debug_aranges
                0x00000888       0x30 flasher_build/obj/board.o
 .debug_aranges
                0x000008b8       0x18 flasher_build/obj/glcdfont.o
 .debug_aranges
                0x000008d0       0xb8 flasher_build/obj/axoloti_control.o
 .debug_aranges
                0x00000988       0x48 flasher_build/obj/sdram.o
 .debug_aranges
                0x000009d0       0x28 flasher_build/obj/crc32.o
 .debug_aranges
                0x000009f8       0x40 flasher_build/obj/flash.o
 .debug_aranges
                0x00000a38       0x28 flasher_build/obj/watchdog.o
 .debug_aranges
                0x00000a60       0xf0 flasher_build/obj/stm32f4xx_fmc.o
 .debug_aranges
                0x00000b50       0x40 flasher_build/obj/main.o

.debug_ranges   0x00000000     0x11a8
 .debug_ranges  0x00000000       0x58 flasher_build/obj/crt0.o
 .debug_ranges  0x00000058       0x10 flasher_build/obj/vectors.o
 .debug_ranges  0x00000068       0x58 flasher_build/obj/chcore_v7m.o
 .debug_ranges  0x000000c0       0x20 flasher_build/obj/nvic.o
 .debug_ranges  0x000000e0       0x38 flasher_build/obj/chsys.o
 .debug_ranges  0x00000118       0x20 flasher_build/obj/chvt.o
 .debug_ranges  0x00000138      0x1a8 flasher_build/obj/chschd.o
 .debug_ranges  0x000002e0      0x128 flasher_build/obj/chthreads.o
 .debug_ranges  0x00000408       0x48 flasher_build/obj/chregistry.o
 .debug_ranges  0x00000450      0x178 flasher_build/obj/chmtx.o
 .debug_ranges  0x000005c8       0xc0 flasher_build/obj/chevents.o
 .debug_ranges  0x00000688       0xd0 flasher_build/obj/chqueues.o
 .debug_ranges  0x00000758       0x20 flasher_build/obj/hal.o
 .debug_ranges  0x00000778       0xf0 flasher_build/obj/adc.o
 .debug_ranges  0x00000868       0x70 flasher_build/obj/pwm.o
 .debug_ranges  0x000008d8       0xa8 flasher_build/obj/serial.o
 .debug_ranges  0x00000980      0x100 flasher_build/obj/spi.o
 .debug_ranges  0x00000a80       0xa0 flasher_build/obj/stm32_dma.o
 .debug_ranges  0x00000b20       0x30 flasher_build/obj/hal_lld.o
 .debug_ranges  0x00000b50       0x78 flasher_build/obj/adc_lld.o
 .debug_ranges  0x00000bc8      0x120 flasher_build/obj/pal_lld.o
 .debug_ranges  0x00000ce8       0x68 flasher_build/obj/spi_lld.o
 .debug_ranges  0x00000d50       0x70 flasher_build/obj/pwm_lld.o
 .debug_ranges  0x00000dc0       0xe8 flasher_build/obj/serial_lld.o
 .debug_ranges  0x00000ea8       0x20 flasher_build/obj/board.o
 .debug_ranges  0x00000ec8      0x108 flasher_build/obj/axoloti_control.o
 .debug_ranges  0x00000fd0       0x38 flasher_build/obj/sdram.o
 .debug_ranges  0x00001008       0x18 flasher_build/obj/crc32.o
 .debug_ranges  0x00001020       0x48 flasher_build/obj/flash.o
 .debug_ranges  0x00001068       0x18 flasher_build/obj/watchdog.o
 .debug_ranges  0x00001080       0xe0 flasher_build/obj/stm32f4xx_fmc.o
 .debug_ranges  0x00001160       0x48 flasher_build/obj/main.o

.debug_line     0x00000000     0x701d
 .debug_line    0x00000000      0x187 flasher_build/obj/crt0.o
 .debug_line    0x00000187      0x121 flasher_build/obj/vectors.o
 .debug_line    0x000002a8      0x28e flasher_build/obj/chcore_v7m.o
 .debug_line    0x00000536      0x156 flasher_build/obj/nvic.o
 .debug_line    0x0000068c      0x283 flasher_build/obj/chsys.o
 .debug_line    0x0000090f      0x1db flasher_build/obj/chvt.o
 .debug_line    0x00000aea      0x3e9 flasher_build/obj/chschd.o
 .debug_line    0x00000ed3      0x421 flasher_build/obj/chthreads.o
 .debug_line    0x000012f4      0x25c flasher_build/obj/chregistry.o
 .debug_line    0x00001550      0x39b flasher_build/obj/chmtx.o
 .debug_line    0x000018eb      0x39a flasher_build/obj/chevents.o
 .debug_line    0x00001c85      0x3f4 flasher_build/obj/chqueues.o
 .debug_line    0x00002079      0x366 flasher_build/obj/hal.o
 .debug_line    0x000023df      0x450 flasher_build/obj/adc.o
 .debug_line    0x0000282f      0x286 flasher_build/obj/pwm.o
 .debug_line    0x00002ab5      0x495 flasher_build/obj/serial.o
 .debug_line    0x00002f4a      0x501 flasher_build/obj/spi.o
 .debug_line    0x0000344b      0x46d flasher_build/obj/stm32_dma.o
 .debug_line    0x000038b8      0x273 flasher_build/obj/hal_lld.o
 .debug_line    0x00003b2b      0x54a flasher_build/obj/adc_lld.o
 .debug_line    0x00004075      0x274 flasher_build/obj/pal_lld.o
 .debug_line    0x000042e9      0x599 flasher_build/obj/spi_lld.o
 .debug_line    0x00004882      0x4a1 flasher_build/obj/pwm_lld.o
 .debug_line    0x00004d23      0x4f8 flasher_build/obj/serial_lld.o
 .debug_line    0x0000521b      0x26f flasher_build/obj/board.o
 .debug_line    0x0000548a       0x2e flasher_build/obj/glcdfont.o
 .debug_line    0x000054b8      0x72b flasher_build/obj/axoloti_control.o
 .debug_line    0x00005be3      0x3da flasher_build/obj/sdram.o
 .debug_line    0x00005fbd      0x1d1 flasher_build/obj/crc32.o
 .debug_line    0x0000618e      0x202 flasher_build/obj/flash.o
 .debug_line    0x00006390      0x143 flasher_build/obj/watchdog.o
 .debug_line    0x000064d3      0x5af flasher_build/obj/stm32f4xx_fmc.o
 .debug_line    0x00006a82      0x59b flasher_build/obj/main.o

.debug_str      0x00000000     0x399d
 .debug_str     0x00000000      0x2d5 flasher_build/obj/crt0.o
                                0x31a (size before relaxing)
 .debug_str     0x000002d5      0x16a flasher_build/obj/vectors.o
                                0x33b (size before relaxing)
 .debug_str     0x0000043f      0x330 flasher_build/obj/chcore_v7m.o
                                0x516 (size before relaxing)
 .debug_str     0x0000076f       0xc3 flasher_build/obj/nvic.o
                                0x30d (size before relaxing)
 .debug_str     0x00000832      0x218 flasher_build/obj/chsys.o
                                0x5b8 (size before relaxing)
 .debug_str     0x00000a4a       0x5b flasher_build/obj/chvt.o
                                0x28e (size before relaxing)
 .debug_str     0x00000aa5       0xfa flasher_build/obj/chschd.o
                                0x4ed (size before relaxing)
 .debug_str     0x00000b9f       0xeb flasher_build/obj/chthreads.o
                                0x54b (size before relaxing)
 .debug_str     0x00000c8a       0x67 flasher_build/obj/chregistry.o
                                0x4d9 (size before relaxing)
 .debug_str     0x00000cf1       0xb6 flasher_build/obj/chmtx.o
                                0x472 (size before relaxing)
 .debug_str     0x00000da7      0x1de flasher_build/obj/chevents.o
                                0x596 (size before relaxing)
 .debug_str     0x00000f85      0x14b flasher_build/obj/chqueues.o
                                0x4fd (size before relaxing)
 .debug_str     0x000010d0      0x1c5 flasher_build/obj/hal.o
                                0x3b1 (size before relaxing)
 .debug_str     0x00001295      0x31e flasher_build/obj/adc.o
                                0x749 (size before relaxing)
 .debug_str     0x000015b3      0x1d2 flasher_build/obj/pwm.o
                                0x429 (size before relaxing)
 .debug_str     0x00001785      0x194 flasher_build/obj/serial.o
                                0x697 (size before relaxing)
 .debug_str     0x00001919      0x2a0 flasher_build/obj/spi.o
                                0x750 (size before relaxing)
 .debug_str     0x00001bb9      0x765 flasher_build/obj/stm32_dma.o
                                0xa7b (size before relaxing)
 .debug_str     0x0000231e       0xe3 flasher_build/obj/hal_lld.o
                                0x459 (size before relaxing)
 .debug_str     0x00002401       0xf3 flasher_build/obj/adc_lld.o
                                0xd7f (size before relaxing)
 .debug_str     0x000024f4       0x9c flasher_build/obj/pal_lld.o
                                0x4b7 (size before relaxing)
 .debug_str     0x00002590       0xd2 flasher_build/obj/spi_lld.o
                                0x7fc (size before relaxing)
 .debug_str     0x00002662       0xcd flasher_build/obj/pwm_lld.o
                                0x5b3 (size before relaxing)
 .debug_str     0x0000272f       0xac flasher_build/obj/serial_lld.o
                                0x75f (size before relaxing)
 .debug_str     0x000027db      0x2be flasher_build/obj/board.o
                                0x698 (size before relaxing)
 .debug_str     0x00002a99       0x13 flasher_build/obj/glcdfont.o
                                0x165 (size before relaxing)
 .debug_str     0x00002aac      0x2e3 flasher_build/obj/axoloti_control.o
                                0x8e3 (size before relaxing)
 .debug_str     0x00002d8f      0x423 flasher_build/obj/sdram.o
                                0x783 (size before relaxing)
 .debug_str     0x000031b2       0x42 flasher_build/obj/crc32.o
                                0x38e (size before relaxing)
 .debug_str     0x000031f4       0x79 flasher_build/obj/flash.o
                                0x2e2 (size before relaxing)
 .debug_str     0x0000326d       0x1c flasher_build/obj/watchdog.o
                                0x21c (size before relaxing)
 .debug_str     0x00003289      0x65b flasher_build/obj/stm32f4xx_fmc.o
                                0xaff (size before relaxing)
 .debug_str     0x000038e4       0xb9 flasher_build/obj/main.o
                                0x89e (size before relaxing)

.comment        0x00000000       0x70
 .comment       0x00000000       0x70 flasher_build/obj/crt0.o
                                 0x71 (size before relaxing)
 .comment       0x00000000       0x71 flasher_build/obj/vectors.o
 .comment       0x00000000       0x71 flasher_build/obj/chcore_v7m.o
 .comment       0x00000000       0x71 flasher_build/obj/nvic.o
 .comment       0x00000000       0x71 flasher_build/obj/chsys.o
 .comment       0x00000000       0x71 flasher_build/obj/chvt.o
 .comment       0x00000000       0x71 flasher_build/obj/chschd.o
 .comment       0x00000000       0x71 flasher_build/obj/chthreads.o
 .comment       0x00000000       0x71 flasher_build/obj/chregistry.o
 .comment       0x00000000       0x71 flasher_build/obj/chmtx.o
 .comment       0x00000000       0x71 flasher_build/obj/chevents.o
 .comment       0x00000000       0x71 flasher_build/obj/chqueues.o
 .comment       0x00000000       0x71 flasher_build/obj/hal.o
 .comment       0x00000000       0x71 flasher_build/obj/adc.o
 .comment       0x00000000       0x71 flasher_build/obj/pwm.o
 .comment       0x00000000       0x71 flasher_build/obj/serial.o
 .comment       0x00000000       0x71 flasher_build/obj/spi.o
 .comment       0x00000000       0x71 flasher_build/obj/stm32_dma.o
 .comment       0x00000000       0x71 flasher_build/obj/hal_lld.o
 .comment       0x00000000       0x71 flasher_build/obj/adc_lld.o
 .comment       0x00000000       0x71 flasher_build/obj/pal_lld.o
 .comment       0x00000000       0x71 flasher_build/obj/spi_lld.o
 .comment       0x00000000       0x71 flasher_build/obj/pwm_lld.o
 .comment       0x00000000       0x71 flasher_build/obj/serial_lld.o
 .comment       0x00000000       0x71 flasher_build/obj/board.o
 .comment       0x00000000       0x71 flasher_build/obj/glcdfont.o
 .comment       0x00000000       0x71 flasher_build/obj/axoloti_control.o
 .comment       0x00000000       0x71 flasher_build/obj/sdram.o
 .comment       0x00000000       0x71 flasher_build/obj/crc32.o
 .comment       0x00000000       0x71 flasher_build/obj/flash.o
 .comment       0x00000000       0x71 flasher_build/obj/watchdog.o
 .comment       0x00000000       0x71 flasher_build/obj/stm32f4xx_fmc.o
 .comment       0x00000000       0x71 flasher_build/obj/main.o

.ARM.attributes
                0x00000000       0x37
 .ARM.attributes
                0x00000000       0x39 flasher_build/obj/crt0.o
 .ARM.attributes
                0x00000039       0x39 flasher_build/obj/vectors.o
 .ARM.attributes
                0x00000072       0x39 flasher_build/obj/chcore_v7m.o
 .ARM.attributes
                0x000000ab       0x39 flasher_build/obj/nvic.o
 .ARM.attributes
                0x000000e4       0x39 flasher_build/obj/chsys.o
 .ARM.attributes
                0x0000011d       0x39 flasher_build/obj/chvt.o
 .ARM.attributes
                0x00000156       0x39 flasher_build/obj/chschd.o
 .ARM.attributes
                0x0000018f       0x39 flasher_build/obj/chthreads.o
 .ARM.attributes
                0x000001c8       0x39 flasher_build/obj/chregistry.o
 .ARM.attributes
                0x00000201       0x39 flasher_build/obj/chmtx.o
 .ARM.attributes
                0x0000023a       0x39 flasher_build/obj/chevents.o
 .ARM.attributes
                0x00000273       0x39 flasher_build/obj/chqueues.o
 .ARM.attributes
                0x000002ac       0x39 flasher_build/obj/hal.o
 .ARM.attributes
                0x000002e5       0x39 flasher_build/obj/adc.o
 .ARM.attributes
                0x0000031e       0x39 flasher_build/obj/pwm.o
 .ARM.attributes
                0x00000357       0x39 flasher_build/obj/serial.o
 .ARM.attributes
                0x00000390       0x39 flasher_build/obj/spi.o
 .ARM.attributes
                0x000003c9       0x39 flasher_build/obj/stm32_dma.o
 .ARM.attributes
                0x00000402       0x39 flasher_build/obj/hal_lld.o
 .ARM.attributes
                0x0000043b       0x39 flasher_build/obj/adc_lld.o
 .ARM.attributes
                0x00000474       0x39 flasher_build/obj/pal_lld.o
 .ARM.attributes
                0x000004ad       0x39 flasher_build/obj/spi_lld.o
 .ARM.attributes
                0x000004e6       0x39 flasher_build/obj/pwm_lld.o
 .ARM.attributes
                0x0000051f       0x39 flasher_build/obj/serial_lld.o
 .ARM.attributes
                0x00000558       0x39 flasher_build/obj/board.o
 .ARM.attributes
                0x00000591       0x39 flasher_build/obj/glcdfont.o
 .ARM.attributes
                0x000005ca       0x39 flasher_build/obj/axoloti_control.o
 .ARM.attributes
                0x00000603       0x39 flasher_build/obj/sdram.o
 .ARM.attributes
                0x0000063c       0x39 flasher_build/obj/crc32.o
 .ARM.attributes
                0x00000675       0x39 flasher_build/obj/flash.o
 .ARM.attributes
                0x000006ae       0x39 flasher_build/obj/watchdog.o
 .ARM.attributes
                0x000006e7       0x39 flasher_build/obj/stm32f4xx_fmc.o
 .ARM.attributes
                0x00000720       0x39 flasher_build/obj/main.o
 .ARM.attributes
                0x00000759       0x20 /d_drive/axoloti/platform_linux/bin/../lib/gcc/arm-none-eabi/4.9.3/../../../../arm-none-eabi/lib/armv7e-m/fpu/libg.a(lib_a-memcpy.o)

.debug_frame    0x00000000     0x20dc
 .debug_frame   0x00000000       0x50 flasher_build/obj/crt0.o
 .debug_frame   0x00000050       0x20 flasher_build/obj/vectors.o
 .debug_frame   0x00000070       0xa0 flasher_build/obj/chcore_v7m.o
 .debug_frame   0x00000110       0x74 flasher_build/obj/nvic.o
 .debug_frame   0x00000184       0x5c flasher_build/obj/chsys.o
 .debug_frame   0x000001e0       0x58 flasher_build/obj/chvt.o
 .debug_frame   0x00000238      0x158 flasher_build/obj/chschd.o
 .debug_frame   0x00000390      0x188 flasher_build/obj/chthreads.o
 .debug_frame   0x00000518       0x30 flasher_build/obj/chregistry.o
 .debug_frame   0x00000548       0xec flasher_build/obj/chmtx.o
 .debug_frame   0x00000634      0x1dc flasher_build/obj/chevents.o
 .debug_frame   0x00000810      0x190 flasher_build/obj/chqueues.o
 .debug_frame   0x000009a0       0x50 flasher_build/obj/hal.o
 .debug_frame   0x000009f0      0x128 flasher_build/obj/adc.o
 .debug_frame   0x00000b18       0xb0 flasher_build/obj/pwm.o
 .debug_frame   0x00000bc8      0x14c flasher_build/obj/serial.o
 .debug_frame   0x00000d14      0x1a8 flasher_build/obj/spi.o
 .debug_frame   0x00000ebc      0x274 flasher_build/obj/stm32_dma.o
 .debug_frame   0x00001130       0x50 flasher_build/obj/hal_lld.o
 .debug_frame   0x00001180      0x15c flasher_build/obj/adc_lld.o
 .debug_frame   0x000012dc       0x70 flasher_build/obj/pal_lld.o
 .debug_frame   0x0000134c      0x174 flasher_build/obj/spi_lld.o
 .debug_frame   0x000014c0      0x1b8 flasher_build/obj/pwm_lld.o
 .debug_frame   0x00001678      0x118 flasher_build/obj/serial_lld.o
 .debug_frame   0x00001790       0x5c flasher_build/obj/board.o
 .debug_frame   0x000017ec      0x3c0 flasher_build/obj/axoloti_control.o
 .debug_frame   0x00001bac       0xd4 flasher_build/obj/sdram.o
 .debug_frame   0x00001c80       0x4c flasher_build/obj/crc32.o
 .debug_frame   0x00001ccc       0x7c flasher_build/obj/flash.o
 .debug_frame   0x00001d48       0x30 flasher_build/obj/watchdog.o
 .debug_frame   0x00001d78      0x2d0 flasher_build/obj/stm32f4xx_fmc.o
 .debug_frame   0x00002048       0x94 flasher_build/obj/main.o

Cross Reference Table

Symbol                                            File
ADCD1                                             flasher_build/obj/adc_lld.o
                                                  flasher_build/obj/axoloti_board.o
Btn_Nav_And                                       flasher_build/obj/main.o
                                                  flasher_build/obj/axoloti_control.o
Btn_Nav_CurStates                                 flasher_build/obj/main.o
Btn_Nav_Or                                        flasher_build/obj/main.o
                                                  flasher_build/obj/axoloti_control.o
Btn_Nav_PrevStates                                flasher_build/obj/main.o
BusFaultVector                                    flasher_build/obj/vectors.o
CalcCRC32                                         flasher_build/obj/crc32.o
                                                  flasher_build/obj/main.o
DebugMonitorVector                                flasher_build/obj/vectors.o
DispayAbortErr                                    flasher_build/obj/main.o
EncBuffer                                         flasher_build/obj/main.o
                                                  flasher_build/obj/axoloti_control.o
FMC_ClearFlag                                     flasher_build/obj/stm32f4xx_fmc.o
FMC_ClearITPendingBit                             flasher_build/obj/stm32f4xx_fmc.o
FMC_GetECC                                        flasher_build/obj/stm32f4xx_fmc.o
FMC_GetFlagStatus                                 flasher_build/obj/stm32f4xx_fmc.o
                                                  flasher_build/obj/sdram.o
FMC_GetITStatus                                   flasher_build/obj/stm32f4xx_fmc.o
FMC_GetModeStatus                                 flasher_build/obj/stm32f4xx_fmc.o
FMC_ITConfig                                      flasher_build/obj/stm32f4xx_fmc.o
FMC_NANDCmd                                       flasher_build/obj/stm32f4xx_fmc.o
FMC_NANDDeInit                                    flasher_build/obj/stm32f4xx_fmc.o
FMC_NANDECCCmd                                    flasher_build/obj/stm32f4xx_fmc.o
FMC_NANDInit                                      flasher_build/obj/stm32f4xx_fmc.o
FMC_NANDStructInit                                flasher_build/obj/stm32f4xx_fmc.o
FMC_NORSRAMCmd                                    flasher_build/obj/stm32f4xx_fmc.o
FMC_NORSRAMDeInit                                 flasher_build/obj/stm32f4xx_fmc.o
FMC_NORSRAMInit                                   flasher_build/obj/stm32f4xx_fmc.o
FMC_NORSRAMStructInit                             flasher_build/obj/stm32f4xx_fmc.o
FMC_PCCARDCmd                                     flasher_build/obj/stm32f4xx_fmc.o
FMC_PCCARDDeInit                                  flasher_build/obj/stm32f4xx_fmc.o
FMC_PCCARDInit                                    flasher_build/obj/stm32f4xx_fmc.o
FMC_PCCARDStructInit                              flasher_build/obj/stm32f4xx_fmc.o
FMC_SDRAMCmdConfig                                flasher_build/obj/stm32f4xx_fmc.o
                                                  flasher_build/obj/sdram.o
FMC_SDRAMDeInit                                   flasher_build/obj/stm32f4xx_fmc.o
FMC_SDRAMInit                                     flasher_build/obj/stm32f4xx_fmc.o
                                                  flasher_build/obj/sdram.o
FMC_SDRAMStructInit                               flasher_build/obj/stm32f4xx_fmc.o
FMC_SDRAMWriteProtectionConfig                    flasher_build/obj/stm32f4xx_fmc.o
                                                  flasher_build/obj/sdram.o
FMC_SetAutoRefresh_Number                         flasher_build/obj/stm32f4xx_fmc.o
FMC_SetRefreshCount                               flasher_build/obj/stm32f4xx_fmc.o
                                                  flasher_build/obj/sdram.o
HAL_DBGMCU_DisableDBGSleepMode                    flasher_build/obj/stm32f4xx_hal.o
HAL_DBGMCU_DisableDBGStandbyMode                  flasher_build/obj/stm32f4xx_hal.o
HAL_DBGMCU_DisableDBGStopMode                     flasher_build/obj/stm32f4xx_hal.o
HAL_DBGMCU_EnableDBGSleepMode                     flasher_build/obj/stm32f4xx_hal.o
HAL_DBGMCU_EnableDBGStandbyMode                   flasher_build/obj/stm32f4xx_hal.o
HAL_DBGMCU_EnableDBGStopMode                      flasher_build/obj/stm32f4xx_hal.o
HAL_DeInit                                        flasher_build/obj/stm32f4xx_hal.o
HAL_Delay                                         flasher_build/obj/stm32f4xx_hal.o
HAL_DisableCompensationCell                       flasher_build/obj/stm32f4xx_hal.o
HAL_DisableMemorySwappingBank                     flasher_build/obj/stm32f4xx_hal.o
HAL_EnableCompensationCell                        flasher_build/obj/stm32f4xx_hal.o
HAL_EnableMemorySwappingBank                      flasher_build/obj/stm32f4xx_hal.o
HAL_GetDEVID                                      flasher_build/obj/stm32f4xx_hal.o
HAL_GetHalVersion                                 flasher_build/obj/stm32f4xx_hal.o
HAL_GetREVID                                      flasher_build/obj/stm32f4xx_hal.o
HAL_GetTick                                       flasher_build/obj/stm32f4xx_hal.o
HAL_IncTick                                       flasher_build/obj/stm32f4xx_hal.o
HAL_Init                                          flasher_build/obj/stm32f4xx_hal.o
HAL_InitTick                                      flasher_build/obj/stm32f4xx_hal.o
HAL_MspDeInit                                     flasher_build/obj/stm32f4xx_hal.o
HAL_MspInit                                       flasher_build/obj/stm32f4xx_hal.o
HAL_NVIC_SetPriority                              flasher_build/obj/stm32f4xx_hal.o
HAL_NVIC_SetPriorityGrouping                      flasher_build/obj/stm32f4xx_hal.o
HAL_RCC_GetHCLKFreq                               flasher_build/obj/stm32f4xx_hal.o
HAL_ResumeTick                                    flasher_build/obj/stm32f4xx_hal.o
HAL_SYSTICK_Config                                flasher_build/obj/stm32f4xx_hal.o
HAL_SuspendTick                                   flasher_build/obj/stm32f4xx_hal.o
HardFaultVector                                   flasher_build/obj/vectors.o
LCD_clearDisplay                                  flasher_build/obj/axoloti_control.o
LCD_clearPixel                                    flasher_build/obj/axoloti_control.o
LCD_drawChar                                      flasher_build/obj/axoloti_control.o
LCD_drawCharInv                                   flasher_build/obj/axoloti_control.o
LCD_drawIBAR                                      flasher_build/obj/axoloti_control.o
LCD_drawIBARadd                                   flasher_build/obj/axoloti_control.o
LCD_drawNumber3D                                  flasher_build/obj/axoloti_control.o
                                                  flasher_build/obj/main.o
LCD_drawNumber3DInv                               flasher_build/obj/axoloti_control.o
LCD_drawNumber5D                                  flasher_build/obj/axoloti_control.o
LCD_drawNumber5DInv                               flasher_build/obj/axoloti_control.o
LCD_drawPixel                                     flasher_build/obj/axoloti_control.o
LCD_drawString                                    flasher_build/obj/axoloti_control.o
LCD_drawStringInv                                 flasher_build/obj/axoloti_control.o
LCD_drawStringInvN                                flasher_build/obj/axoloti_control.o
LCD_drawStringN                                   flasher_build/obj/axoloti_control.o
                                                  flasher_build/obj/main.o
LCD_getPixel                                      flasher_build/obj/axoloti_control.o
LCD_setPixel                                      flasher_build/obj/axoloti_control.o
LCD_updateBoundingBox                             flasher_build/obj/axoloti_control.o
MemManageVector                                   flasher_build/obj/vectors.o
Mutex_DMAStream_1_7                               flasher_build/obj/axoloti_board.o
                                                  flasher_build/obj/axoloti_control.o
NMIVector                                         flasher_build/obj/vectors.o
PWMD1                                             flasher_build/obj/pwm_lld.o
PWMD3                                             flasher_build/obj/pwm_lld.o
PWMD4                                             flasher_build/obj/pwm_lld.o
PWMD5                                             flasher_build/obj/pwm_lld.o
PWMD8                                             flasher_build/obj/pwm_lld.o
PendSVVector                                      flasher_build/obj/vectors.o
ResetHandler                                      flasher_build/obj/crt0.o
                                                  flasher_build/obj/vectors.o
SD1                                               flasher_build/obj/serial_lld.o
SD2                                               flasher_build/obj/serial_lld.o
                                                  flasher_build/obj/main.o
SD3                                               flasher_build/obj/serial_lld.o
SDRAM_Init                                        flasher_build/obj/sdram.o
SDRAM_InitSequence                                flasher_build/obj/sdram.o
SDRAM_ReadBuffer                                  flasher_build/obj/sdram.o
                                                  flasher_build/obj/main.o
SDRAM_WriteBuffer                                 flasher_build/obj/sdram.o
SPID1                                             flasher_build/obj/spi_lld.o
SPID2                                             flasher_build/obj/spi_lld.o
SPID3                                             flasher_build/obj/spi_lld.o
                                                  flasher_build/obj/axoloti_control.o
SVCallVector                                      flasher_build/obj/chcore_v7m.o
                                                  flasher_build/obj/vectors.o
SysTickVector                                     flasher_build/obj/chcore_v7m.o
                                                  flasher_build/obj/vectors.o
UsageFaultVector                                  flasher_build/obj/vectors.o
Vector100                                         flasher_build/obj/vectors.o
Vector104                                         flasher_build/obj/vectors.o
Vector108                                         flasher_build/obj/pwm_lld.o
                                                  flasher_build/obj/vectors.o
Vector10C                                         flasher_build/obj/vectors.o
Vector110                                         flasher_build/obj/vectors.o
Vector114                                         flasher_build/obj/vectors.o
Vector118                                         flasher_build/obj/vectors.o
Vector11C                                         flasher_build/obj/vectors.o
Vector120                                         flasher_build/obj/stm32_dma.o
                                                  flasher_build/obj/vectors.o
Vector124                                         flasher_build/obj/stm32_dma.o
                                                  flasher_build/obj/vectors.o
Vector128                                         flasher_build/obj/stm32_dma.o
                                                  flasher_build/obj/vectors.o
Vector12C                                         flasher_build/obj/stm32_dma.o
                                                  flasher_build/obj/vectors.o
Vector130                                         flasher_build/obj/stm32_dma.o
                                                  flasher_build/obj/vectors.o
Vector134                                         flasher_build/obj/vectors.o
Vector138                                         flasher_build/obj/vectors.o
Vector13C                                         flasher_build/obj/vectors.o
Vector140                                         flasher_build/obj/vectors.o
Vector144                                         flasher_build/obj/vectors.o
Vector148                                         flasher_build/obj/vectors.o
Vector14C                                         flasher_build/obj/vectors.o
Vector150                                         flasher_build/obj/stm32_dma.o
                                                  flasher_build/obj/vectors.o
Vector154                                         flasher_build/obj/stm32_dma.o
                                                  flasher_build/obj/vectors.o
Vector158                                         flasher_build/obj/stm32_dma.o
                                                  flasher_build/obj/vectors.o
Vector15C                                         flasher_build/obj/vectors.o
Vector160                                         flasher_build/obj/vectors.o
Vector164                                         flasher_build/obj/vectors.o
Vector168                                         flasher_build/obj/vectors.o
Vector16C                                         flasher_build/obj/vectors.o
Vector170                                         flasher_build/obj/vectors.o
Vector174                                         flasher_build/obj/board.o
                                                  flasher_build/obj/vectors.o
Vector178                                         flasher_build/obj/vectors.o
Vector17C                                         flasher_build/obj/vectors.o
Vector180                                         flasher_build/obj/vectors.o
Vector184                                         flasher_build/obj/vectors.o
Vector188                                         flasher_build/obj/vectors.o
Vector18C                                         flasher_build/obj/vectors.o
Vector190                                         flasher_build/obj/vectors.o
Vector194                                         flasher_build/obj/vectors.o
Vector198                                         flasher_build/obj/vectors.o
Vector19C                                         flasher_build/obj/vectors.o
Vector1A0                                         flasher_build/obj/vectors.o
Vector1A4                                         flasher_build/obj/vectors.o
Vector1A8                                         flasher_build/obj/vectors.o
Vector1C                                          flasher_build/obj/vectors.o
Vector20                                          flasher_build/obj/vectors.o
Vector24                                          flasher_build/obj/vectors.o
Vector28                                          flasher_build/obj/vectors.o
Vector34                                          flasher_build/obj/vectors.o
Vector40                                          flasher_build/obj/vectors.o
Vector44                                          flasher_build/obj/vectors.o
Vector48                                          flasher_build/obj/vectors.o
Vector4C                                          flasher_build/obj/vectors.o
Vector50                                          flasher_build/obj/vectors.o
Vector54                                          flasher_build/obj/vectors.o
Vector58                                          flasher_build/obj/vectors.o
Vector5C                                          flasher_build/obj/vectors.o
Vector60                                          flasher_build/obj/vectors.o
Vector64                                          flasher_build/obj/vectors.o
Vector68                                          flasher_build/obj/vectors.o
Vector6C                                          flasher_build/obj/stm32_dma.o
                                                  flasher_build/obj/vectors.o
Vector70                                          flasher_build/obj/stm32_dma.o
                                                  flasher_build/obj/vectors.o
Vector74                                          flasher_build/obj/stm32_dma.o
                                                  flasher_build/obj/vectors.o
Vector78                                          flasher_build/obj/stm32_dma.o
                                                  flasher_build/obj/vectors.o
Vector7C                                          flasher_build/obj/stm32_dma.o
                                                  flasher_build/obj/vectors.o
Vector80                                          flasher_build/obj/stm32_dma.o
                                                  flasher_build/obj/vectors.o
Vector84                                          flasher_build/obj/stm32_dma.o
                                                  flasher_build/obj/vectors.o
Vector88                                          flasher_build/obj/adc_lld.o
                                                  flasher_build/obj/vectors.o
Vector8C                                          flasher_build/obj/vectors.o
Vector90                                          flasher_build/obj/vectors.o
Vector94                                          flasher_build/obj/vectors.o
Vector98                                          flasher_build/obj/vectors.o
Vector9C                                          flasher_build/obj/vectors.o
VectorA0                                          flasher_build/obj/vectors.o
VectorA4                                          flasher_build/obj/pwm_lld.o
                                                  flasher_build/obj/vectors.o
VectorA8                                          flasher_build/obj/vectors.o
VectorAC                                          flasher_build/obj/pwm_lld.o
                                                  flasher_build/obj/vectors.o
VectorB0                                          flasher_build/obj/vectors.o
VectorB4                                          flasher_build/obj/pwm_lld.o
                                                  flasher_build/obj/vectors.o
VectorB8                                          flasher_build/obj/pwm_lld.o
                                                  flasher_build/obj/vectors.o
VectorBC                                          flasher_build/obj/vectors.o
VectorC0                                          flasher_build/obj/vectors.o
VectorC4                                          flasher_build/obj/vectors.o
VectorC8                                          flasher_build/obj/vectors.o
VectorCC                                          flasher_build/obj/vectors.o
VectorD0                                          flasher_build/obj/vectors.o
VectorD4                                          flasher_build/obj/serial_lld.o
                                                  flasher_build/obj/vectors.o
VectorD8                                          flasher_build/obj/serial_lld.o
                                                  flasher_build/obj/vectors.o
VectorDC                                          flasher_build/obj/serial_lld.o
                                                  flasher_build/obj/vectors.o
VectorE0                                          flasher_build/obj/vectors.o
VectorE4                                          flasher_build/obj/vectors.o
VectorE8                                          flasher_build/obj/vectors.o
VectorEC                                          flasher_build/obj/vectors.o
VectorF0                                          flasher_build/obj/pwm_lld.o
                                                  flasher_build/obj/vectors.o
VectorF4                                          flasher_build/obj/vectors.o
VectorF8                                          flasher_build/obj/pwm_lld.o
                                                  flasher_build/obj/vectors.o
VectorFC                                          flasher_build/obj/stm32_dma.o
                                                  flasher_build/obj/vectors.o
__HAL_FLASH_DATA_CACHE_ENABLE                     flasher_build/obj/stm32f4xx_hal.o
__HAL_FLASH_INSTRUCTION_CACHE_ENABLE              flasher_build/obj/stm32f4xx_hal.o
__HAL_FLASH_PREFETCH_BUFFER_ENABLE                flasher_build/obj/stm32f4xx_hal.o
__ctype_ptr__                                     /d_drive/axoloti/platform_linux/bin/../lib/gcc/arm-none-eabi/4.9.3/../../../../arm-none-eabi/lib/armv7e-m/fpu/libg.a(lib_a-ctype_.o)
                                                  /d_drive/axoloti/platform_linux/bin/../lib/gcc/arm-none-eabi/4.9.3/../../../../arm-none-eabi/lib/armv7e-m/fpu/libg.a(lib_a-strcasecmp.o)
__early_init                                      flasher_build/obj/board.o
                                                  flasher_build/obj/crt0.o
__fini_array_end                                  flasher_build/obj/crt0.o
__fini_array_start                                flasher_build/obj/crt0.o
__init_array_end                                  flasher_build/obj/crt0.o
__init_array_start                                flasher_build/obj/crt0.o
__late_init                                       flasher_build/obj/crt0.o
__main_stack_base__                               flasher_build/obj/crt0.o
__main_stack_end__                                flasher_build/obj/vectors.o
                                                  flasher_build/obj/crt0.o
__process_stack_base__                            flasher_build/obj/crt0.o
__process_stack_end__                             flasher_build/obj/crt0.o
_bss_end                                          flasher_build/obj/crt0.o
_bss_start                                        flasher_build/obj/crt0.o
_ctype_                                           /d_drive/axoloti/platform_linux/bin/../lib/gcc/arm-none-eabi/4.9.3/../../../../arm-none-eabi/lib/armv7e-m/fpu/libg.a(lib_a-ctype_.o)
_data                                             flasher_build/obj/crt0.o
_default_exit                                     flasher_build/obj/crt0.o
_edata                                            flasher_build/obj/crt0.o
_idle_thread                                      flasher_build/obj/chsys.o
_idle_thread_wa                                   flasher_build/obj/chsys.o
_pal_lld_init                                     flasher_build/obj/pal_lld.o
                                                  flasher_build/obj/hal.o
_pal_lld_setgroupmode                             flasher_build/obj/pal_lld.o
                                                  flasher_build/obj/main.o
                                                  flasher_build/obj/axoloti_board.o
                                                  flasher_build/obj/axoloti_control.o
                                                  flasher_build/obj/pal.o
_port_init                                        flasher_build/obj/chcore_v7m.o
                                                  flasher_build/obj/chsys.o
_port_irq_epilogue                                flasher_build/obj/chcore_v7m.o
                                                  flasher_build/obj/serial_lld.o
                                                  flasher_build/obj/pwm_lld.o
                                                  flasher_build/obj/adc_lld.o
                                                  flasher_build/obj/stm32_dma.o
_port_switch                                      flasher_build/obj/chcore_v7m.o
                                                  flasher_build/obj/chschd.o
_port_switch_from_isr                             flasher_build/obj/chcore_v7m.o
_port_thread_start                                flasher_build/obj/chcore_v7m.o
                                                  flasher_build/obj/chthreads.o
_scheduler_init                                   flasher_build/obj/chschd.o
                                                  flasher_build/obj/chsys.o
_stm32_dma_streams                                flasher_build/obj/stm32_dma.o
                                                  flasher_build/obj/spi_lld.o
                                                  flasher_build/obj/adc_lld.o
_textdata                                         flasher_build/obj/crt0.o
_thread_init                                      flasher_build/obj/chthreads.o
                                                  flasher_build/obj/chsys.o
_unhandled_exception                              flasher_build/obj/vectors.o
_vectors                                          flasher_build/obj/vectors.o
                                                  flasher_build/obj/board.o
_vt_init                                          flasher_build/obj/chvt.o
                                                  flasher_build/obj/chsys.o
adcAcquireBus                                     flasher_build/obj/adc.o
adcConvert                                        flasher_build/obj/adc.o
adcInit                                           flasher_build/obj/adc.o
                                                  flasher_build/obj/hal.o
adcObjectInit                                     flasher_build/obj/adc.o
                                                  flasher_build/obj/adc_lld.o
adcReleaseBus                                     flasher_build/obj/adc.o
adcSTM32DisableTSVREFE                            flasher_build/obj/adc_lld.o
adcSTM32DisableVBATE                              flasher_build/obj/adc_lld.o
adcSTM32EnableTSVREFE                             flasher_build/obj/adc_lld.o
                                                  flasher_build/obj/axoloti_board.o
adcSTM32EnableVBATE                               flasher_build/obj/adc_lld.o
adcStart                                          flasher_build/obj/adc.o
                                                  flasher_build/obj/axoloti_board.o
adcStartConversion                                flasher_build/obj/adc.o
                                                  flasher_build/obj/axoloti_board.o
adcStartConversionI                               flasher_build/obj/adc.o
adcStop                                           flasher_build/obj/adc.o
adcStopConversion                                 flasher_build/obj/adc.o
                                                  flasher_build/obj/axoloti_board.o
adcStopConversionI                                flasher_build/obj/adc.o
adc_configpads                                    flasher_build/obj/axoloti_board.o
adc_convert                                       flasher_build/obj/axoloti_board.o
adc_init                                          flasher_build/obj/axoloti_board.o
adc_lld_init                                      flasher_build/obj/adc_lld.o
                                                  flasher_build/obj/adc.o
adc_lld_start                                     flasher_build/obj/adc_lld.o
                                                  flasher_build/obj/adc.o
adc_lld_start_conversion                          flasher_build/obj/adc_lld.o
                                                  flasher_build/obj/adc.o
adc_lld_stop                                      flasher_build/obj/adc_lld.o
                                                  flasher_build/obj/adc.o
adc_lld_stop_conversion                           flasher_build/obj/adc_lld.o
                                                  flasher_build/obj/adc.o
adcvalues                                         flasher_build/obj/axoloti_board.o
axoloti_board_init                                flasher_build/obj/axoloti_board.o
axoloti_control_init                              flasher_build/obj/axoloti_control.o
boardInit                                         flasher_build/obj/board.o
                                                  flasher_build/obj/hal.o
chEvtAddEvents                                    flasher_build/obj/chevents.o
chEvtBroadcastFlags                               flasher_build/obj/chevents.o
chEvtBroadcastFlagsI                              flasher_build/obj/chevents.o
                                                  flasher_build/obj/shell.o
                                                  flasher_build/obj/serial_lld.o
                                                  flasher_build/obj/serial.o
chEvtDispatch                                     flasher_build/obj/chevents.o
chEvtGetAndClearEvents                            flasher_build/obj/chevents.o
chEvtGetAndClearFlags                             flasher_build/obj/chevents.o
chEvtGetAndClearFlagsI                            flasher_build/obj/chevents.o
chEvtRegisterMask                                 flasher_build/obj/chevents.o
chEvtSignal                                       flasher_build/obj/chevents.o
chEvtSignalI                                      flasher_build/obj/chevents.o
chEvtUnregister                                   flasher_build/obj/chevents.o
chEvtWaitAll                                      flasher_build/obj/chevents.o
chEvtWaitAllTimeout                               flasher_build/obj/chevents.o
chEvtWaitAny                                      flasher_build/obj/chevents.o
chEvtWaitAnyTimeout                               flasher_build/obj/chevents.o
chEvtWaitOne                                      flasher_build/obj/chevents.o
chEvtWaitOneTimeout                               flasher_build/obj/chevents.o
chIQGetTimeout                                    flasher_build/obj/chqueues.o
                                                  flasher_build/obj/serial.o
chIQInit                                          flasher_build/obj/chqueues.o
                                                  flasher_build/obj/serial.o
chIQPutI                                          flasher_build/obj/chqueues.o
                                                  flasher_build/obj/serial.o
chIQReadTimeout                                   flasher_build/obj/chqueues.o
                                                  flasher_build/obj/serial.o
chIQResetI                                        flasher_build/obj/chqueues.o
                                                  flasher_build/obj/serial.o
chMsgRelease                                      flasher_build/obj/chmsg.o
chMsgSend                                         flasher_build/obj/chmsg.o
chMsgWait                                         flasher_build/obj/chmsg.o
chMtxInit                                         flasher_build/obj/chmtx.o
                                                  flasher_build/obj/axoloti_board.o
                                                  flasher_build/obj/spi.o
                                                  flasher_build/obj/adc.o
chMtxLock                                         flasher_build/obj/chmtx.o
                                                  flasher_build/obj/axoloti_control.o
                                                  flasher_build/obj/spi.o
                                                  flasher_build/obj/adc.o
chMtxLockS                                        flasher_build/obj/chmtx.o
chMtxTryLock                                      flasher_build/obj/chmtx.o
chMtxTryLockS                                     flasher_build/obj/chmtx.o
chMtxUnlock                                       flasher_build/obj/chmtx.o
                                                  flasher_build/obj/axoloti_control.o
                                                  flasher_build/obj/spi.o
                                                  flasher_build/obj/adc.o
chMtxUnlockAll                                    flasher_build/obj/chmtx.o
chMtxUnlockS                                      flasher_build/obj/chmtx.o
chOQGetI                                          flasher_build/obj/chqueues.o
                                                  flasher_build/obj/serial_lld.o
                                                  flasher_build/obj/serial.o
chOQInit                                          flasher_build/obj/chqueues.o
                                                  flasher_build/obj/serial.o
chOQPutTimeout                                    flasher_build/obj/chqueues.o
                                                  flasher_build/obj/main.o
                                                  flasher_build/obj/serial.o
chOQResetI                                        flasher_build/obj/chqueues.o
                                                  flasher_build/obj/serial.o
chOQWriteTimeout                                  flasher_build/obj/chqueues.o
                                                  flasher_build/obj/serial.o
chRegFirstThread                                  flasher_build/obj/chregistry.o
chRegNextThread                                   flasher_build/obj/chregistry.o
chSchDoReschedule                                 flasher_build/obj/chschd.o
                                                  flasher_build/obj/chcore_v7m.o
chSchDoRescheduleAhead                            flasher_build/obj/chschd.o
chSchDoRescheduleBehind                           flasher_build/obj/chschd.o
                                                  flasher_build/obj/chthreads.o
chSchGoSleepS                                     flasher_build/obj/chschd.o
                                                  flasher_build/obj/spi.o
                                                  flasher_build/obj/adc.o
                                                  flasher_build/obj/chmsg.o
                                                  flasher_build/obj/chevents.o
                                                  flasher_build/obj/chmtx.o
                                                  flasher_build/obj/chsem.o
                                                  flasher_build/obj/chthreads.o